<!doctype html public "-//w3c//dtd html 4.0 transitional//en">
<html><head>
<title>Static Call Graph - [..\Output\MyTestPro.axf]</title></head>
<body><HR>
<H1>Static Call Graph for image ..\Output\MyTestPro.axf</H1><HR>
<BR><P>#&#060CALLGRAPH&#062# ARM Linker, 5.03 [Build 76]: Last Updated: Tue Nov 05 16:44:08 2019
<BR><P>
<H3>Maximum Stack Usage =       2168 bytes + Unknown(Functions without stacksize, Cycles, Untraceable Function Pointers)</H3><H3>
Call chain for Maximum Stack Depth:</H3>
Select_MusicLine &rArr;  Music_Play (Cycle)
<P>
<H3>
Functions with no stack information
</H3><UL>
 <LI><a href="#[3c]">__user_initial_stackheap</a>
</UL>
</UL>
<P>
<H3>
Mutually Recursive functions
</H3> <LI><a href="#[9]">NMI_Handler</a>&nbsp;&nbsp;&nbsp;&rArr;&nbsp;&nbsp;&nbsp;<a href="#[9]">NMI_Handler</a><BR>
 <LI><a href="#[a]">HardFault_Handler</a>&nbsp;&nbsp;&nbsp;&rArr;&nbsp;&nbsp;&nbsp;<a href="#[a]">HardFault_Handler</a><BR>
 <LI><a href="#[b]">MemManage_Handler</a>&nbsp;&nbsp;&nbsp;&rArr;&nbsp;&nbsp;&nbsp;<a href="#[b]">MemManage_Handler</a><BR>
 <LI><a href="#[c]">BusFault_Handler</a>&nbsp;&nbsp;&nbsp;&rArr;&nbsp;&nbsp;&nbsp;<a href="#[c]">BusFault_Handler</a><BR>
 <LI><a href="#[d]">UsageFault_Handler</a>&nbsp;&nbsp;&nbsp;&rArr;&nbsp;&nbsp;&nbsp;<a href="#[d]">UsageFault_Handler</a><BR>
 <LI><a href="#[e]">SVC_Handler</a>&nbsp;&nbsp;&nbsp;&rArr;&nbsp;&nbsp;&nbsp;<a href="#[e]">SVC_Handler</a><BR>
 <LI><a href="#[f]">DebugMon_Handler</a>&nbsp;&nbsp;&nbsp;&rArr;&nbsp;&nbsp;&nbsp;<a href="#[f]">DebugMon_Handler</a><BR>
 <LI><a href="#[10]">PendSV_Handler</a>&nbsp;&nbsp;&nbsp;&rArr;&nbsp;&nbsp;&nbsp;<a href="#[10]">PendSV_Handler</a><BR>
 <LI><a href="#[11]">SysTick_Handler</a>&nbsp;&nbsp;&nbsp;&rArr;&nbsp;&nbsp;&nbsp;<a href="#[11]">SysTick_Handler</a><BR>
 <LI><a href="#[1b]">Select_MusicLine</a>&nbsp;&nbsp;&nbsp;&rArr;&nbsp;&nbsp;&nbsp;<a href="#[1e]">Music_Play</a><BR>
 <LI><a href="#[1b3]">MP3_PlaySong</a>&nbsp;&nbsp;&nbsp;&rArr;&nbsp;&nbsp;&nbsp;<a href="#[1e]">Music_Play</a><BR>
</UL>
<P>
<H3>
Function Pointers
</H3><UL>
 <LI><a href="#[22]">Add_Clock</a> from colock.o(.text) referenced from my_function.o(.text)
 <LI><a href="#[c]">BusFault_Handler</a> from startup_stm32f10x_hd.o(.text) referenced from startup_stm32f10x_hd.o(RESET)
 <LI><a href="#[16]">CLock_Manager</a> from colock.o(.text) referenced from main.o(.text)
 <LI><a href="#[bd]">Clock_Sound</a> from colock.o(.text) referenced from colock.o(.text)
 <LI><a href="#[15]">DHT11_Show_T_H</a> from dht11.o(.text) referenced 2 times from main.o(.text)
 <LI><a href="#[f]">DebugMon_Handler</a> from startup_stm32f10x_hd.o(.text) referenced from startup_stm32f10x_hd.o(RESET)
 <LI><a href="#[f3]">EXTI0_IRQHandler</a> from irq.o(.text) referenced from irq.o(.text)
 <LI><a href="#[f5]">EXTI2_IRQHandler</a> from irq.o(.text) referenced from irq.o(.text)
 <LI><a href="#[f6]">EXTI3_IRQHandler</a> from irq.o(.text) referenced from irq.o(.text)
 <LI><a href="#[f7]">EXTI4_IRQHandler</a> from irq.o(.text) referenced from irq.o(.text)
 <LI><a href="#[ab]">Exit</a> from my_function.o(.text) referenced 4 times from my_function.o(.text)
 <LI><a href="#[a]">HardFault_Handler</a> from startup_stm32f10x_hd.o(.text) referenced from startup_stm32f10x_hd.o(RESET)
 <LI><a href="#[12]">IRQ_Desacth</a> from irq.o(.text) referenced 60 times from startup_stm32f10x_hd.o(RESET)
 <LI><a href="#[18]">LED_Cursor</a> from keyboard.o(.text) referenced from my_function.o(.text)
 <LI><a href="#[b]">MemManage_Handler</a> from startup_stm32f10x_hd.o(.text) referenced from startup_stm32f10x_hd.o(RESET)
 <LI><a href="#[1c]">Music_Delete</a> from my_music.o(.text) referenced from my_function.o(.text)
 <LI><a href="#[1d]">Music_Last</a> from my_music.o(.text) referenced from my_function.o(.text)
 <LI><a href="#[1f]">Music_Next</a> from my_music.o(.text) referenced from my_function.o(.text)
 <LI><a href="#[1e]">Music_Play</a> from my_music.o(.text) referenced from my_function.o(.text)
 <LI><a href="#[ae]">Music_Rename</a> from my_function.o(.text) referenced from my_function.o(.text)
 <LI><a href="#[20]">Music_Volume</a> from my_music.o(.text) referenced from my_function.o(.text)
 <LI><a href="#[2f]">My_Cancel</a> from colock.o(.text) referenced from my_function.o(.text)
 <LI><a href="#[23]">My_ChangeClock</a> from colock.o(.text) referenced from my_function.o(.text)
 <LI><a href="#[27]">My_ChangeHour_Down</a> from colock.o(.text) referenced from my_function.o(.text)
 <LI><a href="#[28]">My_ChangeHour_Up</a> from colock.o(.text) referenced from my_function.o(.text)
 <LI><a href="#[29]">My_ChangeMin_Down</a> from colock.o(.text) referenced from my_function.o(.text)
 <LI><a href="#[2a]">My_ChangeMin_Up</a> from colock.o(.text) referenced from my_function.o(.text)
 <LI><a href="#[2b]">My_ChangeRepeat_Daily</a> from colock.o(.text) referenced from my_function.o(.text)
 <LI><a href="#[2c]">My_ChangeRepeat_OnlyOne</a> from colock.o(.text) referenced from my_function.o(.text)
 <LI><a href="#[2d]">My_ChangeRing_KC</a> from colock.o(.text) referenced from my_function.o(.text)
 <LI><a href="#[2e]">My_ChangeRing_ZX</a> from colock.o(.text) referenced from my_function.o(.text)
 <LI><a href="#[25]">My_DeleteClock</a> from colock.o(.text) referenced from my_function.o(.text)
 <LI><a href="#[26]">My_DeleteClock2</a> from colock.o(.text) referenced from my_function.o(.text)
 <LI><a href="#[19]">My_LED</a> from led.o(.text) referenced from my_function.o(.text)
 <LI><a href="#[1a]">My_MusicAdd</a> from my_music.o(.text) referenced from my_function.o(.text)
 <LI><a href="#[24]">My_OpenClock</a> from colock.o(.text) referenced from my_function.o(.text)
 <LI><a href="#[30]">My_Save</a> from colock.o(.text) referenced from my_function.o(.text)
 <LI><a href="#[9]">NMI_Handler</a> from startup_stm32f10x_hd.o(.text) referenced from startup_stm32f10x_hd.o(RESET)
 <LI><a href="#[10]">PendSV_Handler</a> from startup_stm32f10x_hd.o(.text) referenced from startup_stm32f10x_hd.o(RESET)
 <LI><a href="#[136]">RTC_pHandle</a> from rrtc.o(.text) referenced from rrtc.o(.text)
 <LI><a href="#[21]">Rename_Exit</a> from my_music.o(.text) referenced from my_function.o(.text)
 <LI><a href="#[3a]">Reset_Handler</a> from startup_stm32f10x_hd.o(.text) referenced from startup_stm32f10x_hd.o(RESET)
 <LI><a href="#[e]">SVC_Handler</a> from startup_stm32f10x_hd.o(.text) referenced from startup_stm32f10x_hd.o(RESET)
 <LI><a href="#[1b]">Select_MusicLine</a> from my_music.o(.text) referenced from my_function.o(.text)
 <LI><a href="#[11]">SysTick_Handler</a> from startup_stm32f10x_hd.o(.text) referenced from startup_stm32f10x_hd.o(RESET)
 <LI><a href="#[13]">SystemInit</a> from system_init.o(.text) referenced from startup_stm32f10x_hd.o(.text)
 <LI><a href="#[17]">TIMER_TS_Manager</a> from time_irq.o(.text) referenced from main.o(.text)
 <LI><a href="#[b5]">Txt_Event</a> from my_function.o(.text) referenced from my_function.o(.text)
 <LI><a href="#[12d]">USART1_pHandle</a> from usart1.o(.text) referenced from usart1.o(.text)
 <LI><a href="#[d]">UsageFault_Handler</a> from startup_stm32f10x_hd.o(.text) referenced from startup_stm32f10x_hd.o(RESET)
 <LI><a href="#[3b]">__main</a> from __main.o(!!!main) referenced from startup_stm32f10x_hd.o(.text)
 <LI><a href="#[37]">_get_lc_ctype</a> from lc_ctype_c.o(locale$$code) referenced from rt_ctype_table.o(.text)
 <LI><a href="#[34]">_printf_input_char</a> from _printf_char_common.o(.text) referenced from _printf_char_common.o(.text)
 <LI><a href="#[33]">_sbackspace</a> from _sgetc.o(.text) referenced from __0sscanf.o(.text)
 <LI><a href="#[35]">_scanf_char_input</a> from scanf_char.o(.text) referenced from scanf_char.o(.text)
 <LI><a href="#[32]">_sgetc</a> from _sgetc.o(.text) referenced from __0sscanf.o(.text)
 <LI><a href="#[31]">_sputc</a> from _sputc.o(.text) referenced from noretval__2sprintf.o(.text)
 <LI><a href="#[b2]">colock_Event</a> from my_function.o(.text) referenced from my_function.o(.text)
 <LI><a href="#[36]">isspace</a> from isspace.o(.text) referenced from scanf_char.o(.text)
 <LI><a href="#[d1]">kong</a> from my_music.o(.text) referenced 9 times from my_music.o(.text)
 <LI><a href="#[b4]">music_Event</a> from my_function.o(.text) referenced from my_function.o(.text)
 <LI><a href="#[38]">my_mem_init</a> from malloc.o(.text) referenced from malloc.o(.data)
 <LI><a href="#[39]">my_mem_perused</a> from malloc.o(.text) referenced from malloc.o(.data)
 <LI><a href="#[b3]">temperature_Event</a> from my_function.o(.text) referenced from my_function.o(.text)
</UL>
<P>
<H3>
Global Symbols
</H3>
<P><STRONG><a name="[3b]"></a>__main</STRONG> (Thumb, 8 bytes, Stack size 0 bytes, __main.o(!!!main))
<BR><BR>[Calls]<UL><LI><a href="#[3e]">&gt;&gt;</a>&nbsp;&nbsp;&nbsp;__rt_entry
<LI><a href="#[3d]">&gt;&gt;</a>&nbsp;&nbsp;&nbsp;__scatterload
</UL>

<P><STRONG><a name="[3d]"></a>__scatterload</STRONG> (Thumb, 0 bytes, Stack size unknown bytes, __scatter.o(!!!scatter))
<BR><BR>[Called By]<UL><LI><a href="#[3b]">&gt;&gt;</a>&nbsp;&nbsp;&nbsp;__main
</UL>

<P><STRONG><a name="[3f]"></a>__scatterload_rt2</STRONG> (Thumb, 44 bytes, Stack size unknown bytes, __scatter.o(!!!scatter), UNUSED)
<BR><BR>[Calls]<UL><LI><a href="#[3e]">&gt;&gt;</a>&nbsp;&nbsp;&nbsp;__rt_entry
</UL>

<P><STRONG><a name="[1f3]"></a>__scatterload_rt2_thumb_only</STRONG> (Thumb, 0 bytes, Stack size unknown bytes, __scatter.o(!!!scatter), UNUSED)

<P><STRONG><a name="[1f4]"></a>__scatterload_null</STRONG> (Thumb, 0 bytes, Stack size unknown bytes, __scatter.o(!!!scatter), UNUSED)

<P><STRONG><a name="[40]"></a>__scatterload_copy</STRONG> (Thumb, 26 bytes, Stack size unknown bytes, __scatter_copy.o(!!handler_copy), UNUSED)
<BR><BR>[Calls]<UL><LI><a href="#[40]">&gt;&gt;</a>&nbsp;&nbsp;&nbsp;__scatterload_copy
</UL>
<BR>[Called By]<UL><LI><a href="#[40]">&gt;&gt;</a>&nbsp;&nbsp;&nbsp;__scatterload_copy
</UL>

<P><STRONG><a name="[1f5]"></a>__scatterload_zeroinit</STRONG> (Thumb, 28 bytes, Stack size unknown bytes, __scatter_zi.o(!!handler_zi), UNUSED)

<P><STRONG><a name="[41]"></a>_printf_d</STRONG> (Thumb, 0 bytes, Stack size unknown bytes, _printf_d.o(.ARM.Collect$$_printf_percent$$00000009))
<BR><BR>[Stack]<UL><LI>Max Depth = 72 + Unknown Stack Size
<LI>Call Chain = _printf_d &rArr; _printf_int_dec &rArr; _printf_int_common &rArr; _printf_post_padding
</UL>
<BR>[Calls]<UL><LI><a href="#[42]">&gt;&gt;</a>&nbsp;&nbsp;&nbsp;_printf_int_dec
</UL>

<P><STRONG><a name="[1cf]"></a>_printf_percent</STRONG> (Thumb, 0 bytes, Stack size unknown bytes, _printf_percent.o(.ARM.Collect$$_printf_percent$$00000000))
<BR><BR>[Called By]<UL><LI><a href="#[1cd]">&gt;&gt;</a>&nbsp;&nbsp;&nbsp;__printf
</UL>

<P><STRONG><a name="[43]"></a>_printf_x</STRONG> (Thumb, 0 bytes, Stack size unknown bytes, _printf_x.o(.ARM.Collect$$_printf_percent$$0000000C))
<BR><BR>[Stack]<UL><LI>Max Depth = 64 + Unknown Stack Size
<LI>Call Chain = _printf_x &rArr; _printf_int_hex &rArr; _printf_int_common &rArr; _printf_post_padding
</UL>
<BR>[Calls]<UL><LI><a href="#[44]">&gt;&gt;</a>&nbsp;&nbsp;&nbsp;_printf_int_hex
</UL>

<P><STRONG><a name="[45]"></a>_printf_s</STRONG> (Thumb, 0 bytes, Stack size unknown bytes, _printf_s.o(.ARM.Collect$$_printf_percent$$00000014))
<BR><BR>[Stack]<UL><LI>Max Depth = 40 + Unknown Stack Size
<LI>Call Chain = _printf_s &rArr; _printf_string &rArr; _printf_cs_common &rArr; _printf_str &rArr; _printf_post_padding
</UL>
<BR>[Calls]<UL><LI><a href="#[46]">&gt;&gt;</a>&nbsp;&nbsp;&nbsp;_printf_string
</UL>

<P><STRONG><a name="[1f6]"></a>_printf_percent_end</STRONG> (Thumb, 0 bytes, Stack size unknown bytes, _printf_percent_end.o(.ARM.Collect$$_printf_percent$$00000017))

<P><STRONG><a name="[4f]"></a>__rt_lib_init</STRONG> (Thumb, 0 bytes, Stack size unknown bytes, libinit.o(.ARM.Collect$$libinit$$00000000))
<BR><BR>[Called By]<UL><LI><a href="#[4e]">&gt;&gt;</a>&nbsp;&nbsp;&nbsp;__rt_entry_li
</UL>

<P><STRONG><a name="[1f7]"></a>__rt_lib_init_fp_1</STRONG> (Thumb, 0 bytes, Stack size unknown bytes, libinit2.o(.ARM.Collect$$libinit$$00000002))

<P><STRONG><a name="[47]"></a>__rt_lib_init_heap_2</STRONG> (Thumb, 0 bytes, Stack size unknown bytes, libinit2.o(.ARM.Collect$$libinit$$00000003))
<BR><BR>[Stack]<UL><LI>Max Depth = 64 + Unknown Stack Size
<LI>Call Chain = __rt_lib_init_heap_2 &rArr; _init_alloc &rArr; __rt_SIGRTMEM &rArr; __rt_SIGRTMEM_inner &rArr; __default_signal_display &rArr; _ttywrch
</UL>
<BR>[Calls]<UL><LI><a href="#[48]">&gt;&gt;</a>&nbsp;&nbsp;&nbsp;_init_alloc
</UL>

<P><STRONG><a name="[1f8]"></a>__rt_lib_init_heap_1</STRONG> (Thumb, 0 bytes, Stack size unknown bytes, libinit2.o(.ARM.Collect$$libinit$$00000008))

<P><STRONG><a name="[49]"></a>__rt_lib_init_lc_common</STRONG> (Thumb, 0 bytes, Stack size unknown bytes, libinit2.o(.ARM.Collect$$libinit$$0000000D))
<BR><BR>[Calls]<UL><LI><a href="#[4a]">&gt;&gt;</a>&nbsp;&nbsp;&nbsp;__rt_locale
</UL>

<P><STRONG><a name="[1f9]"></a>__rt_lib_init_rand_1</STRONG> (Thumb, 0 bytes, Stack size unknown bytes, libinit2.o(.ARM.Collect$$libinit$$0000000C))

<P><STRONG><a name="[1fa]"></a>__rt_lib_init_user_alloc_1</STRONG> (Thumb, 0 bytes, Stack size unknown bytes, libinit2.o(.ARM.Collect$$libinit$$0000000A))

<P><STRONG><a name="[1fb]"></a>__rt_lib_init_lc_collate_1</STRONG> (Thumb, 0 bytes, Stack size unknown bytes, libinit2.o(.ARM.Collect$$libinit$$0000000F))

<P><STRONG><a name="[4b]"></a>__rt_lib_init_lc_ctype_2</STRONG> (Thumb, 0 bytes, Stack size unknown bytes, libinit2.o(.ARM.Collect$$libinit$$00000010))
<BR><BR>[Stack]<UL><LI>Max Depth = 8 + Unknown Stack Size
<LI>Call Chain = __rt_lib_init_lc_ctype_2 &rArr; _get_lc_ctype
</UL>
<BR>[Calls]<UL><LI><a href="#[37]">&gt;&gt;</a>&nbsp;&nbsp;&nbsp;_get_lc_ctype
</UL>

<P><STRONG><a name="[1fc]"></a>__rt_lib_init_alloca_1</STRONG> (Thumb, 0 bytes, Stack size unknown bytes, libinit2.o(.ARM.Collect$$libinit$$0000002C))

<P><STRONG><a name="[1fd]"></a>__rt_lib_init_argv_1</STRONG> (Thumb, 0 bytes, Stack size unknown bytes, libinit2.o(.ARM.Collect$$libinit$$0000002A))

<P><STRONG><a name="[1fe]"></a>__rt_lib_init_atexit_1</STRONG> (Thumb, 0 bytes, Stack size unknown bytes, libinit2.o(.ARM.Collect$$libinit$$00000019))

<P><STRONG><a name="[1ff]"></a>__rt_lib_init_clock_1</STRONG> (Thumb, 0 bytes, Stack size unknown bytes, libinit2.o(.ARM.Collect$$libinit$$0000001F))

<P><STRONG><a name="[200]"></a>__rt_lib_init_cpp_1</STRONG> (Thumb, 0 bytes, Stack size unknown bytes, libinit2.o(.ARM.Collect$$libinit$$00000030))

<P><STRONG><a name="[201]"></a>__rt_lib_init_exceptions_1</STRONG> (Thumb, 0 bytes, Stack size unknown bytes, libinit2.o(.ARM.Collect$$libinit$$0000002E))

<P><STRONG><a name="[202]"></a>__rt_lib_init_fp_trap_1</STRONG> (Thumb, 0 bytes, Stack size unknown bytes, libinit2.o(.ARM.Collect$$libinit$$0000001D))

<P><STRONG><a name="[203]"></a>__rt_lib_init_getenv_1</STRONG> (Thumb, 0 bytes, Stack size unknown bytes, libinit2.o(.ARM.Collect$$libinit$$00000021))

<P><STRONG><a name="[204]"></a>__rt_lib_init_lc_ctype_1</STRONG> (Thumb, 0 bytes, Stack size unknown bytes, libinit2.o(.ARM.Collect$$libinit$$00000011))

<P><STRONG><a name="[205]"></a>__rt_lib_init_lc_monetary_1</STRONG> (Thumb, 0 bytes, Stack size unknown bytes, libinit2.o(.ARM.Collect$$libinit$$00000013))

<P><STRONG><a name="[206]"></a>__rt_lib_init_lc_numeric_1</STRONG> (Thumb, 0 bytes, Stack size unknown bytes, libinit2.o(.ARM.Collect$$libinit$$00000015))

<P><STRONG><a name="[207]"></a>__rt_lib_init_lc_time_1</STRONG> (Thumb, 0 bytes, Stack size unknown bytes, libinit2.o(.ARM.Collect$$libinit$$00000017))

<P><STRONG><a name="[208]"></a>__rt_lib_init_return</STRONG> (Thumb, 0 bytes, Stack size unknown bytes, libinit2.o(.ARM.Collect$$libinit$$00000031))

<P><STRONG><a name="[209]"></a>__rt_lib_init_signal_1</STRONG> (Thumb, 0 bytes, Stack size unknown bytes, libinit2.o(.ARM.Collect$$libinit$$0000001B))

<P><STRONG><a name="[20a]"></a>__rt_lib_init_stdio_1</STRONG> (Thumb, 0 bytes, Stack size unknown bytes, libinit2.o(.ARM.Collect$$libinit$$00000023))

<P><STRONG><a name="[54]"></a>__rt_lib_shutdown</STRONG> (Thumb, 0 bytes, Stack size unknown bytes, libshutdown.o(.ARM.Collect$$libshutdown$$00000000))
<BR><BR>[Called By]<UL><LI><a href="#[53]">&gt;&gt;</a>&nbsp;&nbsp;&nbsp;__rt_exit_ls
</UL>

<P><STRONG><a name="[20b]"></a>__rt_lib_shutdown_fp_trap_1</STRONG> (Thumb, 0 bytes, Stack size unknown bytes, libshutdown2.o(.ARM.Collect$$libshutdown$$00000006))

<P><STRONG><a name="[20c]"></a>__rt_lib_shutdown_heap_1</STRONG> (Thumb, 0 bytes, Stack size unknown bytes, libshutdown2.o(.ARM.Collect$$libshutdown$$0000000E))

<P><STRONG><a name="[20d]"></a>__rt_lib_shutdown_return</STRONG> (Thumb, 0 bytes, Stack size unknown bytes, libshutdown2.o(.ARM.Collect$$libshutdown$$0000000F))

<P><STRONG><a name="[20e]"></a>__rt_lib_shutdown_signal_1</STRONG> (Thumb, 0 bytes, Stack size unknown bytes, libshutdown2.o(.ARM.Collect$$libshutdown$$00000009))

<P><STRONG><a name="[20f]"></a>__rt_lib_shutdown_stdio_1</STRONG> (Thumb, 0 bytes, Stack size unknown bytes, libshutdown2.o(.ARM.Collect$$libshutdown$$00000003))

<P><STRONG><a name="[210]"></a>__rt_lib_shutdown_user_alloc_1</STRONG> (Thumb, 0 bytes, Stack size unknown bytes, libshutdown2.o(.ARM.Collect$$libshutdown$$0000000B))

<P><STRONG><a name="[3e]"></a>__rt_entry</STRONG> (Thumb, 0 bytes, Stack size unknown bytes, rtentry.o(.ARM.Collect$$rtentry$$00000000))
<BR><BR>[Called By]<UL><LI><a href="#[3b]">&gt;&gt;</a>&nbsp;&nbsp;&nbsp;__main
<LI><a href="#[3f]">&gt;&gt;</a>&nbsp;&nbsp;&nbsp;__scatterload_rt2
</UL>

<P><STRONG><a name="[211]"></a>__rt_entry_presh_1</STRONG> (Thumb, 0 bytes, Stack size unknown bytes, rtentry2.o(.ARM.Collect$$rtentry$$00000002))

<P><STRONG><a name="[4c]"></a>__rt_entry_sh</STRONG> (Thumb, 0 bytes, Stack size unknown bytes, rtentry4.o(.ARM.Collect$$rtentry$$00000004))
<BR><BR>[Stack]<UL><LI>Max Depth = 8 + Unknown Stack Size
<LI>Call Chain = __rt_entry_sh &rArr; __user_setup_stackheap
</UL>
<BR>[Calls]<UL><LI><a href="#[4d]">&gt;&gt;</a>&nbsp;&nbsp;&nbsp;__user_setup_stackheap
</UL>

<P><STRONG><a name="[4e]"></a>__rt_entry_li</STRONG> (Thumb, 0 bytes, Stack size unknown bytes, rtentry2.o(.ARM.Collect$$rtentry$$0000000A))
<BR><BR>[Calls]<UL><LI><a href="#[4f]">&gt;&gt;</a>&nbsp;&nbsp;&nbsp;__rt_lib_init
</UL>

<P><STRONG><a name="[212]"></a>__rt_entry_postsh_1</STRONG> (Thumb, 0 bytes, Stack size unknown bytes, rtentry2.o(.ARM.Collect$$rtentry$$00000009))

<P><STRONG><a name="[50]"></a>__rt_entry_main</STRONG> (Thumb, 0 bytes, Stack size unknown bytes, rtentry2.o(.ARM.Collect$$rtentry$$0000000D))
<BR><BR>[Stack]<UL><LI>Max Depth = 1048 + Unknown Stack Size
<LI>Call Chain = __rt_entry_main &rArr; main &rArr; My_Init &rArr; Other_Init &rArr; FontUpdate &rArr; f_open &rArr; dir_register &rArr; dir_find &rArr; dir_next &rArr; create_chain &rArr; put_fat &rArr; move_window &rArr; sync_window &rArr; disk_write &rArr; EN25QXX_Write &rArr; EN25QXX_Write_NoCheck &rArr; EN25QXX_Write_Page &rArr; EN25QXX_Wait_Busy &rArr; EN25QXX_ReadSR &rArr; SPI2_ReadWriteByte
</UL>
<BR>[Calls]<UL><LI><a href="#[51]">&gt;&gt;</a>&nbsp;&nbsp;&nbsp;main
<LI><a href="#[52]">&gt;&gt;</a>&nbsp;&nbsp;&nbsp;exit
</UL>

<P><STRONG><a name="[213]"></a>__rt_entry_postli_1</STRONG> (Thumb, 0 bytes, Stack size unknown bytes, rtentry2.o(.ARM.Collect$$rtentry$$0000000C))

<P><STRONG><a name="[1e4]"></a>__rt_exit</STRONG> (Thumb, 0 bytes, Stack size unknown bytes, rtexit.o(.ARM.Collect$$rtexit$$00000000))
<BR><BR>[Called By]<UL><LI><a href="#[52]">&gt;&gt;</a>&nbsp;&nbsp;&nbsp;exit
</UL>

<P><STRONG><a name="[53]"></a>__rt_exit_ls</STRONG> (Thumb, 0 bytes, Stack size unknown bytes, rtexit2.o(.ARM.Collect$$rtexit$$00000003))
<BR><BR>[Calls]<UL><LI><a href="#[54]">&gt;&gt;</a>&nbsp;&nbsp;&nbsp;__rt_lib_shutdown
</UL>

<P><STRONG><a name="[214]"></a>__rt_exit_prels_1</STRONG> (Thumb, 0 bytes, Stack size unknown bytes, rtexit2.o(.ARM.Collect$$rtexit$$00000002))

<P><STRONG><a name="[55]"></a>__rt_exit_exit</STRONG> (Thumb, 0 bytes, Stack size unknown bytes, rtexit2.o(.ARM.Collect$$rtexit$$00000004))
<BR><BR>[Calls]<UL><LI><a href="#[56]">&gt;&gt;</a>&nbsp;&nbsp;&nbsp;_sys_exit
</UL>

<P><STRONG><a name="[3a]"></a>Reset_Handler</STRONG> (Thumb, 8 bytes, Stack size 0 bytes, startup_stm32f10x_hd.o(.text))

<P><STRONG><a name="[215]"></a>_maybe_terminate_alloc</STRONG> (Thumb, 0 bytes, Stack size 0 bytes, maybetermalloc1.o(.emb_text), UNUSED)

<P><STRONG><a name="[9]"></a>NMI_Handler</STRONG> (Thumb, 2 bytes, Stack size 0 bytes, startup_stm32f10x_hd.o(.text))
<BR><BR>[Calls]<UL><LI><a href="#[9]">&gt;&gt;</a>&nbsp;&nbsp;&nbsp;NMI_Handler
</UL>
<BR>[Called By]<UL><LI><a href="#[9]">&gt;&gt;</a>&nbsp;&nbsp;&nbsp;NMI_Handler
</UL>
<BR>[Address Reference Count : 1]<UL><LI> startup_stm32f10x_hd.o(RESET)
</UL>
<P><STRONG><a name="[a]"></a>HardFault_Handler</STRONG> (Thumb, 2 bytes, Stack size 0 bytes, startup_stm32f10x_hd.o(.text))
<BR><BR>[Calls]<UL><LI><a href="#[a]">&gt;&gt;</a>&nbsp;&nbsp;&nbsp;HardFault_Handler
</UL>
<BR>[Called By]<UL><LI><a href="#[a]">&gt;&gt;</a>&nbsp;&nbsp;&nbsp;HardFault_Handler
</UL>
<BR>[Address Reference Count : 1]<UL><LI> startup_stm32f10x_hd.o(RESET)
</UL>
<P><STRONG><a name="[b]"></a>MemManage_Handler</STRONG> (Thumb, 2 bytes, Stack size 0 bytes, startup_stm32f10x_hd.o(.text))
<BR><BR>[Calls]<UL><LI><a href="#[b]">&gt;&gt;</a>&nbsp;&nbsp;&nbsp;MemManage_Handler
</UL>
<BR>[Called By]<UL><LI><a href="#[b]">&gt;&gt;</a>&nbsp;&nbsp;&nbsp;MemManage_Handler
</UL>
<BR>[Address Reference Count : 1]<UL><LI> startup_stm32f10x_hd.o(RESET)
</UL>
<P><STRONG><a name="[c]"></a>BusFault_Handler</STRONG> (Thumb, 2 bytes, Stack size 0 bytes, startup_stm32f10x_hd.o(.text))
<BR><BR>[Calls]<UL><LI><a href="#[c]">&gt;&gt;</a>&nbsp;&nbsp;&nbsp;BusFault_Handler
</UL>
<BR>[Called By]<UL><LI><a href="#[c]">&gt;&gt;</a>&nbsp;&nbsp;&nbsp;BusFault_Handler
</UL>
<BR>[Address Reference Count : 1]<UL><LI> startup_stm32f10x_hd.o(RESET)
</UL>
<P><STRONG><a name="[d]"></a>UsageFault_Handler</STRONG> (Thumb, 2 bytes, Stack size 0 bytes, startup_stm32f10x_hd.o(.text))
<BR><BR>[Calls]<UL><LI><a href="#[d]">&gt;&gt;</a>&nbsp;&nbsp;&nbsp;UsageFault_Handler
</UL>
<BR>[Called By]<UL><LI><a href="#[d]">&gt;&gt;</a>&nbsp;&nbsp;&nbsp;UsageFault_Handler
</UL>
<BR>[Address Reference Count : 1]<UL><LI> startup_stm32f10x_hd.o(RESET)
</UL>
<P><STRONG><a name="[e]"></a>SVC_Handler</STRONG> (Thumb, 2 bytes, Stack size 0 bytes, startup_stm32f10x_hd.o(.text))
<BR><BR>[Calls]<UL><LI><a href="#[e]">&gt;&gt;</a>&nbsp;&nbsp;&nbsp;SVC_Handler
</UL>
<BR>[Called By]<UL><LI><a href="#[e]">&gt;&gt;</a>&nbsp;&nbsp;&nbsp;SVC_Handler
</UL>
<BR>[Address Reference Count : 1]<UL><LI> startup_stm32f10x_hd.o(RESET)
</UL>
<P><STRONG><a name="[f]"></a>DebugMon_Handler</STRONG> (Thumb, 2 bytes, Stack size 0 bytes, startup_stm32f10x_hd.o(.text))
<BR><BR>[Calls]<UL><LI><a href="#[f]">&gt;&gt;</a>&nbsp;&nbsp;&nbsp;DebugMon_Handler
</UL>
<BR>[Called By]<UL><LI><a href="#[f]">&gt;&gt;</a>&nbsp;&nbsp;&nbsp;DebugMon_Handler
</UL>
<BR>[Address Reference Count : 1]<UL><LI> startup_stm32f10x_hd.o(RESET)
</UL>
<P><STRONG><a name="[10]"></a>PendSV_Handler</STRONG> (Thumb, 2 bytes, Stack size 0 bytes, startup_stm32f10x_hd.o(.text))
<BR><BR>[Calls]<UL><LI><a href="#[10]">&gt;&gt;</a>&nbsp;&nbsp;&nbsp;PendSV_Handler
</UL>
<BR>[Called By]<UL><LI><a href="#[10]">&gt;&gt;</a>&nbsp;&nbsp;&nbsp;PendSV_Handler
</UL>
<BR>[Address Reference Count : 1]<UL><LI> startup_stm32f10x_hd.o(RESET)
</UL>
<P><STRONG><a name="[11]"></a>SysTick_Handler</STRONG> (Thumb, 2 bytes, Stack size 0 bytes, startup_stm32f10x_hd.o(.text))
<BR><BR>[Calls]<UL><LI><a href="#[11]">&gt;&gt;</a>&nbsp;&nbsp;&nbsp;SysTick_Handler
</UL>
<BR>[Called By]<UL><LI><a href="#[11]">&gt;&gt;</a>&nbsp;&nbsp;&nbsp;SysTick_Handler
</UL>
<BR>[Address Reference Count : 1]<UL><LI> startup_stm32f10x_hd.o(RESET)
</UL>
<P><STRONG><a name="[3c]"></a>__user_initial_stackheap</STRONG> (Thumb, 0 bytes, Stack size unknown bytes, startup_stm32f10x_hd.o(.text))
<BR><BR>[Called By]<UL><LI><a href="#[4d]">&gt;&gt;</a>&nbsp;&nbsp;&nbsp;__user_setup_stackheap
</UL>

<P><STRONG><a name="[51]"></a>main</STRONG> (Thumb, 50 bytes, Stack size 0 bytes, main.o(.text))
<BR><BR>[Stack]<UL><LI>Max Depth = 1048<LI>Call Chain = main &rArr; My_Init &rArr; Other_Init &rArr; FontUpdate &rArr; f_open &rArr; dir_register &rArr; dir_find &rArr; dir_next &rArr; create_chain &rArr; put_fat &rArr; move_window &rArr; sync_window &rArr; disk_write &rArr; EN25QXX_Write &rArr; EN25QXX_Write_NoCheck &rArr; EN25QXX_Write_Page &rArr; EN25QXX_Wait_Busy &rArr; EN25QXX_ReadSR &rArr; SPI2_ReadWriteByte
</UL>
<BR>[Calls]<UL><LI><a href="#[5a]">&gt;&gt;</a>&nbsp;&nbsp;&nbsp;TIMEx_Install
<LI><a href="#[59]">&gt;&gt;</a>&nbsp;&nbsp;&nbsp;TIMER_TS_Install
<LI><a href="#[57]">&gt;&gt;</a>&nbsp;&nbsp;&nbsp;My_Init
<LI><a href="#[5b]">&gt;&gt;</a>&nbsp;&nbsp;&nbsp;Main_Event
<LI><a href="#[58]">&gt;&gt;</a>&nbsp;&nbsp;&nbsp;Main_Background
</UL>
<BR>[Called By]<UL><LI><a href="#[50]">&gt;&gt;</a>&nbsp;&nbsp;&nbsp;__rt_entry_main
</UL>

<P><STRONG><a name="[a4]"></a>LED_Init</STRONG> (Thumb, 44 bytes, Stack size 0 bytes, led.o(.text))
<BR><BR>[Called By]<UL><LI><a href="#[a3]">&gt;&gt;</a>&nbsp;&nbsp;&nbsp;Basic_Init
</UL>

<P><STRONG><a name="[5e]"></a>LED_Open</STRONG> (Thumb, 16 bytes, Stack size 0 bytes, led.o(.text), UNUSED)
<BR><BR>[Called By]<UL><LI><a href="#[5c]">&gt;&gt;</a>&nbsp;&nbsp;&nbsp;LED_ShowNumber
</UL>

<P><STRONG><a name="[63]"></a>LED_OpenAll</STRONG> (Thumb, 14 bytes, Stack size 0 bytes, led.o(.text))
<BR><BR>[Called By]<UL><LI><a href="#[19]">&gt;&gt;</a>&nbsp;&nbsp;&nbsp;My_LED
<LI><a href="#[12d]">&gt;&gt;</a>&nbsp;&nbsp;&nbsp;USART1_pHandle
</UL>

<P><STRONG><a name="[216]"></a>LED_Close</STRONG> (Thumb, 16 bytes, Stack size 0 bytes, led.o(.text), UNUSED)

<P><STRONG><a name="[5d]"></a>LED_CloseAll</STRONG> (Thumb, 14 bytes, Stack size 0 bytes, led.o(.text))
<BR><BR>[Called By]<UL><LI><a href="#[19]">&gt;&gt;</a>&nbsp;&nbsp;&nbsp;My_LED
<LI><a href="#[5c]">&gt;&gt;</a>&nbsp;&nbsp;&nbsp;LED_ShowNumber
<LI><a href="#[12d]">&gt;&gt;</a>&nbsp;&nbsp;&nbsp;USART1_pHandle
</UL>

<P><STRONG><a name="[5c]"></a>LED_ShowNumber</STRONG> (Thumb, 390 bytes, Stack size 8 bytes, led.o(.text), UNUSED)
<BR><BR>[Calls]<UL><LI><a href="#[5d]">&gt;&gt;</a>&nbsp;&nbsp;&nbsp;LED_CloseAll
<LI><a href="#[5e]">&gt;&gt;</a>&nbsp;&nbsp;&nbsp;LED_Open
</UL>
<BR>[Called By]<UL><LI><a href="#[60]">&gt;&gt;</a>&nbsp;&nbsp;&nbsp;LED_CountDown
<LI><a href="#[5f]">&gt;&gt;</a>&nbsp;&nbsp;&nbsp;LED_Count
</UL>

<P><STRONG><a name="[5f]"></a>LED_Count</STRONG> (Thumb, 46 bytes, Stack size 4 bytes, led.o(.text), UNUSED)
<BR><BR>[Calls]<UL><LI><a href="#[5c]">&gt;&gt;</a>&nbsp;&nbsp;&nbsp;LED_ShowNumber
</UL>

<P><STRONG><a name="[60]"></a>LED_CountDown</STRONG> (Thumb, 40 bytes, Stack size 8 bytes, led.o(.text), UNUSED)
<BR><BR>[Calls]<UL><LI><a href="#[62]">&gt;&gt;</a>&nbsp;&nbsp;&nbsp;delay_ms
<LI><a href="#[61]">&gt;&gt;</a>&nbsp;&nbsp;&nbsp;SysTick_Init
<LI><a href="#[5c]">&gt;&gt;</a>&nbsp;&nbsp;&nbsp;LED_ShowNumber
</UL>

<P><STRONG><a name="[19]"></a>My_LED</STRONG> (Thumb, 60 bytes, Stack size 8 bytes, led.o(.text))
<BR><BR>[Stack]<UL><LI>Max Depth = 144<LI>Call Chain = My_LED &rArr; Busy &rArr; LCD_ShowFont12Char &rArr; EN25QXX_Read &rArr; SPI2_ReadWriteByte
</UL>
<BR>[Calls]<UL><LI><a href="#[62]">&gt;&gt;</a>&nbsp;&nbsp;&nbsp;delay_ms
<LI><a href="#[64]">&gt;&gt;</a>&nbsp;&nbsp;&nbsp;Busy
<LI><a href="#[5d]">&gt;&gt;</a>&nbsp;&nbsp;&nbsp;LED_CloseAll
<LI><a href="#[63]">&gt;&gt;</a>&nbsp;&nbsp;&nbsp;LED_OpenAll
</UL>
<BR>[Address Reference Count : 1]<UL><LI> my_function.o(.text)
</UL>
<P><STRONG><a name="[a6]"></a>Buzzer_Init</STRONG> (Thumb, 50 bytes, Stack size 0 bytes, buzzer.o(.text))
<BR><BR>[Called By]<UL><LI><a href="#[a3]">&gt;&gt;</a>&nbsp;&nbsp;&nbsp;Basic_Init
</UL>

<P><STRONG><a name="[66]"></a>Buzzer_Open</STRONG> (Thumb, 18 bytes, Stack size 0 bytes, buzzer.o(.text))
<BR><BR>[Called By]<UL><LI><a href="#[65]">&gt;&gt;</a>&nbsp;&nbsp;&nbsp;Buzzer_Lien
</UL>

<P><STRONG><a name="[68]"></a>Buzzer_Close</STRONG> (Thumb, 18 bytes, Stack size 0 bytes, buzzer.o(.text))
<BR><BR>[Called By]<UL><LI><a href="#[65]">&gt;&gt;</a>&nbsp;&nbsp;&nbsp;Buzzer_Lien
</UL>

<P><STRONG><a name="[65]"></a>Buzzer_Lien</STRONG> (Thumb, 46 bytes, Stack size 8 bytes, buzzer.o(.text))
<BR><BR>[Stack]<UL><LI>Max Depth = 8<LI>Call Chain = Buzzer_Lien
</UL>
<BR>[Calls]<UL><LI><a href="#[67]">&gt;&gt;</a>&nbsp;&nbsp;&nbsp;delay_us
<LI><a href="#[68]">&gt;&gt;</a>&nbsp;&nbsp;&nbsp;Buzzer_Close
<LI><a href="#[66]">&gt;&gt;</a>&nbsp;&nbsp;&nbsp;Buzzer_Open
<LI><a href="#[61]">&gt;&gt;</a>&nbsp;&nbsp;&nbsp;SysTick_Init
</UL>
<BR>[Called By]<UL><LI><a href="#[bd]">&gt;&gt;</a>&nbsp;&nbsp;&nbsp;Clock_Sound
<LI><a href="#[8f]">&gt;&gt;</a>&nbsp;&nbsp;&nbsp;My_test
</UL>

<P><STRONG><a name="[69]"></a>Buzzer_Lien2</STRONG> (Thumb, 64 bytes, Stack size 8 bytes, buzzer.o(.text))
<BR><BR>[Stack]<UL><LI>Max Depth = 8<LI>Call Chain = Buzzer_Lien2
</UL>
<BR>[Calls]<UL><LI><a href="#[62]">&gt;&gt;</a>&nbsp;&nbsp;&nbsp;delay_ms
<LI><a href="#[61]">&gt;&gt;</a>&nbsp;&nbsp;&nbsp;SysTick_Init
</UL>
<BR>[Called By]<UL><LI><a href="#[bd]">&gt;&gt;</a>&nbsp;&nbsp;&nbsp;Clock_Sound
</UL>

<P><STRONG><a name="[6a]"></a>KeyBorad_Init</STRONG> (Thumb, 536 bytes, Stack size 32 bytes, keyboard.o(.text))
<BR><BR>[Stack]<UL><LI>Max Depth = 96<LI>Call Chain = KeyBorad_Init &rArr; calloc &rArr; malloc &rArr; __Heap_Full &rArr; __Heap_ProvideMemory &rArr; free
</UL>
<BR>[Calls]<UL><LI><a href="#[6b]">&gt;&gt;</a>&nbsp;&nbsp;&nbsp;calloc
</UL>
<BR>[Called By]<UL><LI><a href="#[92]">&gt;&gt;</a>&nbsp;&nbsp;&nbsp;Other_Init
</UL>

<P><STRONG><a name="[6c]"></a>KeyBorad_PriKeyBorad</STRONG> (Thumb, 308 bytes, Stack size 120 bytes, keyboard.o(.text))
<BR><BR>[Stack]<UL><LI>Max Depth = 188<LI>Call Chain = KeyBorad_PriKeyBorad &rArr; LCD_ShowCharColor &rArr; LCD_DrawFRONT_COLOR &rArr; LCD_Set_Window
</UL>
<BR>[Calls]<UL><LI><a href="#[6e]">&gt;&gt;</a>&nbsp;&nbsp;&nbsp;LCD_ShowCharColor
<LI><a href="#[6d]">&gt;&gt;</a>&nbsp;&nbsp;&nbsp;__aeabi_memcpy4
</UL>
<BR>[Called By]<UL><LI><a href="#[af]">&gt;&gt;</a>&nbsp;&nbsp;&nbsp;Show_RenameBackground
<LI><a href="#[82]">&gt;&gt;</a>&nbsp;&nbsp;&nbsp;jishiben_BackGround
<LI><a href="#[79]">&gt;&gt;</a>&nbsp;&nbsp;&nbsp;KeyBoard_Touch
</UL>

<P><STRONG><a name="[6f]"></a>LCD_ShowKey</STRONG> (Thumb, 54 bytes, Stack size 32 bytes, keyboard.o(.text))
<BR><BR>[Stack]<UL><LI>Max Depth = 100<LI>Call Chain = LCD_ShowKey &rArr; LCD_ShowCharColor &rArr; LCD_DrawFRONT_COLOR &rArr; LCD_Set_Window
</UL>
<BR>[Calls]<UL><LI><a href="#[6e]">&gt;&gt;</a>&nbsp;&nbsp;&nbsp;LCD_ShowCharColor
</UL>
<BR>[Called By]<UL><LI><a href="#[79]">&gt;&gt;</a>&nbsp;&nbsp;&nbsp;KeyBoard_Touch
<LI><a href="#[70]">&gt;&gt;</a>&nbsp;&nbsp;&nbsp;LCD_ShowKeyBG
</UL>

<P><STRONG><a name="[70]"></a>LCD_ShowKeyBG</STRONG> (Thumb, 2518 bytes, Stack size 48 bytes, keyboard.o(.text))
<BR><BR>[Stack]<UL><LI>Max Depth = 184<LI>Call Chain = LCD_ShowKeyBG &rArr; LCD_ShowFont16Char &rArr; EN25QXX_Read &rArr; SPI2_ReadWriteByte
</UL>
<BR>[Calls]<UL><LI><a href="#[75]">&gt;&gt;</a>&nbsp;&nbsp;&nbsp;LCD_ShowPicture
<LI><a href="#[74]">&gt;&gt;</a>&nbsp;&nbsp;&nbsp;LCD_ShowFont16Char
<LI><a href="#[71]">&gt;&gt;</a>&nbsp;&nbsp;&nbsp;LCD_Fill
<LI><a href="#[73]">&gt;&gt;</a>&nbsp;&nbsp;&nbsp;LCD_DrawLine_Color
<LI><a href="#[72]">&gt;&gt;</a>&nbsp;&nbsp;&nbsp;LCD_DrawLine
<LI><a href="#[6f]">&gt;&gt;</a>&nbsp;&nbsp;&nbsp;LCD_ShowKey
</UL>
<BR>[Called By]<UL><LI><a href="#[af]">&gt;&gt;</a>&nbsp;&nbsp;&nbsp;Show_RenameBackground
<LI><a href="#[82]">&gt;&gt;</a>&nbsp;&nbsp;&nbsp;jishiben_BackGround
<LI><a href="#[79]">&gt;&gt;</a>&nbsp;&nbsp;&nbsp;KeyBoard_Touch
</UL>

<P><STRONG><a name="[76]"></a>Qingping</STRONG> (Thumb, 48 bytes, Stack size 40 bytes, keyboard.o(.text))
<BR><BR>[Stack]<UL><LI>Max Depth = 80<LI>Call Chain = Qingping &rArr; LCD_Fill &rArr; LCD_Set_Window
</UL>
<BR>[Calls]<UL><LI><a href="#[71]">&gt;&gt;</a>&nbsp;&nbsp;&nbsp;LCD_Fill
</UL>
<BR>[Called By]<UL><LI><a href="#[79]">&gt;&gt;</a>&nbsp;&nbsp;&nbsp;KeyBoard_Touch
<LI><a href="#[77]">&gt;&gt;</a>&nbsp;&nbsp;&nbsp;Huanghang
</UL>

<P><STRONG><a name="[77]"></a>Huanghang</STRONG> (Thumb, 80 bytes, Stack size 48 bytes, keyboard.o(.text))
<BR><BR>[Stack]<UL><LI>Max Depth = 128<LI>Call Chain = Huanghang &rArr; Qingping &rArr; LCD_Fill &rArr; LCD_Set_Window
</UL>
<BR>[Calls]<UL><LI><a href="#[6e]">&gt;&gt;</a>&nbsp;&nbsp;&nbsp;LCD_ShowCharColor
<LI><a href="#[76]">&gt;&gt;</a>&nbsp;&nbsp;&nbsp;Qingping
</UL>
<BR>[Called By]<UL><LI><a href="#[79]">&gt;&gt;</a>&nbsp;&nbsp;&nbsp;KeyBoard_Touch
</UL>

<P><STRONG><a name="[78]"></a>Delect</STRONG> (Thumb, 108 bytes, Stack size 40 bytes, keyboard.o(.text))
<BR><BR>[Stack]<UL><LI>Max Depth = 108<LI>Call Chain = Delect &rArr; LCD_ShowCharColor &rArr; LCD_DrawFRONT_COLOR &rArr; LCD_Set_Window
</UL>
<BR>[Calls]<UL><LI><a href="#[6e]">&gt;&gt;</a>&nbsp;&nbsp;&nbsp;LCD_ShowCharColor
</UL>
<BR>[Called By]<UL><LI><a href="#[79]">&gt;&gt;</a>&nbsp;&nbsp;&nbsp;KeyBoard_Touch
</UL>

<P><STRONG><a name="[79]"></a>KeyBoard_Touch</STRONG> (Thumb, 2748 bytes, Stack size 32 bytes, keyboard.o(.text))
<BR><BR>[Stack]<UL><LI>Max Depth = 220 + Unknown Stack Size
<LI>Call Chain = KeyBoard_Touch &rArr; KeyBorad_PriKeyBorad &rArr; LCD_ShowCharColor &rArr; LCD_DrawFRONT_COLOR &rArr; LCD_Set_Window
</UL>
<BR>[Calls]<UL><LI><a href="#[75]">&gt;&gt;</a>&nbsp;&nbsp;&nbsp;LCD_ShowPicture
<LI><a href="#[74]">&gt;&gt;</a>&nbsp;&nbsp;&nbsp;LCD_ShowFont16Char
<LI><a href="#[6e]">&gt;&gt;</a>&nbsp;&nbsp;&nbsp;LCD_ShowCharColor
<LI><a href="#[71]">&gt;&gt;</a>&nbsp;&nbsp;&nbsp;LCD_Fill
<LI><a href="#[7b]">&gt;&gt;</a>&nbsp;&nbsp;&nbsp;ChangName
<LI><a href="#[78]">&gt;&gt;</a>&nbsp;&nbsp;&nbsp;Delect
<LI><a href="#[77]">&gt;&gt;</a>&nbsp;&nbsp;&nbsp;Huanghang
<LI><a href="#[76]">&gt;&gt;</a>&nbsp;&nbsp;&nbsp;Qingping
<LI><a href="#[70]">&gt;&gt;</a>&nbsp;&nbsp;&nbsp;LCD_ShowKeyBG
<LI><a href="#[6f]">&gt;&gt;</a>&nbsp;&nbsp;&nbsp;LCD_ShowKey
<LI><a href="#[6c]">&gt;&gt;</a>&nbsp;&nbsp;&nbsp;KeyBorad_PriKeyBorad
<LI><a href="#[62]">&gt;&gt;</a>&nbsp;&nbsp;&nbsp;delay_ms
<LI><a href="#[7a]">&gt;&gt;</a>&nbsp;&nbsp;&nbsp;__aeabi_memset
</UL>
<BR>[Called By]<UL><LI><a href="#[b5]">&gt;&gt;</a>&nbsp;&nbsp;&nbsp;Txt_Event
<LI><a href="#[ae]">&gt;&gt;</a>&nbsp;&nbsp;&nbsp;Music_Rename
</UL>

<P><STRONG><a name="[18]"></a>LED_Cursor</STRONG> (Thumb, 74 bytes, Stack size 16 bytes, keyboard.o(.text))
<BR><BR>[Stack]<UL><LI>Max Depth = 84<LI>Call Chain = LED_Cursor &rArr; LCD_ShowCharColor &rArr; LCD_DrawFRONT_COLOR &rArr; LCD_Set_Window
</UL>
<BR>[Calls]<UL><LI><a href="#[6e]">&gt;&gt;</a>&nbsp;&nbsp;&nbsp;LCD_ShowCharColor
</UL>
<BR>[Address Reference Count : 1]<UL><LI> my_function.o(.text)
</UL>
<P><STRONG><a name="[7c]"></a>Iocn</STRONG> (Thumb, 80 bytes, Stack size 40 bytes, my_view.o(.text))
<BR><BR>[Stack]<UL><LI>Max Depth = 176<LI>Call Chain = Iocn &rArr; LCD_ShowFont16Char &rArr; EN25QXX_Read &rArr; SPI2_ReadWriteByte
</UL>
<BR>[Calls]<UL><LI><a href="#[75]">&gt;&gt;</a>&nbsp;&nbsp;&nbsp;LCD_ShowPicture
<LI><a href="#[74]">&gt;&gt;</a>&nbsp;&nbsp;&nbsp;LCD_ShowFont16Char
<LI><a href="#[7d]">&gt;&gt;</a>&nbsp;&nbsp;&nbsp;strlen
</UL>
<BR>[Called By]<UL><LI><a href="#[1b]">&gt;&gt;</a>&nbsp;&nbsp;&nbsp;Select_MusicLine
<LI><a href="#[1e]">&gt;&gt;</a>&nbsp;&nbsp;&nbsp;Music_Play
<LI><a href="#[1f]">&gt;&gt;</a>&nbsp;&nbsp;&nbsp;Music_Next
<LI><a href="#[1d]">&gt;&gt;</a>&nbsp;&nbsp;&nbsp;Music_Last
<LI><a href="#[85]">&gt;&gt;</a>&nbsp;&nbsp;&nbsp;Show_Music_Library
<LI><a href="#[7e]">&gt;&gt;</a>&nbsp;&nbsp;&nbsp;Main_Iocn
<LI><a href="#[1b3]">&gt;&gt;</a>&nbsp;&nbsp;&nbsp;MP3_PlaySong
</UL>

<P><STRONG><a name="[7e]"></a>Main_Iocn</STRONG> (Thumb, 154 bytes, Stack size 24 bytes, my_view.o(.text))
<BR><BR>[Stack]<UL><LI>Max Depth = 200<LI>Call Chain = Main_Iocn &rArr; Iocn &rArr; LCD_ShowFont16Char &rArr; EN25QXX_Read &rArr; SPI2_ReadWriteByte
</UL>
<BR>[Calls]<UL><LI><a href="#[7c]">&gt;&gt;</a>&nbsp;&nbsp;&nbsp;Iocn
</UL>
<BR>[Called By]<UL><LI><a href="#[58]">&gt;&gt;</a>&nbsp;&nbsp;&nbsp;Main_Background
</UL>

<P><STRONG><a name="[58]"></a>Main_Background</STRONG> (Thumb, 106 bytes, Stack size 8 bytes, my_view.o(.text))
<BR><BR>[Stack]<UL><LI>Max Depth = 208<LI>Call Chain = Main_Background &rArr; Main_Iocn &rArr; Iocn &rArr; LCD_ShowFont16Char &rArr; EN25QXX_Read &rArr; SPI2_ReadWriteByte
</UL>
<BR>[Calls]<UL><LI><a href="#[80]">&gt;&gt;</a>&nbsp;&nbsp;&nbsp;LCD_ShowFont12Char
<LI><a href="#[7f]">&gt;&gt;</a>&nbsp;&nbsp;&nbsp;LCD_Clear
<LI><a href="#[81]">&gt;&gt;</a>&nbsp;&nbsp;&nbsp;Free
<LI><a href="#[7e]">&gt;&gt;</a>&nbsp;&nbsp;&nbsp;Main_Iocn
<LI><a href="#[71]">&gt;&gt;</a>&nbsp;&nbsp;&nbsp;LCD_Fill
</UL>
<BR>[Called By]<UL><LI><a href="#[5b]">&gt;&gt;</a>&nbsp;&nbsp;&nbsp;Main_Event
<LI><a href="#[51]">&gt;&gt;</a>&nbsp;&nbsp;&nbsp;main
</UL>

<P><STRONG><a name="[82]"></a>jishiben_BackGround</STRONG> (Thumb, 92 bytes, Stack size 8 bytes, my_view.o(.text))
<BR><BR>[Stack]<UL><LI>Max Depth = 196<LI>Call Chain = jishiben_BackGround &rArr; KeyBorad_PriKeyBorad &rArr; LCD_ShowCharColor &rArr; LCD_DrawFRONT_COLOR &rArr; LCD_Set_Window
</UL>
<BR>[Calls]<UL><LI><a href="#[75]">&gt;&gt;</a>&nbsp;&nbsp;&nbsp;LCD_ShowPicture
<LI><a href="#[74]">&gt;&gt;</a>&nbsp;&nbsp;&nbsp;LCD_ShowFont16Char
<LI><a href="#[71]">&gt;&gt;</a>&nbsp;&nbsp;&nbsp;LCD_Fill
<LI><a href="#[73]">&gt;&gt;</a>&nbsp;&nbsp;&nbsp;LCD_DrawLine_Color
<LI><a href="#[70]">&gt;&gt;</a>&nbsp;&nbsp;&nbsp;LCD_ShowKeyBG
<LI><a href="#[6c]">&gt;&gt;</a>&nbsp;&nbsp;&nbsp;KeyBorad_PriKeyBorad
</UL>
<BR>[Called By]<UL><LI><a href="#[b5]">&gt;&gt;</a>&nbsp;&nbsp;&nbsp;Txt_Event
</UL>

<P><STRONG><a name="[83]"></a>temperature_BackGround</STRONG> (Thumb, 72 bytes, Stack size 8 bytes, my_view.o(.text))
<BR><BR>[Stack]<UL><LI>Max Depth = 144<LI>Call Chain = temperature_BackGround &rArr; LCD_ShowFont16Char &rArr; EN25QXX_Read &rArr; SPI2_ReadWriteByte
</UL>
<BR>[Calls]<UL><LI><a href="#[75]">&gt;&gt;</a>&nbsp;&nbsp;&nbsp;LCD_ShowPicture
<LI><a href="#[74]">&gt;&gt;</a>&nbsp;&nbsp;&nbsp;LCD_ShowFont16Char
<LI><a href="#[71]">&gt;&gt;</a>&nbsp;&nbsp;&nbsp;LCD_Fill
<LI><a href="#[73]">&gt;&gt;</a>&nbsp;&nbsp;&nbsp;LCD_DrawLine_Color
</UL>
<BR>[Called By]<UL><LI><a href="#[b3]">&gt;&gt;</a>&nbsp;&nbsp;&nbsp;temperature_Event
</UL>

<P><STRONG><a name="[84]"></a>music_BackGround</STRONG> (Thumb, 92 bytes, Stack size 8 bytes, my_view.o(.text))
<BR><BR>[Stack]<UL><LI>Max Depth = 212<LI>Call Chain = music_BackGround &rArr; Show_Music_Library &rArr; Show_Volume &rArr; LCD_DrawRectangle_color &rArr; LCD_DrawLine_Color &rArr; LCD_DrawFRONT_COLOR &rArr; LCD_Set_Window
</UL>
<BR>[Calls]<UL><LI><a href="#[85]">&gt;&gt;</a>&nbsp;&nbsp;&nbsp;Show_Music_Library
<LI><a href="#[75]">&gt;&gt;</a>&nbsp;&nbsp;&nbsp;LCD_ShowPicture
<LI><a href="#[74]">&gt;&gt;</a>&nbsp;&nbsp;&nbsp;LCD_ShowFont16Char
<LI><a href="#[71]">&gt;&gt;</a>&nbsp;&nbsp;&nbsp;LCD_Fill
<LI><a href="#[73]">&gt;&gt;</a>&nbsp;&nbsp;&nbsp;LCD_DrawLine_Color
</UL>
<BR>[Called By]<UL><LI><a href="#[1a]">&gt;&gt;</a>&nbsp;&nbsp;&nbsp;My_MusicAdd
<LI><a href="#[b4]">&gt;&gt;</a>&nbsp;&nbsp;&nbsp;music_Event
<LI><a href="#[ae]">&gt;&gt;</a>&nbsp;&nbsp;&nbsp;Music_Rename
</UL>

<P><STRONG><a name="[86]"></a>colock_BackGround</STRONG> (Thumb, 92 bytes, Stack size 8 bytes, my_view.o(.text))
<BR><BR>[Stack]<UL><LI>Max Depth = 216<LI>Call Chain = colock_BackGround &rArr; My_Show_Clock &rArr; Show_Clock &rArr; LCD_ShowFont16Char &rArr; EN25QXX_Read &rArr; SPI2_ReadWriteByte
</UL>
<BR>[Calls]<UL><LI><a href="#[87]">&gt;&gt;</a>&nbsp;&nbsp;&nbsp;My_Show_Clock
<LI><a href="#[75]">&gt;&gt;</a>&nbsp;&nbsp;&nbsp;LCD_ShowPicture
<LI><a href="#[74]">&gt;&gt;</a>&nbsp;&nbsp;&nbsp;LCD_ShowFont16Char
<LI><a href="#[71]">&gt;&gt;</a>&nbsp;&nbsp;&nbsp;LCD_Fill
<LI><a href="#[73]">&gt;&gt;</a>&nbsp;&nbsp;&nbsp;LCD_DrawLine_Color
</UL>
<BR>[Called By]<UL><LI><a href="#[24]">&gt;&gt;</a>&nbsp;&nbsp;&nbsp;My_OpenClock
<LI><a href="#[26]">&gt;&gt;</a>&nbsp;&nbsp;&nbsp;My_DeleteClock2
<LI><a href="#[25]">&gt;&gt;</a>&nbsp;&nbsp;&nbsp;My_DeleteClock
<LI><a href="#[23]">&gt;&gt;</a>&nbsp;&nbsp;&nbsp;My_ChangeClock
<LI><a href="#[22]">&gt;&gt;</a>&nbsp;&nbsp;&nbsp;Add_Clock
<LI><a href="#[b2]">&gt;&gt;</a>&nbsp;&nbsp;&nbsp;colock_Event
</UL>

<P><STRONG><a name="[88]"></a>Show_NextNum</STRONG> (Thumb, 358 bytes, Stack size 64 bytes, my_view.o(.text))
<BR><BR>[Stack]<UL><LI>Max Depth = 180<LI>Call Chain = Show_NextNum &rArr; LCD_ShowString &rArr; LCD_ShowCharColor &rArr; LCD_DrawFRONT_COLOR &rArr; LCD_Set_Window
</UL>
<BR>[Calls]<UL><LI><a href="#[89]">&gt;&gt;</a>&nbsp;&nbsp;&nbsp;itoa
<LI><a href="#[8b]">&gt;&gt;</a>&nbsp;&nbsp;&nbsp;LCD_ShowString
<LI><a href="#[75]">&gt;&gt;</a>&nbsp;&nbsp;&nbsp;LCD_ShowPicture
<LI><a href="#[8a]">&gt;&gt;</a>&nbsp;&nbsp;&nbsp;strcat
</UL>
<BR>[Called By]<UL><LI><a href="#[b9]">&gt;&gt;</a>&nbsp;&nbsp;&nbsp;Change_Clock_Background
<LI><a href="#[2a]">&gt;&gt;</a>&nbsp;&nbsp;&nbsp;My_ChangeMin_Up
<LI><a href="#[29]">&gt;&gt;</a>&nbsp;&nbsp;&nbsp;My_ChangeMin_Down
<LI><a href="#[28]">&gt;&gt;</a>&nbsp;&nbsp;&nbsp;My_ChangeHour_Up
<LI><a href="#[27]">&gt;&gt;</a>&nbsp;&nbsp;&nbsp;My_ChangeHour_Down
</UL>

<P><STRONG><a name="[217]"></a>Show_Delete</STRONG> (Thumb, 2 bytes, Stack size 0 bytes, my_view.o(.text), UNUSED)

<P><STRONG><a name="[8c]"></a>NandFlash</STRONG> (Thumb, 258 bytes, Stack size 32 bytes, boot_test.o(.text))
<BR><BR>[Stack]<UL><LI>Max Depth = 156<LI>Call Chain = NandFlash &rArr; LCD_DrawRectangle_color &rArr; LCD_DrawLine_Color &rArr; LCD_DrawFRONT_COLOR &rArr; LCD_Set_Window
</UL>
<BR>[Calls]<UL><LI><a href="#[8d]">&gt;&gt;</a>&nbsp;&nbsp;&nbsp;LCD_DrawRectangle_color
<LI><a href="#[8b]">&gt;&gt;</a>&nbsp;&nbsp;&nbsp;LCD_ShowString
<LI><a href="#[71]">&gt;&gt;</a>&nbsp;&nbsp;&nbsp;LCD_Fill
<LI><a href="#[62]">&gt;&gt;</a>&nbsp;&nbsp;&nbsp;delay_ms
</UL>
<BR>[Called By]<UL><LI><a href="#[8f]">&gt;&gt;</a>&nbsp;&nbsp;&nbsp;My_test
</UL>

<P><STRONG><a name="[8e]"></a>Delay_point</STRONG> (Thumb, 96 bytes, Stack size 48 bytes, boot_test.o(.text))
<BR><BR>[Stack]<UL><LI>Max Depth = 164<LI>Call Chain = Delay_point &rArr; LCD_ShowString &rArr; LCD_ShowCharColor &rArr; LCD_DrawFRONT_COLOR &rArr; LCD_Set_Window
</UL>
<BR>[Calls]<UL><LI><a href="#[8b]">&gt;&gt;</a>&nbsp;&nbsp;&nbsp;LCD_ShowString
<LI><a href="#[6e]">&gt;&gt;</a>&nbsp;&nbsp;&nbsp;LCD_ShowCharColor
<LI><a href="#[62]">&gt;&gt;</a>&nbsp;&nbsp;&nbsp;delay_ms
</UL>
<BR>[Called By]<UL><LI><a href="#[8f]">&gt;&gt;</a>&nbsp;&nbsp;&nbsp;My_test
</UL>

<P><STRONG><a name="[8f]"></a>My_test</STRONG> (Thumb, 1276 bytes, Stack size 24 bytes, boot_test.o(.text))
<BR><BR>[Stack]<UL><LI>Max Depth = 188<LI>Call Chain = My_test &rArr; Delay_point &rArr; LCD_ShowString &rArr; LCD_ShowCharColor &rArr; LCD_DrawFRONT_COLOR &rArr; LCD_Set_Window
</UL>
<BR>[Calls]<UL><LI><a href="#[8e]">&gt;&gt;</a>&nbsp;&nbsp;&nbsp;Delay_point
<LI><a href="#[8c]">&gt;&gt;</a>&nbsp;&nbsp;&nbsp;NandFlash
<LI><a href="#[8b]">&gt;&gt;</a>&nbsp;&nbsp;&nbsp;LCD_ShowString
<LI><a href="#[65]">&gt;&gt;</a>&nbsp;&nbsp;&nbsp;Buzzer_Lien
<LI><a href="#[62]">&gt;&gt;</a>&nbsp;&nbsp;&nbsp;delay_ms
</UL>
<BR>[Called By]<UL><LI><a href="#[91]">&gt;&gt;</a>&nbsp;&nbsp;&nbsp;Boot_test
</UL>

<P><STRONG><a name="[90]"></a>Boot_BackGraound</STRONG> (Thumb, 48 bytes, Stack size 16 bytes, boot_test.o(.text))
<BR><BR>[Stack]<UL><LI>Max Depth = 132<LI>Call Chain = Boot_BackGraound &rArr; LCD_ShowString &rArr; LCD_ShowCharColor &rArr; LCD_DrawFRONT_COLOR &rArr; LCD_Set_Window
</UL>
<BR>[Calls]<UL><LI><a href="#[8b]">&gt;&gt;</a>&nbsp;&nbsp;&nbsp;LCD_ShowString
<LI><a href="#[7f]">&gt;&gt;</a>&nbsp;&nbsp;&nbsp;LCD_Clear
<LI><a href="#[71]">&gt;&gt;</a>&nbsp;&nbsp;&nbsp;LCD_Fill
</UL>
<BR>[Called By]<UL><LI><a href="#[91]">&gt;&gt;</a>&nbsp;&nbsp;&nbsp;Boot_test
</UL>

<P><STRONG><a name="[91]"></a>Boot_test</STRONG> (Thumb, 24 bytes, Stack size 8 bytes, boot_test.o(.text))
<BR><BR>[Stack]<UL><LI>Max Depth = 196<LI>Call Chain = Boot_test &rArr; My_test &rArr; Delay_point &rArr; LCD_ShowString &rArr; LCD_ShowCharColor &rArr; LCD_DrawFRONT_COLOR &rArr; LCD_Set_Window
</UL>
<BR>[Calls]<UL><LI><a href="#[90]">&gt;&gt;</a>&nbsp;&nbsp;&nbsp;Boot_BackGraound
<LI><a href="#[8f]">&gt;&gt;</a>&nbsp;&nbsp;&nbsp;My_test
<LI><a href="#[62]">&gt;&gt;</a>&nbsp;&nbsp;&nbsp;delay_ms
</UL>
<BR>[Called By]<UL><LI><a href="#[57]">&gt;&gt;</a>&nbsp;&nbsp;&nbsp;My_Init
</UL>

<P><STRONG><a name="[92]"></a>Other_Init</STRONG> (Thumb, 68 bytes, Stack size 8 bytes, my_init.o(.text))
<BR><BR>[Stack]<UL><LI>Max Depth = 1040<LI>Call Chain = Other_Init &rArr; FontUpdate &rArr; f_open &rArr; dir_register &rArr; dir_find &rArr; dir_next &rArr; create_chain &rArr; put_fat &rArr; move_window &rArr; sync_window &rArr; disk_write &rArr; EN25QXX_Write &rArr; EN25QXX_Write_NoCheck &rArr; EN25QXX_Write_Page &rArr; EN25QXX_Wait_Busy &rArr; EN25QXX_ReadSR &rArr; SPI2_ReadWriteByte
</UL>
<BR>[Calls]<UL><LI><a href="#[38]">&gt;&gt;</a>&nbsp;&nbsp;&nbsp;my_mem_init
<LI><a href="#[97]">&gt;&gt;</a>&nbsp;&nbsp;&nbsp;f_mount
<LI><a href="#[94]">&gt;&gt;</a>&nbsp;&nbsp;&nbsp;USART1_Init
<LI><a href="#[95]">&gt;&gt;</a>&nbsp;&nbsp;&nbsp;RTC_Init
<LI><a href="#[9c]">&gt;&gt;</a>&nbsp;&nbsp;&nbsp;My_Music_init
<LI><a href="#[9d]">&gt;&gt;</a>&nbsp;&nbsp;&nbsp;My_Event_Init
<LI><a href="#[9b]">&gt;&gt;</a>&nbsp;&nbsp;&nbsp;Music_Init
<LI><a href="#[9a]">&gt;&gt;</a>&nbsp;&nbsp;&nbsp;MP3_Init
<LI><a href="#[98]">&gt;&gt;</a>&nbsp;&nbsp;&nbsp;FontUpdate
<LI><a href="#[99]">&gt;&gt;</a>&nbsp;&nbsp;&nbsp;FATFS_Init
<LI><a href="#[96]">&gt;&gt;</a>&nbsp;&nbsp;&nbsp;EN25QXX_Init
<LI><a href="#[93]">&gt;&gt;</a>&nbsp;&nbsp;&nbsp;DHT11_Init
<LI><a href="#[6a]">&gt;&gt;</a>&nbsp;&nbsp;&nbsp;KeyBorad_Init
</UL>
<BR>[Called By]<UL><LI><a href="#[57]">&gt;&gt;</a>&nbsp;&nbsp;&nbsp;My_Init
</UL>

<P><STRONG><a name="[9e]"></a>MyIRQ_Init</STRONG> (Thumb, 20 bytes, Stack size 8 bytes, my_init.o(.text))
<BR><BR>[Stack]<UL><LI>Max Depth = 20<LI>Call Chain = MyIRQ_Init &rArr; KEY_Irq_Init &rArr; IRQ_Install
</UL>
<BR>[Calls]<UL><LI><a href="#[a1]">&gt;&gt;</a>&nbsp;&nbsp;&nbsp;TIME_Init
<LI><a href="#[a2]">&gt;&gt;</a>&nbsp;&nbsp;&nbsp;TIMER_TS_Init
<LI><a href="#[a0]">&gt;&gt;</a>&nbsp;&nbsp;&nbsp;KEY_Irq_Init
<LI><a href="#[9f]">&gt;&gt;</a>&nbsp;&nbsp;&nbsp;IRQ_Init
</UL>
<BR>[Called By]<UL><LI><a href="#[57]">&gt;&gt;</a>&nbsp;&nbsp;&nbsp;My_Init
</UL>

<P><STRONG><a name="[a3]"></a>Basic_Init</STRONG> (Thumb, 26 bytes, Stack size 8 bytes, my_init.o(.text))
<BR><BR>[Stack]<UL><LI>Max Depth = 232<LI>Call Chain = Basic_Init &rArr; TOUCH_Init &rArr; TOUCH_Adjust &rArr; TOUCH_ReadAdjust &rArr; TOUCH_ReadXY &rArr; TOUCH_ReadData &rArr; SPI1_SetSpeed
</UL>
<BR>[Calls]<UL><LI><a href="#[a7]">&gt;&gt;</a>&nbsp;&nbsp;&nbsp;TOUCH_Init
<LI><a href="#[a5]">&gt;&gt;</a>&nbsp;&nbsp;&nbsp;TFTLCD_Init
<LI><a href="#[a6]">&gt;&gt;</a>&nbsp;&nbsp;&nbsp;Buzzer_Init
<LI><a href="#[61]">&gt;&gt;</a>&nbsp;&nbsp;&nbsp;SysTick_Init
<LI><a href="#[a4]">&gt;&gt;</a>&nbsp;&nbsp;&nbsp;LED_Init
</UL>
<BR>[Called By]<UL><LI><a href="#[57]">&gt;&gt;</a>&nbsp;&nbsp;&nbsp;My_Init
</UL>

<P><STRONG><a name="[57]"></a>My_Init</STRONG> (Thumb, 20 bytes, Stack size 8 bytes, my_init.o(.text))
<BR><BR>[Stack]<UL><LI>Max Depth = 1048<LI>Call Chain = My_Init &rArr; Other_Init &rArr; FontUpdate &rArr; f_open &rArr; dir_register &rArr; dir_find &rArr; dir_next &rArr; create_chain &rArr; put_fat &rArr; move_window &rArr; sync_window &rArr; disk_write &rArr; EN25QXX_Write &rArr; EN25QXX_Write_NoCheck &rArr; EN25QXX_Write_Page &rArr; EN25QXX_Wait_Busy &rArr; EN25QXX_ReadSR &rArr; SPI2_ReadWriteByte
</UL>
<BR>[Calls]<UL><LI><a href="#[a3]">&gt;&gt;</a>&nbsp;&nbsp;&nbsp;Basic_Init
<LI><a href="#[9e]">&gt;&gt;</a>&nbsp;&nbsp;&nbsp;MyIRQ_Init
<LI><a href="#[92]">&gt;&gt;</a>&nbsp;&nbsp;&nbsp;Other_Init
<LI><a href="#[91]">&gt;&gt;</a>&nbsp;&nbsp;&nbsp;Boot_test
</UL>
<BR>[Called By]<UL><LI><a href="#[51]">&gt;&gt;</a>&nbsp;&nbsp;&nbsp;main
</UL>

<P><STRONG><a name="[a8]"></a>Event_Init</STRONG> (Thumb, 60 bytes, Stack size 16 bytes, my_function.o(.text))
<BR><BR>[Stack]<UL><LI>Max Depth = 80<LI>Call Chain = Event_Init &rArr; calloc &rArr; malloc &rArr; __Heap_Full &rArr; __Heap_ProvideMemory &rArr; free
</UL>
<BR>[Calls]<UL><LI><a href="#[6b]">&gt;&gt;</a>&nbsp;&nbsp;&nbsp;calloc
</UL>
<BR>[Called By]<UL><LI><a href="#[9d]">&gt;&gt;</a>&nbsp;&nbsp;&nbsp;My_Event_Init
</UL>

<P><STRONG><a name="[b6]"></a>Event_Install</STRONG> (Thumb, 76 bytes, Stack size 24 bytes, my_function.o(.text))
<BR><BR>[Stack]<UL><LI>Max Depth = 24<LI>Call Chain = Event_Install
</UL>
<BR>[Called By]<UL><LI><a href="#[9d]">&gt;&gt;</a>&nbsp;&nbsp;&nbsp;My_Event_Init
</UL>

<P><STRONG><a name="[ad]"></a>Event_Open</STRONG> (Thumb, 26 bytes, Stack size 8 bytes, my_function.o(.text))
<BR><BR>[Stack]<UL><LI>Max Depth = 8<LI>Call Chain = Event_Open
</UL>
<BR>[Called By]<UL><LI><a href="#[ac]">&gt;&gt;</a>&nbsp;&nbsp;&nbsp;Eevent_Touch
<LI><a href="#[12d]">&gt;&gt;</a>&nbsp;&nbsp;&nbsp;USART1_pHandle
</UL>

<P><STRONG><a name="[aa]"></a>Event_Close</STRONG> (Thumb, 26 bytes, Stack size 8 bytes, my_function.o(.text))
<BR><BR>[Stack]<UL><LI>Max Depth = 8<LI>Call Chain = Event_Close
</UL>
<BR>[Called By]<UL><LI><a href="#[a9]">&gt;&gt;</a>&nbsp;&nbsp;&nbsp;Event_Manager
</UL>

<P><STRONG><a name="[218]"></a>Event_Destory</STRONG> (Thumb, 26 bytes, Stack size 8 bytes, my_function.o(.text), UNUSED)

<P><STRONG><a name="[a9]"></a>Event_Manager</STRONG> (Thumb, 48 bytes, Stack size 16 bytes, my_function.o(.text))
<BR><BR>[Stack]<UL><LI>Max Depth = 24<LI>Call Chain = Event_Manager &rArr; Event_Close
</UL>
<BR>[Calls]<UL><LI><a href="#[aa]">&gt;&gt;</a>&nbsp;&nbsp;&nbsp;Event_Close
</UL>
<BR>[Called By]<UL><LI><a href="#[bc]">&gt;&gt;</a>&nbsp;&nbsp;&nbsp;Change_Clock
<LI><a href="#[b5]">&gt;&gt;</a>&nbsp;&nbsp;&nbsp;Txt_Event
<LI><a href="#[b4]">&gt;&gt;</a>&nbsp;&nbsp;&nbsp;music_Event
<LI><a href="#[b3]">&gt;&gt;</a>&nbsp;&nbsp;&nbsp;temperature_Event
<LI><a href="#[b2]">&gt;&gt;</a>&nbsp;&nbsp;&nbsp;colock_Event
<LI><a href="#[ae]">&gt;&gt;</a>&nbsp;&nbsp;&nbsp;Music_Rename
<LI><a href="#[5b]">&gt;&gt;</a>&nbsp;&nbsp;&nbsp;Main_Event
</UL>

<P><STRONG><a name="[ab]"></a>Exit</STRONG> (Thumb, 18 bytes, Stack size 8 bytes, my_function.o(.text))
<BR><BR>[Stack]<UL><LI>Max Depth = 8<LI>Call Chain = Exit
</UL>
<BR>[Calls]<UL><LI><a href="#[62]">&gt;&gt;</a>&nbsp;&nbsp;&nbsp;delay_ms
</UL>
<BR>[Called By]<UL><LI><a href="#[21]">&gt;&gt;</a>&nbsp;&nbsp;&nbsp;Rename_Exit
<LI><a href="#[30]">&gt;&gt;</a>&nbsp;&nbsp;&nbsp;My_Save
<LI><a href="#[26]">&gt;&gt;</a>&nbsp;&nbsp;&nbsp;My_DeleteClock2
<LI><a href="#[2f]">&gt;&gt;</a>&nbsp;&nbsp;&nbsp;My_Cancel
</UL>
<BR>[Address Reference Count : 1]<UL><LI> my_function.o(.text)
</UL>
<P><STRONG><a name="[ac]"></a>Eevent_Touch</STRONG> (Thumb, 104 bytes, Stack size 16 bytes, my_function.o(.text))
<BR><BR>[Stack]<UL><LI>Max Depth = 24<LI>Call Chain = Eevent_Touch &rArr; Event_Open
</UL>
<BR>[Calls]<UL><LI><a href="#[ad]">&gt;&gt;</a>&nbsp;&nbsp;&nbsp;Event_Open
</UL>
<BR>[Called By]<UL><LI><a href="#[bc]">&gt;&gt;</a>&nbsp;&nbsp;&nbsp;Change_Clock
<LI><a href="#[b5]">&gt;&gt;</a>&nbsp;&nbsp;&nbsp;Txt_Event
<LI><a href="#[b4]">&gt;&gt;</a>&nbsp;&nbsp;&nbsp;music_Event
<LI><a href="#[b3]">&gt;&gt;</a>&nbsp;&nbsp;&nbsp;temperature_Event
<LI><a href="#[b2]">&gt;&gt;</a>&nbsp;&nbsp;&nbsp;colock_Event
<LI><a href="#[ae]">&gt;&gt;</a>&nbsp;&nbsp;&nbsp;Music_Rename
<LI><a href="#[5b]">&gt;&gt;</a>&nbsp;&nbsp;&nbsp;Main_Event
</UL>

<P><STRONG><a name="[ae]"></a>Music_Rename</STRONG> (Thumb, 104 bytes, Stack size 8 bytes, my_function.o(.text))
<BR><BR>[Stack]<UL><LI>Max Depth = 228 + Unknown Stack Size
<LI>Call Chain = Music_Rename &rArr; KeyBoard_Touch &rArr; KeyBorad_PriKeyBorad &rArr; LCD_ShowCharColor &rArr; LCD_DrawFRONT_COLOR &rArr; LCD_Set_Window
</UL>
<BR>[Calls]<UL><LI><a href="#[b0]">&gt;&gt;</a>&nbsp;&nbsp;&nbsp;TOUCH_Scan
<LI><a href="#[b1]">&gt;&gt;</a>&nbsp;&nbsp;&nbsp;TIMER_TS_Destory
<LI><a href="#[af]">&gt;&gt;</a>&nbsp;&nbsp;&nbsp;Show_RenameBackground
<LI><a href="#[ac]">&gt;&gt;</a>&nbsp;&nbsp;&nbsp;Eevent_Touch
<LI><a href="#[a9]">&gt;&gt;</a>&nbsp;&nbsp;&nbsp;Event_Manager
<LI><a href="#[81]">&gt;&gt;</a>&nbsp;&nbsp;&nbsp;Free
<LI><a href="#[84]">&gt;&gt;</a>&nbsp;&nbsp;&nbsp;music_BackGround
<LI><a href="#[79]">&gt;&gt;</a>&nbsp;&nbsp;&nbsp;KeyBoard_Touch
<LI><a href="#[59]">&gt;&gt;</a>&nbsp;&nbsp;&nbsp;TIMER_TS_Install
</UL>
<BR>[Address Reference Count : 1]<UL><LI> my_function.o(.text)
</UL>
<P><STRONG><a name="[b2]"></a>colock_Event</STRONG> (Thumb, 50 bytes, Stack size 8 bytes, my_function.o(.text))
<BR><BR>[Stack]<UL><LI>Max Depth = 224<LI>Call Chain = colock_Event &rArr; colock_BackGround &rArr; My_Show_Clock &rArr; Show_Clock &rArr; LCD_ShowFont16Char &rArr; EN25QXX_Read &rArr; SPI2_ReadWriteByte
</UL>
<BR>[Calls]<UL><LI><a href="#[b0]">&gt;&gt;</a>&nbsp;&nbsp;&nbsp;TOUCH_Scan
<LI><a href="#[ac]">&gt;&gt;</a>&nbsp;&nbsp;&nbsp;Eevent_Touch
<LI><a href="#[a9]">&gt;&gt;</a>&nbsp;&nbsp;&nbsp;Event_Manager
<LI><a href="#[86]">&gt;&gt;</a>&nbsp;&nbsp;&nbsp;colock_BackGround
<LI><a href="#[64]">&gt;&gt;</a>&nbsp;&nbsp;&nbsp;Busy
</UL>
<BR>[Address Reference Count : 1]<UL><LI> my_function.o(.text)
</UL>
<P><STRONG><a name="[b3]"></a>temperature_Event</STRONG> (Thumb, 62 bytes, Stack size 8 bytes, my_function.o(.text))
<BR><BR>[Stack]<UL><LI>Max Depth = 160<LI>Call Chain = temperature_Event &rArr; TOUCH_Scan &rArr; TOUCH_ReadXY &rArr; TOUCH_ReadData &rArr; SPI1_SetSpeed
</UL>
<BR>[Calls]<UL><LI><a href="#[b0]">&gt;&gt;</a>&nbsp;&nbsp;&nbsp;TOUCH_Scan
<LI><a href="#[ac]">&gt;&gt;</a>&nbsp;&nbsp;&nbsp;Eevent_Touch
<LI><a href="#[a9]">&gt;&gt;</a>&nbsp;&nbsp;&nbsp;Event_Manager
<LI><a href="#[83]">&gt;&gt;</a>&nbsp;&nbsp;&nbsp;temperature_BackGround
<LI><a href="#[64]">&gt;&gt;</a>&nbsp;&nbsp;&nbsp;Busy
</UL>
<BR>[Address Reference Count : 1]<UL><LI> my_function.o(.text)
</UL>
<P><STRONG><a name="[b4]"></a>music_Event</STRONG> (Thumb, 74 bytes, Stack size 8 bytes, my_function.o(.text))
<BR><BR>[Stack]<UL><LI>Max Depth = 220<LI>Call Chain = music_Event &rArr; music_BackGround &rArr; Show_Music_Library &rArr; Show_Volume &rArr; LCD_DrawRectangle_color &rArr; LCD_DrawLine_Color &rArr; LCD_DrawFRONT_COLOR &rArr; LCD_Set_Window
</UL>
<BR>[Calls]<UL><LI><a href="#[b0]">&gt;&gt;</a>&nbsp;&nbsp;&nbsp;TOUCH_Scan
<LI><a href="#[b1]">&gt;&gt;</a>&nbsp;&nbsp;&nbsp;TIMER_TS_Destory
<LI><a href="#[ac]">&gt;&gt;</a>&nbsp;&nbsp;&nbsp;Eevent_Touch
<LI><a href="#[a9]">&gt;&gt;</a>&nbsp;&nbsp;&nbsp;Event_Manager
<LI><a href="#[84]">&gt;&gt;</a>&nbsp;&nbsp;&nbsp;music_BackGround
<LI><a href="#[64]">&gt;&gt;</a>&nbsp;&nbsp;&nbsp;Busy
<LI><a href="#[59]">&gt;&gt;</a>&nbsp;&nbsp;&nbsp;TIMER_TS_Install
</UL>
<BR>[Address Reference Count : 1]<UL><LI> my_function.o(.text)
</UL>
<P><STRONG><a name="[b5]"></a>Txt_Event</STRONG> (Thumb, 88 bytes, Stack size 8 bytes, my_function.o(.text))
<BR><BR>[Stack]<UL><LI>Max Depth = 228 + Unknown Stack Size
<LI>Call Chain = Txt_Event &rArr; KeyBoard_Touch &rArr; KeyBorad_PriKeyBorad &rArr; LCD_ShowCharColor &rArr; LCD_DrawFRONT_COLOR &rArr; LCD_Set_Window
</UL>
<BR>[Calls]<UL><LI><a href="#[b0]">&gt;&gt;</a>&nbsp;&nbsp;&nbsp;TOUCH_Scan
<LI><a href="#[b1]">&gt;&gt;</a>&nbsp;&nbsp;&nbsp;TIMER_TS_Destory
<LI><a href="#[ac]">&gt;&gt;</a>&nbsp;&nbsp;&nbsp;Eevent_Touch
<LI><a href="#[a9]">&gt;&gt;</a>&nbsp;&nbsp;&nbsp;Event_Manager
<LI><a href="#[81]">&gt;&gt;</a>&nbsp;&nbsp;&nbsp;Free
<LI><a href="#[82]">&gt;&gt;</a>&nbsp;&nbsp;&nbsp;jishiben_BackGround
<LI><a href="#[79]">&gt;&gt;</a>&nbsp;&nbsp;&nbsp;KeyBoard_Touch
<LI><a href="#[64]">&gt;&gt;</a>&nbsp;&nbsp;&nbsp;Busy
<LI><a href="#[59]">&gt;&gt;</a>&nbsp;&nbsp;&nbsp;TIMER_TS_Install
</UL>
<BR>[Address Reference Count : 1]<UL><LI> my_function.o(.text)
</UL>
<P><STRONG><a name="[9d]"></a>My_Event_Init</STRONG> (Thumb, 1166 bytes, Stack size 16 bytes, my_function.o(.text))
<BR><BR>[Stack]<UL><LI>Max Depth = 96<LI>Call Chain = My_Event_Init &rArr; Event_Init &rArr; calloc &rArr; malloc &rArr; __Heap_Full &rArr; __Heap_ProvideMemory &rArr; free
</UL>
<BR>[Calls]<UL><LI><a href="#[b6]">&gt;&gt;</a>&nbsp;&nbsp;&nbsp;Event_Install
<LI><a href="#[a8]">&gt;&gt;</a>&nbsp;&nbsp;&nbsp;Event_Init
</UL>
<BR>[Called By]<UL><LI><a href="#[92]">&gt;&gt;</a>&nbsp;&nbsp;&nbsp;Other_Init
</UL>

<P><STRONG><a name="[5b]"></a>Main_Event</STRONG> (Thumb, 28 bytes, Stack size 8 bytes, my_function.o(.text))
<BR><BR>[Stack]<UL><LI>Max Depth = 216<LI>Call Chain = Main_Event &rArr; Main_Background &rArr; Main_Iocn &rArr; Iocn &rArr; LCD_ShowFont16Char &rArr; EN25QXX_Read &rArr; SPI2_ReadWriteByte
</UL>
<BR>[Calls]<UL><LI><a href="#[b0]">&gt;&gt;</a>&nbsp;&nbsp;&nbsp;TOUCH_Scan
<LI><a href="#[ac]">&gt;&gt;</a>&nbsp;&nbsp;&nbsp;Eevent_Touch
<LI><a href="#[a9]">&gt;&gt;</a>&nbsp;&nbsp;&nbsp;Event_Manager
<LI><a href="#[58]">&gt;&gt;</a>&nbsp;&nbsp;&nbsp;Main_Background
</UL>
<BR>[Called By]<UL><LI><a href="#[51]">&gt;&gt;</a>&nbsp;&nbsp;&nbsp;main
</UL>

<P><STRONG><a name="[219]"></a>Colock_Init</STRONG> (Thumb, 98 bytes, Stack size 0 bytes, colock.o(.text), UNUSED)

<P><STRONG><a name="[be]"></a>Clock_Install</STRONG> (Thumb, 92 bytes, Stack size 20 bytes, colock.o(.text))
<BR><BR>[Stack]<UL><LI>Max Depth = 20<LI>Call Chain = Clock_Install
</UL>
<BR>[Called By]<UL><LI><a href="#[22]">&gt;&gt;</a>&nbsp;&nbsp;&nbsp;Add_Clock
</UL>

<P><STRONG><a name="[c0]"></a>Clock_Open</STRONG> (Thumb, 26 bytes, Stack size 0 bytes, colock.o(.text))
<BR><BR>[Called By]<UL><LI><a href="#[c1]">&gt;&gt;</a>&nbsp;&nbsp;&nbsp;My_OpenClock2
<LI><a href="#[24]">&gt;&gt;</a>&nbsp;&nbsp;&nbsp;My_OpenClock
</UL>

<P><STRONG><a name="[bf]"></a>Clock_Close</STRONG> (Thumb, 14 bytes, Stack size 0 bytes, colock.o(.text))
<BR><BR>[Called By]<UL><LI><a href="#[c1]">&gt;&gt;</a>&nbsp;&nbsp;&nbsp;My_OpenClock2
<LI><a href="#[24]">&gt;&gt;</a>&nbsp;&nbsp;&nbsp;My_OpenClock
</UL>

<P><STRONG><a name="[ba]"></a>Clock_Destory</STRONG> (Thumb, 14 bytes, Stack size 0 bytes, colock.o(.text))
<BR><BR>[Called By]<UL><LI><a href="#[26]">&gt;&gt;</a>&nbsp;&nbsp;&nbsp;My_DeleteClock2
<LI><a href="#[25]">&gt;&gt;</a>&nbsp;&nbsp;&nbsp;My_DeleteClock
</UL>

<P><STRONG><a name="[16]"></a>CLock_Manager</STRONG> (Thumb, 164 bytes, Stack size 8 bytes, colock.o(.text))
<BR><BR>[Stack]<UL><LI>Max Depth = 8<LI>Call Chain = CLock_Manager
</UL>
<BR>[Address Reference Count : 1]<UL><LI> main.o(.text)
</UL>
<P><STRONG><a name="[b7]"></a>Show_Clock</STRONG> (Thumb, 434 bytes, Stack size 64 bytes, colock.o(.text))
<BR><BR>[Stack]<UL><LI>Max Depth = 200<LI>Call Chain = Show_Clock &rArr; LCD_ShowFont16Char &rArr; EN25QXX_Read &rArr; SPI2_ReadWriteByte
</UL>
<BR>[Calls]<UL><LI><a href="#[89]">&gt;&gt;</a>&nbsp;&nbsp;&nbsp;itoa
<LI><a href="#[8b]">&gt;&gt;</a>&nbsp;&nbsp;&nbsp;LCD_ShowString
<LI><a href="#[75]">&gt;&gt;</a>&nbsp;&nbsp;&nbsp;LCD_ShowPicture
<LI><a href="#[74]">&gt;&gt;</a>&nbsp;&nbsp;&nbsp;LCD_ShowFont16Char
<LI><a href="#[71]">&gt;&gt;</a>&nbsp;&nbsp;&nbsp;LCD_Fill
<LI><a href="#[73]">&gt;&gt;</a>&nbsp;&nbsp;&nbsp;LCD_DrawLine_Color
<LI><a href="#[b8]">&gt;&gt;</a>&nbsp;&nbsp;&nbsp;__aeabi_memclr4
<LI><a href="#[8a]">&gt;&gt;</a>&nbsp;&nbsp;&nbsp;strcat
</UL>
<BR>[Called By]<UL><LI><a href="#[b9]">&gt;&gt;</a>&nbsp;&nbsp;&nbsp;Change_Clock_Background
<LI><a href="#[87]">&gt;&gt;</a>&nbsp;&nbsp;&nbsp;My_Show_Clock
</UL>

<P><STRONG><a name="[87]"></a>My_Show_Clock</STRONG> (Thumb, 66 bytes, Stack size 8 bytes, colock.o(.text))
<BR><BR>[Stack]<UL><LI>Max Depth = 208<LI>Call Chain = My_Show_Clock &rArr; Show_Clock &rArr; LCD_ShowFont16Char &rArr; EN25QXX_Read &rArr; SPI2_ReadWriteByte
</UL>
<BR>[Calls]<UL><LI><a href="#[b7]">&gt;&gt;</a>&nbsp;&nbsp;&nbsp;Show_Clock
<LI><a href="#[62]">&gt;&gt;</a>&nbsp;&nbsp;&nbsp;delay_ms
</UL>
<BR>[Called By]<UL><LI><a href="#[86]">&gt;&gt;</a>&nbsp;&nbsp;&nbsp;colock_BackGround
</UL>

<P><STRONG><a name="[b9]"></a>Change_Clock_Background</STRONG> (Thumb, 602 bytes, Stack size 16 bytes, colock.o(.text))
<BR><BR>[Stack]<UL><LI>Max Depth = 216<LI>Call Chain = Change_Clock_Background &rArr; Show_Clock &rArr; LCD_ShowFont16Char &rArr; EN25QXX_Read &rArr; SPI2_ReadWriteByte
</UL>
<BR>[Calls]<UL><LI><a href="#[b7]">&gt;&gt;</a>&nbsp;&nbsp;&nbsp;Show_Clock
<LI><a href="#[8b]">&gt;&gt;</a>&nbsp;&nbsp;&nbsp;LCD_ShowString
<LI><a href="#[88]">&gt;&gt;</a>&nbsp;&nbsp;&nbsp;Show_NextNum
<LI><a href="#[74]">&gt;&gt;</a>&nbsp;&nbsp;&nbsp;LCD_ShowFont16Char
<LI><a href="#[71]">&gt;&gt;</a>&nbsp;&nbsp;&nbsp;LCD_Fill
<LI><a href="#[73]">&gt;&gt;</a>&nbsp;&nbsp;&nbsp;LCD_DrawLine_Color
<LI><a href="#[62]">&gt;&gt;</a>&nbsp;&nbsp;&nbsp;delay_ms
</UL>
<BR>[Called By]<UL><LI><a href="#[bc]">&gt;&gt;</a>&nbsp;&nbsp;&nbsp;Change_Clock
</UL>

<P><STRONG><a name="[bb]"></a>Clock_UpLine</STRONG> (Thumb, 84 bytes, Stack size 8 bytes, colock.o(.text))
<BR><BR>[Stack]<UL><LI>Max Depth = 8<LI>Call Chain = Clock_UpLine
</UL>
<BR>[Called By]<UL><LI><a href="#[26]">&gt;&gt;</a>&nbsp;&nbsp;&nbsp;My_DeleteClock2
<LI><a href="#[25]">&gt;&gt;</a>&nbsp;&nbsp;&nbsp;My_DeleteClock
</UL>

<P><STRONG><a name="[26]"></a>My_DeleteClock2</STRONG> (Thumb, 52 bytes, Stack size 8 bytes, colock.o(.text))
<BR><BR>[Stack]<UL><LI>Max Depth = 224<LI>Call Chain = My_DeleteClock2 &rArr; colock_BackGround &rArr; My_Show_Clock &rArr; Show_Clock &rArr; LCD_ShowFont16Char &rArr; EN25QXX_Read &rArr; SPI2_ReadWriteByte
</UL>
<BR>[Calls]<UL><LI><a href="#[bb]">&gt;&gt;</a>&nbsp;&nbsp;&nbsp;Clock_UpLine
<LI><a href="#[ba]">&gt;&gt;</a>&nbsp;&nbsp;&nbsp;Clock_Destory
<LI><a href="#[ab]">&gt;&gt;</a>&nbsp;&nbsp;&nbsp;Exit
<LI><a href="#[86]">&gt;&gt;</a>&nbsp;&nbsp;&nbsp;colock_BackGround
<LI><a href="#[62]">&gt;&gt;</a>&nbsp;&nbsp;&nbsp;delay_ms
</UL>
<BR>[Called By]<UL><LI><a href="#[22]">&gt;&gt;</a>&nbsp;&nbsp;&nbsp;Add_Clock
</UL>
<BR>[Address Reference Count : 1]<UL><LI> my_function.o(.text)
</UL>
<P><STRONG><a name="[bc]"></a>Change_Clock</STRONG> (Thumb, 54 bytes, Stack size 8 bytes, colock.o(.text))
<BR><BR>[Stack]<UL><LI>Max Depth = 224<LI>Call Chain = Change_Clock &rArr; Change_Clock_Background &rArr; Show_Clock &rArr; LCD_ShowFont16Char &rArr; EN25QXX_Read &rArr; SPI2_ReadWriteByte
</UL>
<BR>[Calls]<UL><LI><a href="#[b9]">&gt;&gt;</a>&nbsp;&nbsp;&nbsp;Change_Clock_Background
<LI><a href="#[b0]">&gt;&gt;</a>&nbsp;&nbsp;&nbsp;TOUCH_Scan
<LI><a href="#[ac]">&gt;&gt;</a>&nbsp;&nbsp;&nbsp;Eevent_Touch
<LI><a href="#[a9]">&gt;&gt;</a>&nbsp;&nbsp;&nbsp;Event_Manager
</UL>
<BR>[Called By]<UL><LI><a href="#[23]">&gt;&gt;</a>&nbsp;&nbsp;&nbsp;My_ChangeClock
<LI><a href="#[22]">&gt;&gt;</a>&nbsp;&nbsp;&nbsp;Add_Clock
</UL>

<P><STRONG><a name="[bd]"></a>Clock_Sound</STRONG> (Thumb, 54 bytes, Stack size 8 bytes, colock.o(.text))
<BR><BR>[Stack]<UL><LI>Max Depth = 144<LI>Call Chain = Clock_Sound &rArr; Busy &rArr; LCD_ShowFont12Char &rArr; EN25QXX_Read &rArr; SPI2_ReadWriteByte
</UL>
<BR>[Calls]<UL><LI><a href="#[69]">&gt;&gt;</a>&nbsp;&nbsp;&nbsp;Buzzer_Lien2
<LI><a href="#[65]">&gt;&gt;</a>&nbsp;&nbsp;&nbsp;Buzzer_Lien
<LI><a href="#[64]">&gt;&gt;</a>&nbsp;&nbsp;&nbsp;Busy
</UL>
<BR>[Address Reference Count : 1]<UL><LI> colock.o(.text)
</UL>
<P><STRONG><a name="[22]"></a>Add_Clock</STRONG> (Thumb, 138 bytes, Stack size 16 bytes, colock.o(.text))
<BR><BR>[Stack]<UL><LI>Max Depth = 240<LI>Call Chain = Add_Clock &rArr; Change_Clock &rArr; Change_Clock_Background &rArr; Show_Clock &rArr; LCD_ShowFont16Char &rArr; EN25QXX_Read &rArr; SPI2_ReadWriteByte
</UL>
<BR>[Calls]<UL><LI><a href="#[bc]">&gt;&gt;</a>&nbsp;&nbsp;&nbsp;Change_Clock
<LI><a href="#[be]">&gt;&gt;</a>&nbsp;&nbsp;&nbsp;Clock_Install
<LI><a href="#[26]">&gt;&gt;</a>&nbsp;&nbsp;&nbsp;My_DeleteClock2
<LI><a href="#[86]">&gt;&gt;</a>&nbsp;&nbsp;&nbsp;colock_BackGround
<LI><a href="#[64]">&gt;&gt;</a>&nbsp;&nbsp;&nbsp;Busy
</UL>
<BR>[Address Reference Count : 1]<UL><LI> my_function.o(.text)
</UL>
<P><STRONG><a name="[23]"></a>My_ChangeClock</STRONG> (Thumb, 74 bytes, Stack size 8 bytes, colock.o(.text))
<BR><BR>[Stack]<UL><LI>Max Depth = 232<LI>Call Chain = My_ChangeClock &rArr; Change_Clock &rArr; Change_Clock_Background &rArr; Show_Clock &rArr; LCD_ShowFont16Char &rArr; EN25QXX_Read &rArr; SPI2_ReadWriteByte
</UL>
<BR>[Calls]<UL><LI><a href="#[bc]">&gt;&gt;</a>&nbsp;&nbsp;&nbsp;Change_Clock
<LI><a href="#[86]">&gt;&gt;</a>&nbsp;&nbsp;&nbsp;colock_BackGround
</UL>
<BR>[Address Reference Count : 1]<UL><LI> my_function.o(.text)
</UL>
<P><STRONG><a name="[24]"></a>My_OpenClock</STRONG> (Thumb, 130 bytes, Stack size 8 bytes, colock.o(.text))
<BR><BR>[Stack]<UL><LI>Max Depth = 224<LI>Call Chain = My_OpenClock &rArr; colock_BackGround &rArr; My_Show_Clock &rArr; Show_Clock &rArr; LCD_ShowFont16Char &rArr; EN25QXX_Read &rArr; SPI2_ReadWriteByte
</UL>
<BR>[Calls]<UL><LI><a href="#[bf]">&gt;&gt;</a>&nbsp;&nbsp;&nbsp;Clock_Close
<LI><a href="#[c0]">&gt;&gt;</a>&nbsp;&nbsp;&nbsp;Clock_Open
<LI><a href="#[86]">&gt;&gt;</a>&nbsp;&nbsp;&nbsp;colock_BackGround
</UL>
<BR>[Address Reference Count : 1]<UL><LI> my_function.o(.text)
</UL>
<P><STRONG><a name="[25]"></a>My_DeleteClock</STRONG> (Thumb, 84 bytes, Stack size 8 bytes, colock.o(.text))
<BR><BR>[Stack]<UL><LI>Max Depth = 224<LI>Call Chain = My_DeleteClock &rArr; colock_BackGround &rArr; My_Show_Clock &rArr; Show_Clock &rArr; LCD_ShowFont16Char &rArr; EN25QXX_Read &rArr; SPI2_ReadWriteByte
</UL>
<BR>[Calls]<UL><LI><a href="#[bb]">&gt;&gt;</a>&nbsp;&nbsp;&nbsp;Clock_UpLine
<LI><a href="#[ba]">&gt;&gt;</a>&nbsp;&nbsp;&nbsp;Clock_Destory
<LI><a href="#[86]">&gt;&gt;</a>&nbsp;&nbsp;&nbsp;colock_BackGround
<LI><a href="#[71]">&gt;&gt;</a>&nbsp;&nbsp;&nbsp;LCD_Fill
</UL>
<BR>[Address Reference Count : 1]<UL><LI> my_function.o(.text)
</UL>
<P><STRONG><a name="[c1]"></a>My_OpenClock2</STRONG> (Thumb, 132 bytes, Stack size 8 bytes, colock.o(.text), UNUSED)
<BR><BR>[Calls]<UL><LI><a href="#[bf]">&gt;&gt;</a>&nbsp;&nbsp;&nbsp;Clock_Close
<LI><a href="#[c0]">&gt;&gt;</a>&nbsp;&nbsp;&nbsp;Clock_Open
<LI><a href="#[75]">&gt;&gt;</a>&nbsp;&nbsp;&nbsp;LCD_ShowPicture
<LI><a href="#[74]">&gt;&gt;</a>&nbsp;&nbsp;&nbsp;LCD_ShowFont16Char
<LI><a href="#[62]">&gt;&gt;</a>&nbsp;&nbsp;&nbsp;delay_ms
</UL>

<P><STRONG><a name="[28]"></a>My_ChangeHour_Up</STRONG> (Thumb, 172 bytes, Stack size 8 bytes, colock.o(.text))
<BR><BR>[Stack]<UL><LI>Max Depth = 188<LI>Call Chain = My_ChangeHour_Up &rArr; Show_NextNum &rArr; LCD_ShowString &rArr; LCD_ShowCharColor &rArr; LCD_DrawFRONT_COLOR &rArr; LCD_Set_Window
</UL>
<BR>[Calls]<UL><LI><a href="#[88]">&gt;&gt;</a>&nbsp;&nbsp;&nbsp;Show_NextNum
<LI><a href="#[62]">&gt;&gt;</a>&nbsp;&nbsp;&nbsp;delay_ms
</UL>
<BR>[Address Reference Count : 1]<UL><LI> my_function.o(.text)
</UL>
<P><STRONG><a name="[27]"></a>My_ChangeHour_Down</STRONG> (Thumb, 52 bytes, Stack size 8 bytes, colock.o(.text))
<BR><BR>[Stack]<UL><LI>Max Depth = 188<LI>Call Chain = My_ChangeHour_Down &rArr; Show_NextNum &rArr; LCD_ShowString &rArr; LCD_ShowCharColor &rArr; LCD_DrawFRONT_COLOR &rArr; LCD_Set_Window
</UL>
<BR>[Calls]<UL><LI><a href="#[88]">&gt;&gt;</a>&nbsp;&nbsp;&nbsp;Show_NextNum
<LI><a href="#[62]">&gt;&gt;</a>&nbsp;&nbsp;&nbsp;delay_ms
</UL>
<BR>[Address Reference Count : 1]<UL><LI> my_function.o(.text)
</UL>
<P><STRONG><a name="[2a]"></a>My_ChangeMin_Up</STRONG> (Thumb, 54 bytes, Stack size 8 bytes, colock.o(.text))
<BR><BR>[Stack]<UL><LI>Max Depth = 188<LI>Call Chain = My_ChangeMin_Up &rArr; Show_NextNum &rArr; LCD_ShowString &rArr; LCD_ShowCharColor &rArr; LCD_DrawFRONT_COLOR &rArr; LCD_Set_Window
</UL>
<BR>[Calls]<UL><LI><a href="#[88]">&gt;&gt;</a>&nbsp;&nbsp;&nbsp;Show_NextNum
<LI><a href="#[62]">&gt;&gt;</a>&nbsp;&nbsp;&nbsp;delay_ms
</UL>
<BR>[Address Reference Count : 1]<UL><LI> my_function.o(.text)
</UL>
<P><STRONG><a name="[29]"></a>My_ChangeMin_Down</STRONG> (Thumb, 52 bytes, Stack size 8 bytes, colock.o(.text))
<BR><BR>[Stack]<UL><LI>Max Depth = 188<LI>Call Chain = My_ChangeMin_Down &rArr; Show_NextNum &rArr; LCD_ShowString &rArr; LCD_ShowCharColor &rArr; LCD_DrawFRONT_COLOR &rArr; LCD_Set_Window
</UL>
<BR>[Calls]<UL><LI><a href="#[88]">&gt;&gt;</a>&nbsp;&nbsp;&nbsp;Show_NextNum
<LI><a href="#[62]">&gt;&gt;</a>&nbsp;&nbsp;&nbsp;delay_ms
</UL>
<BR>[Address Reference Count : 1]<UL><LI> my_function.o(.text)
</UL>
<P><STRONG><a name="[2b]"></a>My_ChangeRepeat_Daily</STRONG> (Thumb, 60 bytes, Stack size 8 bytes, colock.o(.text))
<BR><BR>[Stack]<UL><LI>Max Depth = 144<LI>Call Chain = My_ChangeRepeat_Daily &rArr; LCD_ShowFont16Char &rArr; EN25QXX_Read &rArr; SPI2_ReadWriteByte
</UL>
<BR>[Calls]<UL><LI><a href="#[74]">&gt;&gt;</a>&nbsp;&nbsp;&nbsp;LCD_ShowFont16Char
<LI><a href="#[62]">&gt;&gt;</a>&nbsp;&nbsp;&nbsp;delay_ms
</UL>
<BR>[Address Reference Count : 1]<UL><LI> my_function.o(.text)
</UL>
<P><STRONG><a name="[2c]"></a>My_ChangeRepeat_OnlyOne</STRONG> (Thumb, 60 bytes, Stack size 8 bytes, colock.o(.text))
<BR><BR>[Stack]<UL><LI>Max Depth = 144<LI>Call Chain = My_ChangeRepeat_OnlyOne &rArr; LCD_ShowFont16Char &rArr; EN25QXX_Read &rArr; SPI2_ReadWriteByte
</UL>
<BR>[Calls]<UL><LI><a href="#[74]">&gt;&gt;</a>&nbsp;&nbsp;&nbsp;LCD_ShowFont16Char
<LI><a href="#[62]">&gt;&gt;</a>&nbsp;&nbsp;&nbsp;delay_ms
</UL>
<BR>[Address Reference Count : 1]<UL><LI> my_function.o(.text)
</UL>
<P><STRONG><a name="[2d]"></a>My_ChangeRing_KC</STRONG> (Thumb, 64 bytes, Stack size 8 bytes, colock.o(.text))
<BR><BR>[Stack]<UL><LI>Max Depth = 144<LI>Call Chain = My_ChangeRing_KC &rArr; LCD_ShowFont16Char &rArr; EN25QXX_Read &rArr; SPI2_ReadWriteByte
</UL>
<BR>[Calls]<UL><LI><a href="#[74]">&gt;&gt;</a>&nbsp;&nbsp;&nbsp;LCD_ShowFont16Char
<LI><a href="#[62]">&gt;&gt;</a>&nbsp;&nbsp;&nbsp;delay_ms
</UL>
<BR>[Address Reference Count : 1]<UL><LI> my_function.o(.text)
</UL>
<P><STRONG><a name="[2e]"></a>My_ChangeRing_ZX</STRONG> (Thumb, 64 bytes, Stack size 8 bytes, colock.o(.text))
<BR><BR>[Stack]<UL><LI>Max Depth = 144<LI>Call Chain = My_ChangeRing_ZX &rArr; LCD_ShowFont16Char &rArr; EN25QXX_Read &rArr; SPI2_ReadWriteByte
</UL>
<BR>[Calls]<UL><LI><a href="#[74]">&gt;&gt;</a>&nbsp;&nbsp;&nbsp;LCD_ShowFont16Char
<LI><a href="#[62]">&gt;&gt;</a>&nbsp;&nbsp;&nbsp;delay_ms
</UL>
<BR>[Address Reference Count : 1]<UL><LI> my_function.o(.text)
</UL>
<P><STRONG><a name="[2f]"></a>My_Cancel</STRONG> (Thumb, 40 bytes, Stack size 8 bytes, colock.o(.text))
<BR><BR>[Stack]<UL><LI>Max Depth = 144<LI>Call Chain = My_Cancel &rArr; LCD_ShowFont16Char &rArr; EN25QXX_Read &rArr; SPI2_ReadWriteByte
</UL>
<BR>[Calls]<UL><LI><a href="#[ab]">&gt;&gt;</a>&nbsp;&nbsp;&nbsp;Exit
<LI><a href="#[74]">&gt;&gt;</a>&nbsp;&nbsp;&nbsp;LCD_ShowFont16Char
<LI><a href="#[62]">&gt;&gt;</a>&nbsp;&nbsp;&nbsp;delay_ms
</UL>
<BR>[Address Reference Count : 1]<UL><LI> my_function.o(.text)
</UL>
<P><STRONG><a name="[30]"></a>My_Save</STRONG> (Thumb, 84 bytes, Stack size 8 bytes, colock.o(.text))
<BR><BR>[Stack]<UL><LI>Max Depth = 144<LI>Call Chain = My_Save &rArr; LCD_ShowFont16Char &rArr; EN25QXX_Read &rArr; SPI2_ReadWriteByte
</UL>
<BR>[Calls]<UL><LI><a href="#[ab]">&gt;&gt;</a>&nbsp;&nbsp;&nbsp;Exit
<LI><a href="#[74]">&gt;&gt;</a>&nbsp;&nbsp;&nbsp;LCD_ShowFont16Char
<LI><a href="#[62]">&gt;&gt;</a>&nbsp;&nbsp;&nbsp;delay_ms
</UL>
<BR>[Address Reference Count : 1]<UL><LI> my_function.o(.text)
</UL>
<P><STRONG><a name="[d1]"></a>kong</STRONG> (Thumb, 2 bytes, Stack size 0 bytes, my_music.o(.text))
<BR>[Address Reference Count : 1]<UL><LI> my_music.o(.text)
</UL>
<P><STRONG><a name="[c2]"></a>My_Music_Init</STRONG> (Thumb, 130 bytes, Stack size 16 bytes, my_music.o(.text))
<BR><BR>[Stack]<UL><LI>Max Depth = 20<LI>Call Chain = My_Music_Init &rArr; __aeabi_memclr4
</UL>
<BR>[Calls]<UL><LI><a href="#[b8]">&gt;&gt;</a>&nbsp;&nbsp;&nbsp;__aeabi_memclr4
</UL>
<BR>[Called By]<UL><LI><a href="#[9c]">&gt;&gt;</a>&nbsp;&nbsp;&nbsp;My_Music_init
</UL>

<P><STRONG><a name="[c3]"></a>Music_Install</STRONG> (Thumb, 140 bytes, Stack size 32 bytes, my_music.o(.text))
<BR><BR>[Stack]<UL><LI>Max Depth = 32<LI>Call Chain = Music_Install
</UL>
<BR>[Calls]<UL><LI><a href="#[c4]">&gt;&gt;</a>&nbsp;&nbsp;&nbsp;__aeabi_memcpy
</UL>
<BR>[Called By]<UL><LI><a href="#[9c]">&gt;&gt;</a>&nbsp;&nbsp;&nbsp;My_Music_init
</UL>

<P><STRONG><a name="[21a]"></a>MUSIC_Open</STRONG> (Thumb, 20 bytes, Stack size 0 bytes, my_music.o(.text), UNUSED)

<P><STRONG><a name="[21b]"></a>MUSIC_Close</STRONG> (Thumb, 20 bytes, Stack size 0 bytes, my_music.o(.text), UNUSED)

<P><STRONG><a name="[21c]"></a>MUSIC_Destory</STRONG> (Thumb, 20 bytes, Stack size 0 bytes, my_music.o(.text), UNUSED)

<P><STRONG><a name="[21d]"></a>MUSIC_DownLoad</STRONG> (Thumb, 20 bytes, Stack size 0 bytes, my_music.o(.text), UNUSED)

<P><STRONG><a name="[21e]"></a>MUSIC_Manager</STRONG> (Thumb, 78 bytes, Stack size 8 bytes, my_music.o(.text), UNUSED)

<P><STRONG><a name="[c5]"></a>Show_Music_Button</STRONG> (Thumb, 76 bytes, Stack size 40 bytes, my_music.o(.text))
<BR><BR>[Stack]<UL><LI>Max Depth = 164<LI>Call Chain = Show_Music_Button &rArr; LCD_DrawRectangle_color &rArr; LCD_DrawLine_Color &rArr; LCD_DrawFRONT_COLOR &rArr; LCD_Set_Window
</UL>
<BR>[Calls]<UL><LI><a href="#[8d]">&gt;&gt;</a>&nbsp;&nbsp;&nbsp;LCD_DrawRectangle_color
<LI><a href="#[80]">&gt;&gt;</a>&nbsp;&nbsp;&nbsp;LCD_ShowFont12Char
<LI><a href="#[71]">&gt;&gt;</a>&nbsp;&nbsp;&nbsp;LCD_Fill
</UL>
<BR>[Called By]<UL><LI><a href="#[d3]">&gt;&gt;</a>&nbsp;&nbsp;&nbsp;Show_MusicAdd
<LI><a href="#[85]">&gt;&gt;</a>&nbsp;&nbsp;&nbsp;Show_Music_Library
</UL>

<P><STRONG><a name="[c6]"></a>Show_Volume</STRONG> (Thumb, 262 bytes, Stack size 56 bytes, my_music.o(.text))
<BR><BR>[Stack]<UL><LI>Max Depth = 180<LI>Call Chain = Show_Volume &rArr; LCD_DrawRectangle_color &rArr; LCD_DrawLine_Color &rArr; LCD_DrawFRONT_COLOR &rArr; LCD_Set_Window
</UL>
<BR>[Calls]<UL><LI><a href="#[8d]">&gt;&gt;</a>&nbsp;&nbsp;&nbsp;LCD_DrawRectangle_color
<LI><a href="#[89]">&gt;&gt;</a>&nbsp;&nbsp;&nbsp;itoa
<LI><a href="#[8b]">&gt;&gt;</a>&nbsp;&nbsp;&nbsp;LCD_ShowString
<LI><a href="#[80]">&gt;&gt;</a>&nbsp;&nbsp;&nbsp;LCD_ShowFont12Char
<LI><a href="#[71]">&gt;&gt;</a>&nbsp;&nbsp;&nbsp;LCD_Fill
<LI><a href="#[8a]">&gt;&gt;</a>&nbsp;&nbsp;&nbsp;strcat
</UL>
<BR>[Called By]<UL><LI><a href="#[20]">&gt;&gt;</a>&nbsp;&nbsp;&nbsp;Music_Volume
<LI><a href="#[85]">&gt;&gt;</a>&nbsp;&nbsp;&nbsp;Show_Music_Library
</UL>

<P><STRONG><a name="[c7]"></a>Strcat_Music</STRONG> (Thumb, 110 bytes, Stack size 40 bytes, my_music.o(.text))
<BR><BR>[Stack]<UL><LI>Max Depth = 160<LI>Call Chain = Strcat_Music &rArr; LCD_ShowFont12Char &rArr; EN25QXX_Read &rArr; SPI2_ReadWriteByte
</UL>
<BR>[Calls]<UL><LI><a href="#[89]">&gt;&gt;</a>&nbsp;&nbsp;&nbsp;itoa
<LI><a href="#[80]">&gt;&gt;</a>&nbsp;&nbsp;&nbsp;LCD_ShowFont12Char
</UL>
<BR>[Called By]<UL><LI><a href="#[c8]">&gt;&gt;</a>&nbsp;&nbsp;&nbsp;Show_MusicLine
</UL>

<P><STRONG><a name="[c8]"></a>Show_MusicLine</STRONG> (Thumb, 370 bytes, Stack size 8 bytes, my_music.o(.text))
<BR><BR>[Stack]<UL><LI>Max Depth = 168<LI>Call Chain = Show_MusicLine &rArr; Strcat_Music &rArr; LCD_ShowFont12Char &rArr; EN25QXX_Read &rArr; SPI2_ReadWriteByte
</UL>
<BR>[Calls]<UL><LI><a href="#[c7]">&gt;&gt;</a>&nbsp;&nbsp;&nbsp;Strcat_Music
<LI><a href="#[71]">&gt;&gt;</a>&nbsp;&nbsp;&nbsp;LCD_Fill
</UL>
<BR>[Called By]<UL><LI><a href="#[1b]">&gt;&gt;</a>&nbsp;&nbsp;&nbsp;Select_MusicLine
<LI><a href="#[1f]">&gt;&gt;</a>&nbsp;&nbsp;&nbsp;Music_Next
<LI><a href="#[1d]">&gt;&gt;</a>&nbsp;&nbsp;&nbsp;Music_Last
<LI><a href="#[1c]">&gt;&gt;</a>&nbsp;&nbsp;&nbsp;Music_Delete
<LI><a href="#[85]">&gt;&gt;</a>&nbsp;&nbsp;&nbsp;Show_Music_Library
</UL>

<P><STRONG><a name="[85]"></a>Show_Music_Library</STRONG> (Thumb, 364 bytes, Stack size 24 bytes, my_music.o(.text))
<BR><BR>[Stack]<UL><LI>Max Depth = 204<LI>Call Chain = Show_Music_Library &rArr; Show_Volume &rArr; LCD_DrawRectangle_color &rArr; LCD_DrawLine_Color &rArr; LCD_DrawFRONT_COLOR &rArr; LCD_Set_Window
</UL>
<BR>[Calls]<UL><LI><a href="#[c8]">&gt;&gt;</a>&nbsp;&nbsp;&nbsp;Show_MusicLine
<LI><a href="#[c6]">&gt;&gt;</a>&nbsp;&nbsp;&nbsp;Show_Volume
<LI><a href="#[c5]">&gt;&gt;</a>&nbsp;&nbsp;&nbsp;Show_Music_Button
<LI><a href="#[80]">&gt;&gt;</a>&nbsp;&nbsp;&nbsp;LCD_ShowFont12Char
<LI><a href="#[7c]">&gt;&gt;</a>&nbsp;&nbsp;&nbsp;Iocn
<LI><a href="#[73]">&gt;&gt;</a>&nbsp;&nbsp;&nbsp;LCD_DrawLine_Color
</UL>
<BR>[Called By]<UL><LI><a href="#[84]">&gt;&gt;</a>&nbsp;&nbsp;&nbsp;music_BackGround
</UL>

<P><STRONG><a name="[1e]"></a>Music_Play</STRONG> (Thumb, 240 bytes, Stack size 24 bytes, my_music.o(.text))
<BR><BR>[Stack]<UL><LI>Max Depth = 2144<LI>Call Chain = Music_Play &rArr; Music_Display &rArr; MP3_PlaySong &rArr;  Music_Play (Cycle)
</UL>
<BR>[Calls]<UL><LI><a href="#[c9]">&gt;&gt;</a>&nbsp;&nbsp;&nbsp;Music_Display
<LI><a href="#[7c]">&gt;&gt;</a>&nbsp;&nbsp;&nbsp;Iocn
<LI><a href="#[62]">&gt;&gt;</a>&nbsp;&nbsp;&nbsp;delay_ms
</UL>
<BR>[Called By]<UL><LI><a href="#[1b]">&gt;&gt;</a>&nbsp;&nbsp;&nbsp;Select_MusicLine
<LI><a href="#[1b3]">&gt;&gt;</a>&nbsp;&nbsp;&nbsp;MP3_PlaySong
</UL>
<BR>[Address Reference Count : 1]<UL><LI> my_function.o(.text)
</UL>
<P><STRONG><a name="[1b]"></a>Select_MusicLine</STRONG> (Thumb, 532 bytes, Stack size 24 bytes, my_music.o(.text))
<BR><BR>[Stack]<UL><LI>Max Depth = 2168 + In Cycle
<LI>Call Chain = Select_MusicLine &rArr;  Music_Play (Cycle)
</UL>
<BR>[Calls]<UL><LI><a href="#[c8]">&gt;&gt;</a>&nbsp;&nbsp;&nbsp;Show_MusicLine
<LI><a href="#[1e]">&gt;&gt;</a>&nbsp;&nbsp;&nbsp;Music_Play
<LI><a href="#[7c]">&gt;&gt;</a>&nbsp;&nbsp;&nbsp;Iocn
<LI><a href="#[62]">&gt;&gt;</a>&nbsp;&nbsp;&nbsp;delay_ms
</UL>
<BR>[Called By]<UL><LI><a href="#[1b3]">&gt;&gt;</a>&nbsp;&nbsp;&nbsp;MP3_PlaySong
</UL>
<BR>[Address Reference Count : 1]<UL><LI> my_function.o(.text)
</UL>
<P><STRONG><a name="[ca]"></a>Strcat_Music2</STRONG> (Thumb, 188 bytes, Stack size 40 bytes, my_music.o(.text))
<BR><BR>[Stack]<UL><LI>Max Depth = 160<LI>Call Chain = Strcat_Music2 &rArr; LCD_ShowFont12Char &rArr; EN25QXX_Read &rArr; SPI2_ReadWriteByte
</UL>
<BR>[Calls]<UL><LI><a href="#[89]">&gt;&gt;</a>&nbsp;&nbsp;&nbsp;itoa
<LI><a href="#[80]">&gt;&gt;</a>&nbsp;&nbsp;&nbsp;LCD_ShowFont12Char
</UL>
<BR>[Called By]<UL><LI><a href="#[cb]">&gt;&gt;</a>&nbsp;&nbsp;&nbsp;Show_MusicLine2
</UL>

<P><STRONG><a name="[cb]"></a>Show_MusicLine2</STRONG> (Thumb, 370 bytes, Stack size 8 bytes, my_music.o(.text))
<BR><BR>[Stack]<UL><LI>Max Depth = 168<LI>Call Chain = Show_MusicLine2 &rArr; Strcat_Music2 &rArr; LCD_ShowFont12Char &rArr; EN25QXX_Read &rArr; SPI2_ReadWriteByte
</UL>
<BR>[Calls]<UL><LI><a href="#[ca]">&gt;&gt;</a>&nbsp;&nbsp;&nbsp;Strcat_Music2
<LI><a href="#[71]">&gt;&gt;</a>&nbsp;&nbsp;&nbsp;LCD_Fill
</UL>
<BR>[Called By]<UL><LI><a href="#[d3]">&gt;&gt;</a>&nbsp;&nbsp;&nbsp;Show_MusicAdd
<LI><a href="#[d0]">&gt;&gt;</a>&nbsp;&nbsp;&nbsp;Select_MusicLine2
[...]
</UL>
<BR>[Calls]<UL><LI><a href="#[15d]">&gt;&gt;</a>&nbsp;&nbsp;&nbsp;sync_window
<LI><a href="#[148]">&gt;&gt;</a>&nbsp;&nbsp;&nbsp;disk_read
</UL>
<BR>[Called By]<UL><LI><a href="#[191]">&gt;&gt;</a>&nbsp;&nbsp;&nbsp;f_getlabel
<LI><a href="#[18f]">&gt;&gt;</a>&nbsp;&nbsp;&nbsp;f_rename
<LI><a href="#[186]">&gt;&gt;</a>&nbsp;&nbsp;&nbsp;f_sync
<LI><a href="#[180]">&gt;&gt;</a>&nbsp;&nbsp;&nbsp;f_open
<LI><a href="#[162]">&gt;&gt;</a>&nbsp;&nbsp;&nbsp;put_fat
<LI><a href="#[161]">&gt;&gt;</a>&nbsp;&nbsp;&nbsp;get_fat
<LI><a href="#[17c]">&gt;&gt;</a>&nbsp;&nbsp;&nbsp;find_volume
<LI><a href="#[17b]">&gt;&gt;</a>&nbsp;&nbsp;&nbsp;check_fs
<LI><a href="#[174]">&gt;&gt;</a>&nbsp;&nbsp;&nbsp;dir_remove
<LI><a href="#[172]">&gt;&gt;</a>&nbsp;&nbsp;&nbsp;dir_register
<LI><a href="#[170]">&gt;&gt;</a>&nbsp;&nbsp;&nbsp;dir_read
<LI><a href="#[16d]">&gt;&gt;</a>&nbsp;&nbsp;&nbsp;dir_find
<LI><a href="#[168]">&gt;&gt;</a>&nbsp;&nbsp;&nbsp;dir_alloc
<LI><a href="#[15c]">&gt;&gt;</a>&nbsp;&nbsp;&nbsp;f_getfree
</UL>

<P><STRONG><a name="[15f]"></a>sync_fs</STRONG> (Thumb, 200 bytes, Stack size 16 bytes, ff.o(.text))
<BR><BR>[Stack]<UL><LI>Max Depth = 176<LI>Call Chain = sync_fs &rArr; sync_window &rArr; disk_write &rArr; EN25QXX_Write &rArr; EN25QXX_Write_NoCheck &rArr; EN25QXX_Write_Page &rArr; EN25QXX_Wait_Busy &rArr; EN25QXX_ReadSR &rArr; SPI2_ReadWriteByte
</UL>
<BR>[Calls]<UL><LI><a href="#[15d]">&gt;&gt;</a>&nbsp;&nbsp;&nbsp;sync_window
<LI><a href="#[160]">&gt;&gt;</a>&nbsp;&nbsp;&nbsp;mem_set
<LI><a href="#[14e]">&gt;&gt;</a>&nbsp;&nbsp;&nbsp;disk_ioctl
<LI><a href="#[14b]">&gt;&gt;</a>&nbsp;&nbsp;&nbsp;disk_write
</UL>
<BR>[Called By]<UL><LI><a href="#[192]">&gt;&gt;</a>&nbsp;&nbsp;&nbsp;f_setlabel
<LI><a href="#[190]">&gt;&gt;</a>&nbsp;&nbsp;&nbsp;f_utime
<LI><a href="#[18f]">&gt;&gt;</a>&nbsp;&nbsp;&nbsp;f_rename
<LI><a href="#[18e]">&gt;&gt;</a>&nbsp;&nbsp;&nbsp;f_chmod
<LI><a href="#[18d]">&gt;&gt;</a>&nbsp;&nbsp;&nbsp;f_mkdir
<LI><a href="#[18c]">&gt;&gt;</a>&nbsp;&nbsp;&nbsp;f_unlink
<LI><a href="#[186]">&gt;&gt;</a>&nbsp;&nbsp;&nbsp;f_sync
</UL>

<P><STRONG><a name="[163]"></a>remove_chain</STRONG> (Thumb, 108 bytes, Stack size 24 bytes, ff.o(.text))
<BR><BR>[Stack]<UL><LI>Max Depth = 232<LI>Call Chain = remove_chain &rArr; put_fat &rArr; move_window &rArr; sync_window &rArr; disk_write &rArr; EN25QXX_Write &rArr; EN25QXX_Write_NoCheck &rArr; EN25QXX_Write_Page &rArr; EN25QXX_Wait_Busy &rArr; EN25QXX_ReadSR &rArr; SPI2_ReadWriteByte
</UL>
<BR>[Calls]<UL><LI><a href="#[162]">&gt;&gt;</a>&nbsp;&nbsp;&nbsp;put_fat
<LI><a href="#[161]">&gt;&gt;</a>&nbsp;&nbsp;&nbsp;get_fat
</UL>
<BR>[Called By]<UL><LI><a href="#[18d]">&gt;&gt;</a>&nbsp;&nbsp;&nbsp;f_mkdir
<LI><a href="#[18c]">&gt;&gt;</a>&nbsp;&nbsp;&nbsp;f_unlink
<LI><a href="#[18b]">&gt;&gt;</a>&nbsp;&nbsp;&nbsp;f_truncate
<LI><a href="#[180]">&gt;&gt;</a>&nbsp;&nbsp;&nbsp;f_open
</UL>

<P><STRONG><a name="[164]"></a>create_chain</STRONG> (Thumb, 214 bytes, Stack size 32 bytes, ff.o(.text))
<BR><BR>[Stack]<UL><LI>Max Depth = 240<LI>Call Chain = create_chain &rArr; put_fat &rArr; move_window &rArr; sync_window &rArr; disk_write &rArr; EN25QXX_Write &rArr; EN25QXX_Write_NoCheck &rArr; EN25QXX_Write_Page &rArr; EN25QXX_Wait_Busy &rArr; EN25QXX_ReadSR &rArr; SPI2_ReadWriteByte
</UL>
<BR>[Calls]<UL><LI><a href="#[162]">&gt;&gt;</a>&nbsp;&nbsp;&nbsp;put_fat
<LI><a href="#[161]">&gt;&gt;</a>&nbsp;&nbsp;&nbsp;get_fat
</UL>
<BR>[Called By]<UL><LI><a href="#[18d]">&gt;&gt;</a>&nbsp;&nbsp;&nbsp;f_mkdir
<LI><a href="#[188]">&gt;&gt;</a>&nbsp;&nbsp;&nbsp;f_lseek
<LI><a href="#[185]">&gt;&gt;</a>&nbsp;&nbsp;&nbsp;f_write
<LI><a href="#[167]">&gt;&gt;</a>&nbsp;&nbsp;&nbsp;dir_next
</UL>

<P><STRONG><a name="[184]"></a>clmt_clust</STRONG> (Thumb, 50 bytes, Stack size 16 bytes, ff.o(.text))
<BR><BR>[Stack]<UL><LI>Max Depth = 16<LI>Call Chain = clmt_clust
</UL>
<BR>[Called By]<UL><LI><a href="#[188]">&gt;&gt;</a>&nbsp;&nbsp;&nbsp;f_lseek
<LI><a href="#[185]">&gt;&gt;</a>&nbsp;&nbsp;&nbsp;f_write
<LI><a href="#[183]">&gt;&gt;</a>&nbsp;&nbsp;&nbsp;f_read
</UL>

<P><STRONG><a name="[165]"></a>dir_sdi</STRONG> (Thumb, 158 bytes, Stack size 24 bytes, ff.o(.text))
<BR><BR>[Stack]<UL><LI>Max Depth = 232<LI>Call Chain = dir_sdi &rArr; get_fat &rArr; move_window &rArr; sync_window &rArr; disk_write &rArr; EN25QXX_Write &rArr; EN25QXX_Write_NoCheck &rArr; EN25QXX_Write_Page &rArr; EN25QXX_Wait_Busy &rArr; EN25QXX_ReadSR &rArr; SPI2_ReadWriteByte
</UL>
<BR>[Calls]<UL><LI><a href="#[161]">&gt;&gt;</a>&nbsp;&nbsp;&nbsp;get_fat
<LI><a href="#[166]">&gt;&gt;</a>&nbsp;&nbsp;&nbsp;clust2sect
</UL>
<BR>[Called By]<UL><LI><a href="#[192]">&gt;&gt;</a>&nbsp;&nbsp;&nbsp;f_setlabel
<LI><a href="#[191]">&gt;&gt;</a>&nbsp;&nbsp;&nbsp;f_getlabel
<LI><a href="#[18c]">&gt;&gt;</a>&nbsp;&nbsp;&nbsp;f_unlink
<LI><a href="#[179]">&gt;&gt;</a>&nbsp;&nbsp;&nbsp;follow_path
<LI><a href="#[174]">&gt;&gt;</a>&nbsp;&nbsp;&nbsp;dir_remove
<LI><a href="#[172]">&gt;&gt;</a>&nbsp;&nbsp;&nbsp;dir_register
<LI><a href="#[16d]">&gt;&gt;</a>&nbsp;&nbsp;&nbsp;dir_find
<LI><a href="#[168]">&gt;&gt;</a>&nbsp;&nbsp;&nbsp;dir_alloc
<LI><a href="#[15a]">&gt;&gt;</a>&nbsp;&nbsp;&nbsp;f_readdir
<LI><a href="#[159]">&gt;&gt;</a>&nbsp;&nbsp;&nbsp;f_opendir
</UL>

<P><STRONG><a name="[167]"></a>dir_next</STRONG> (Thumb, 268 bytes, Stack size 24 bytes, ff.o(.text))
<BR><BR>[Stack]<UL><LI>Max Depth = 264<LI>Call Chain = dir_next &rArr; create_chain &rArr; put_fat &rArr; move_window &rArr; sync_window &rArr; disk_write &rArr; EN25QXX_Write &rArr; EN25QXX_Write_NoCheck &rArr; EN25QXX_Write_Page &rArr; EN25QXX_Wait_Busy &rArr; EN25QXX_ReadSR &rArr; SPI2_ReadWriteByte
</UL>
<BR>[Calls]<UL><LI><a href="#[161]">&gt;&gt;</a>&nbsp;&nbsp;&nbsp;get_fat
<LI><a href="#[166]">&gt;&gt;</a>&nbsp;&nbsp;&nbsp;clust2sect
<LI><a href="#[164]">&gt;&gt;</a>&nbsp;&nbsp;&nbsp;create_chain
<LI><a href="#[15d]">&gt;&gt;</a>&nbsp;&nbsp;&nbsp;sync_window
<LI><a href="#[160]">&gt;&gt;</a>&nbsp;&nbsp;&nbsp;mem_set
</UL>
<BR>[Called By]<UL><LI><a href="#[174]">&gt;&gt;</a>&nbsp;&nbsp;&nbsp;dir_remove
<LI><a href="#[172]">&gt;&gt;</a>&nbsp;&nbsp;&nbsp;dir_register
<LI><a href="#[170]">&gt;&gt;</a>&nbsp;&nbsp;&nbsp;dir_read
<LI><a href="#[16d]">&gt;&gt;</a>&nbsp;&nbsp;&nbsp;dir_find
<LI><a href="#[168]">&gt;&gt;</a>&nbsp;&nbsp;&nbsp;dir_alloc
<LI><a href="#[15a]">&gt;&gt;</a>&nbsp;&nbsp;&nbsp;f_readdir
</UL>

<P><STRONG><a name="[168]"></a>dir_alloc</STRONG> (Thumb, 92 bytes, Stack size 24 bytes, ff.o(.text))
<BR><BR>[Stack]<UL><LI>Max Depth = 288<LI>Call Chain = dir_alloc &rArr; dir_next &rArr; create_chain &rArr; put_fat &rArr; move_window &rArr; sync_window &rArr; disk_write &rArr; EN25QXX_Write &rArr; EN25QXX_Write_NoCheck &rArr; EN25QXX_Write_Page &rArr; EN25QXX_Wait_Busy &rArr; EN25QXX_ReadSR &rArr; SPI2_ReadWriteByte
</UL>
<BR>[Calls]<UL><LI><a href="#[167]">&gt;&gt;</a>&nbsp;&nbsp;&nbsp;dir_next
<LI><a href="#[165]">&gt;&gt;</a>&nbsp;&nbsp;&nbsp;dir_sdi
<LI><a href="#[15e]">&gt;&gt;</a>&nbsp;&nbsp;&nbsp;move_window
</UL>
<BR>[Called By]<UL><LI><a href="#[192]">&gt;&gt;</a>&nbsp;&nbsp;&nbsp;f_setlabel
<LI><a href="#[172]">&gt;&gt;</a>&nbsp;&nbsp;&nbsp;dir_register
</UL>

<P><STRONG><a name="[17a]"></a>ld_clust</STRONG> (Thumb, 32 bytes, Stack size 8 bytes, ff.o(.text))
<BR><BR>[Stack]<UL><LI>Max Depth = 8<LI>Call Chain = ld_clust
</UL>
<BR>[Called By]<UL><LI><a href="#[18f]">&gt;&gt;</a>&nbsp;&nbsp;&nbsp;f_rename
<LI><a href="#[18c]">&gt;&gt;</a>&nbsp;&nbsp;&nbsp;f_unlink
<LI><a href="#[180]">&gt;&gt;</a>&nbsp;&nbsp;&nbsp;f_open
<LI><a href="#[179]">&gt;&gt;</a>&nbsp;&nbsp;&nbsp;follow_path
<LI><a href="#[159]">&gt;&gt;</a>&nbsp;&nbsp;&nbsp;f_opendir
</UL>

<P><STRONG><a name="[182]"></a>st_clust</STRONG> (Thumb, 16 bytes, Stack size 0 bytes, ff.o(.text))
<BR><BR>[Called By]<UL><LI><a href="#[18f]">&gt;&gt;</a>&nbsp;&nbsp;&nbsp;f_rename
<LI><a href="#[18d]">&gt;&gt;</a>&nbsp;&nbsp;&nbsp;f_mkdir
<LI><a href="#[186]">&gt;&gt;</a>&nbsp;&nbsp;&nbsp;f_sync
<LI><a href="#[180]">&gt;&gt;</a>&nbsp;&nbsp;&nbsp;f_open
</UL>

<P><STRONG><a name="[169]"></a>cmp_lfn</STRONG> (Thumb, 154 bytes, Stack size 32 bytes, ff.o(.text))
<BR><BR>[Stack]<UL><LI>Max Depth = 44<LI>Call Chain = cmp_lfn &rArr; ff_wtoupper
</UL>
<BR>[Calls]<UL><LI><a href="#[16a]">&gt;&gt;</a>&nbsp;&nbsp;&nbsp;ff_wtoupper
</UL>
<BR>[Called By]<UL><LI><a href="#[16d]">&gt;&gt;</a>&nbsp;&nbsp;&nbsp;dir_find
</UL>

<P><STRONG><a name="[171]"></a>pick_lfn</STRONG> (Thumb, 124 bytes, Stack size 20 bytes, ff.o(.text), UNUSED)
<BR><BR>[Called By]<UL><LI><a href="#[170]">&gt;&gt;</a>&nbsp;&nbsp;&nbsp;dir_read
</UL>

<P><STRONG><a name="[173]"></a>fit_lfn</STRONG> (Thumb, 122 bytes, Stack size 20 bytes, ff.o(.text))
<BR><BR>[Stack]<UL><LI>Max Depth = 20<LI>Call Chain = fit_lfn
</UL>
<BR>[Called By]<UL><LI><a href="#[172]">&gt;&gt;</a>&nbsp;&nbsp;&nbsp;dir_register
</UL>

<P><STRONG><a name="[16b]"></a>gen_numname</STRONG> (Thumb, 198 bytes, Stack size 64 bytes, ff.o(.text))
<BR><BR>[Stack]<UL><LI>Max Depth = 80<LI>Call Chain = gen_numname &rArr; mem_cpy
</UL>
<BR>[Calls]<UL><LI><a href="#[16c]">&gt;&gt;</a>&nbsp;&nbsp;&nbsp;mem_cpy
</UL>
<BR>[Called By]<UL><LI><a href="#[172]">&gt;&gt;</a>&nbsp;&nbsp;&nbsp;dir_register
</UL>

<P><STRONG><a name="[16e]"></a>sum_sfn</STRONG> (Thumb, 32 bytes, Stack size 12 bytes, ff.o(.text))
<BR><BR>[Stack]<UL><LI>Max Depth = 12<LI>Call Chain = sum_sfn
</UL>
<BR>[Called By]<UL><LI><a href="#[172]">&gt;&gt;</a>&nbsp;&nbsp;&nbsp;dir_register
<LI><a href="#[170]">&gt;&gt;</a>&nbsp;&nbsp;&nbsp;dir_read
<LI><a href="#[16d]">&gt;&gt;</a>&nbsp;&nbsp;&nbsp;dir_find
</UL>

<P><STRONG><a name="[16d]"></a>dir_find</STRONG> (Thumb, 234 bytes, Stack size 32 bytes, ff.o(.text))
<BR><BR>[Stack]<UL><LI>Max Depth = 296<LI>Call Chain = dir_find &rArr; dir_next &rArr; create_chain &rArr; put_fat &rArr; move_window &rArr; sync_window &rArr; disk_write &rArr; EN25QXX_Write &rArr; EN25QXX_Write_NoCheck &rArr; EN25QXX_Write_Page &rArr; EN25QXX_Wait_Busy &rArr; EN25QXX_ReadSR &rArr; SPI2_ReadWriteByte
</UL>
<BR>[Calls]<UL><LI><a href="#[16e]">&gt;&gt;</a>&nbsp;&nbsp;&nbsp;sum_sfn
<LI><a href="#[169]">&gt;&gt;</a>&nbsp;&nbsp;&nbsp;cmp_lfn
<LI><a href="#[167]">&gt;&gt;</a>&nbsp;&nbsp;&nbsp;dir_next
<LI><a href="#[165]">&gt;&gt;</a>&nbsp;&nbsp;&nbsp;dir_sdi
<LI><a href="#[15e]">&gt;&gt;</a>&nbsp;&nbsp;&nbsp;move_window
<LI><a href="#[16f]">&gt;&gt;</a>&nbsp;&nbsp;&nbsp;mem_cmp
</UL>
<BR>[Called By]<UL><LI><a href="#[179]">&gt;&gt;</a>&nbsp;&nbsp;&nbsp;follow_path
<LI><a href="#[172]">&gt;&gt;</a>&nbsp;&nbsp;&nbsp;dir_register
</UL>

<P><STRONG><a name="[170]"></a>dir_read</STRONG> (Thumb, 206 bytes, Stack size 40 bytes, ff.o(.text), UNUSED)
<BR><BR>[Calls]<UL><LI><a href="#[16e]">&gt;&gt;</a>&nbsp;&nbsp;&nbsp;sum_sfn
<LI><a href="#[171]">&gt;&gt;</a>&nbsp;&nbsp;&nbsp;pick_lfn
<LI><a href="#[167]">&gt;&gt;</a>&nbsp;&nbsp;&nbsp;dir_next
<LI><a href="#[15e]">&gt;&gt;</a>&nbsp;&nbsp;&nbsp;move_window
</UL>
<BR>[Called By]<UL><LI><a href="#[192]">&gt;&gt;</a>&nbsp;&nbsp;&nbsp;f_setlabel
<LI><a href="#[191]">&gt;&gt;</a>&nbsp;&nbsp;&nbsp;f_getlabel
<LI><a href="#[18c]">&gt;&gt;</a>&nbsp;&nbsp;&nbsp;f_unlink
<LI><a href="#[15a]">&gt;&gt;</a>&nbsp;&nbsp;&nbsp;f_readdir
</UL>

<P><STRONG><a name="[172]"></a>dir_register</STRONG> (Thumb, 298 bytes, Stack size 48 bytes, ff.o(.text))
<BR><BR>[Stack]<UL><LI>Max Depth = 344<LI>Call Chain = dir_register &rArr; dir_find &rArr; dir_next &rArr; create_chain &rArr; put_fat &rArr; move_window &rArr; sync_window &rArr; disk_write &rArr; EN25QXX_Write &rArr; EN25QXX_Write_NoCheck &rArr; EN25QXX_Write_Page &rArr; EN25QXX_Wait_Busy &rArr; EN25QXX_ReadSR &rArr; SPI2_ReadWriteByte
</UL>
<BR>[Calls]<UL><LI><a href="#[16d]">&gt;&gt;</a>&nbsp;&nbsp;&nbsp;dir_find
<LI><a href="#[16e]">&gt;&gt;</a>&nbsp;&nbsp;&nbsp;sum_sfn
<LI><a href="#[16b]">&gt;&gt;</a>&nbsp;&nbsp;&nbsp;gen_numname
<LI><a href="#[173]">&gt;&gt;</a>&nbsp;&nbsp;&nbsp;fit_lfn
<LI><a href="#[168]">&gt;&gt;</a>&nbsp;&nbsp;&nbsp;dir_alloc
<LI><a href="#[167]">&gt;&gt;</a>&nbsp;&nbsp;&nbsp;dir_next
<LI><a href="#[165]">&gt;&gt;</a>&nbsp;&nbsp;&nbsp;dir_sdi
<LI><a href="#[15e]">&gt;&gt;</a>&nbsp;&nbsp;&nbsp;move_window
<LI><a href="#[160]">&gt;&gt;</a>&nbsp;&nbsp;&nbsp;mem_set
<LI><a href="#[16c]">&gt;&gt;</a>&nbsp;&nbsp;&nbsp;mem_cpy
</UL>
<BR>[Called By]<UL><LI><a href="#[18f]">&gt;&gt;</a>&nbsp;&nbsp;&nbsp;f_rename
<LI><a href="#[18d]">&gt;&gt;</a>&nbsp;&nbsp;&nbsp;f_mkdir
<LI><a href="#[180]">&gt;&gt;</a>&nbsp;&nbsp;&nbsp;f_open
</UL>

<P><STRONG><a name="[174]"></a>dir_remove</STRONG> (Thumb, 106 bytes, Stack size 16 bytes, ff.o(.text), UNUSED)
<BR><BR>[Calls]<UL><LI><a href="#[167]">&gt;&gt;</a>&nbsp;&nbsp;&nbsp;dir_next
<LI><a href="#[165]">&gt;&gt;</a>&nbsp;&nbsp;&nbsp;dir_sdi
<LI><a href="#[15e]">&gt;&gt;</a>&nbsp;&nbsp;&nbsp;move_window
<LI><a href="#[160]">&gt;&gt;</a>&nbsp;&nbsp;&nbsp;mem_set
</UL>
<BR>[Called By]<UL><LI><a href="#[18f]">&gt;&gt;</a>&nbsp;&nbsp;&nbsp;f_rename
<LI><a href="#[18c]">&gt;&gt;</a>&nbsp;&nbsp;&nbsp;f_unlink
</UL>

<P><STRONG><a name="[175]"></a>get_fileinfo</STRONG> (Thumb, 272 bytes, Stack size 40 bytes, ff.o(.text), UNUSED)
<BR><BR>[Calls]<UL><LI><a href="#[176]">&gt;&gt;</a>&nbsp;&nbsp;&nbsp;ff_convert
</UL>
<BR>[Called By]<UL><LI><a href="#[18a]">&gt;&gt;</a>&nbsp;&nbsp;&nbsp;f_stat
<LI><a href="#[15a]">&gt;&gt;</a>&nbsp;&nbsp;&nbsp;f_readdir
</UL>

<P><STRONG><a name="[177]"></a>create_name</STRONG> (Thumb, 604 bytes, Stack size 56 bytes, ff.o(.text))
<BR><BR>[Stack]<UL><LI>Max Depth = 80<LI>Call Chain = create_name &rArr; ff_convert
</UL>
<BR>[Calls]<UL><LI><a href="#[178]">&gt;&gt;</a>&nbsp;&nbsp;&nbsp;chk_chr
<LI><a href="#[160]">&gt;&gt;</a>&nbsp;&nbsp;&nbsp;mem_set
<LI><a href="#[16a]">&gt;&gt;</a>&nbsp;&nbsp;&nbsp;ff_wtoupper
<LI><a href="#[176]">&gt;&gt;</a>&nbsp;&nbsp;&nbsp;ff_convert
</UL>
<BR>[Called By]<UL><LI><a href="#[179]">&gt;&gt;</a>&nbsp;&nbsp;&nbsp;follow_path
</UL>

<P><STRONG><a name="[179]"></a>follow_path</STRONG> (Thumb, 144 bytes, Stack size 32 bytes, ff.o(.text))
<BR><BR>[Stack]<UL><LI>Max Depth = 328<LI>Call Chain = follow_path &rArr; dir_find &rArr; dir_next &rArr; create_chain &rArr; put_fat &rArr; move_window &rArr; sync_window &rArr; disk_write &rArr; EN25QXX_Write &rArr; EN25QXX_Write_NoCheck &rArr; EN25QXX_Write_Page &rArr; EN25QXX_Wait_Busy &rArr; EN25QXX_ReadSR &rArr; SPI2_ReadWriteByte
</UL>
<BR>[Calls]<UL><LI><a href="#[177]">&gt;&gt;</a>&nbsp;&nbsp;&nbsp;create_name
<LI><a href="#[16d]">&gt;&gt;</a>&nbsp;&nbsp;&nbsp;dir_find
<LI><a href="#[17a]">&gt;&gt;</a>&nbsp;&nbsp;&nbsp;ld_clust
<LI><a href="#[165]">&gt;&gt;</a>&nbsp;&nbsp;&nbsp;dir_sdi
</UL>
<BR>[Called By]<UL><LI><a href="#[190]">&gt;&gt;</a>&nbsp;&nbsp;&nbsp;f_utime
<LI><a href="#[18f]">&gt;&gt;</a>&nbsp;&nbsp;&nbsp;f_rename
<LI><a href="#[18e]">&gt;&gt;</a>&nbsp;&nbsp;&nbsp;f_chmod
<LI><a href="#[18d]">&gt;&gt;</a>&nbsp;&nbsp;&nbsp;f_mkdir
<LI><a href="#[18c]">&gt;&gt;</a>&nbsp;&nbsp;&nbsp;f_unlink
<LI><a href="#[18a]">&gt;&gt;</a>&nbsp;&nbsp;&nbsp;f_stat
<LI><a href="#[180]">&gt;&gt;</a>&nbsp;&nbsp;&nbsp;f_open
<LI><a href="#[159]">&gt;&gt;</a>&nbsp;&nbsp;&nbsp;f_opendir
</UL>

<P><STRONG><a name="[17d]"></a>get_ldnumber</STRONG> (Thumb, 74 bytes, Stack size 16 bytes, ff.o(.text))
<BR><BR>[Stack]<UL><LI>Max Depth = 16<LI>Call Chain = get_ldnumber
</UL>
<BR>[Called By]<UL><LI><a href="#[97]">&gt;&gt;</a>&nbsp;&nbsp;&nbsp;f_mount
<LI><a href="#[193]">&gt;&gt;</a>&nbsp;&nbsp;&nbsp;f_mkfs
<LI><a href="#[18f]">&gt;&gt;</a>&nbsp;&nbsp;&nbsp;f_rename
<LI><a href="#[17c]">&gt;&gt;</a>&nbsp;&nbsp;&nbsp;find_volume
</UL>

<P><STRONG><a name="[17b]"></a>check_fs</STRONG> (Thumb, 140 bytes, Stack size 16 bytes, ff.o(.text))
<BR><BR>[Stack]<UL><LI>Max Depth = 192<LI>Call Chain = check_fs &rArr; move_window &rArr; sync_window &rArr; disk_write &rArr; EN25QXX_Write &rArr; EN25QXX_Write_NoCheck &rArr; EN25QXX_Write_Page &rArr; EN25QXX_Wait_Busy &rArr; EN25QXX_ReadSR &rArr; SPI2_ReadWriteByte
</UL>
<BR>[Calls]<UL><LI><a href="#[15e]">&gt;&gt;</a>&nbsp;&nbsp;&nbsp;move_window
</UL>
<BR>[Called By]<UL><LI><a href="#[17c]">&gt;&gt;</a>&nbsp;&nbsp;&nbsp;find_volume
</UL>

<P><STRONG><a name="[17c]"></a>find_volume</STRONG> (Thumb, 930 bytes, Stack size 88 bytes, ff.o(.text))
<BR><BR>[Stack]<UL><LI>Max Depth = 280<LI>Call Chain = find_volume &rArr; check_fs &rArr; move_window &rArr; sync_window &rArr; disk_write &rArr; EN25QXX_Write &rArr; EN25QXX_Write_NoCheck &rArr; EN25QXX_Write_Page &rArr; EN25QXX_Wait_Busy &rArr; EN25QXX_ReadSR &rArr; SPI2_ReadWriteByte
</UL>
<BR>[Calls]<UL><LI><a href="#[17b]">&gt;&gt;</a>&nbsp;&nbsp;&nbsp;check_fs
<LI><a href="#[17d]">&gt;&gt;</a>&nbsp;&nbsp;&nbsp;get_ldnumber
<LI><a href="#[15e]">&gt;&gt;</a>&nbsp;&nbsp;&nbsp;move_window
<LI><a href="#[146]">&gt;&gt;</a>&nbsp;&nbsp;&nbsp;disk_initialize
<LI><a href="#[17e]">&gt;&gt;</a>&nbsp;&nbsp;&nbsp;disk_status
</UL>
<BR>[Called By]<UL><LI><a href="#[97]">&gt;&gt;</a>&nbsp;&nbsp;&nbsp;f_mount
<LI><a href="#[192]">&gt;&gt;</a>&nbsp;&nbsp;&nbsp;f_setlabel
<LI><a href="#[191]">&gt;&gt;</a>&nbsp;&nbsp;&nbsp;f_getlabel
<LI><a href="#[190]">&gt;&gt;</a>&nbsp;&nbsp;&nbsp;f_utime
<LI><a href="#[18f]">&gt;&gt;</a>&nbsp;&nbsp;&nbsp;f_rename
<LI><a href="#[18e]">&gt;&gt;</a>&nbsp;&nbsp;&nbsp;f_chmod
<LI><a href="#[18d]">&gt;&gt;</a>&nbsp;&nbsp;&nbsp;f_mkdir
<LI><a href="#[18c]">&gt;&gt;</a>&nbsp;&nbsp;&nbsp;f_unlink
<LI><a href="#[18a]">&gt;&gt;</a>&nbsp;&nbsp;&nbsp;f_stat
<LI><a href="#[180]">&gt;&gt;</a>&nbsp;&nbsp;&nbsp;f_open
<LI><a href="#[159]">&gt;&gt;</a>&nbsp;&nbsp;&nbsp;f_opendir
<LI><a href="#[15c]">&gt;&gt;</a>&nbsp;&nbsp;&nbsp;f_getfree
</UL>

<P><STRONG><a name="[17f]"></a>validate</STRONG> (Thumb, 50 bytes, Stack size 16 bytes, ff.o(.text))
<BR><BR>[Stack]<UL><LI>Max Depth = 16<LI>Call Chain = validate
</UL>
<BR>[Calls]<UL><LI><a href="#[17e]">&gt;&gt;</a>&nbsp;&nbsp;&nbsp;disk_status
</UL>
<BR>[Called By]<UL><LI><a href="#[18b]">&gt;&gt;</a>&nbsp;&nbsp;&nbsp;f_truncate
<LI><a href="#[189]">&gt;&gt;</a>&nbsp;&nbsp;&nbsp;f_closedir
<LI><a href="#[188]">&gt;&gt;</a>&nbsp;&nbsp;&nbsp;f_lseek
<LI><a href="#[187]">&gt;&gt;</a>&nbsp;&nbsp;&nbsp;f_close
<LI><a href="#[186]">&gt;&gt;</a>&nbsp;&nbsp;&nbsp;f_sync
<LI><a href="#[185]">&gt;&gt;</a>&nbsp;&nbsp;&nbsp;f_write
<LI><a href="#[183]">&gt;&gt;</a>&nbsp;&nbsp;&nbsp;f_read
<LI><a href="#[15a]">&gt;&gt;</a>&nbsp;&nbsp;&nbsp;f_readdir
</UL>

<P><STRONG><a name="[195]"></a>putc_bfd</STRONG> (Thumb, 68 bytes, Stack size 24 bytes, ff.o(.text), UNUSED)
<BR><BR>[Calls]<UL><LI><a href="#[185]">&gt;&gt;</a>&nbsp;&nbsp;&nbsp;f_write
</UL>
<BR>[Called By]<UL><LI><a href="#[198]">&gt;&gt;</a>&nbsp;&nbsp;&nbsp;f_printf
<LI><a href="#[197]">&gt;&gt;</a>&nbsp;&nbsp;&nbsp;f_puts
<LI><a href="#[196]">&gt;&gt;</a>&nbsp;&nbsp;&nbsp;f_putc
</UL>

<P><STRONG><a name="[1f2]"></a>_fadd1</STRONG> (Thumb, 0 bytes, Stack size unknown bytes, faddsub_clz.o(x$fpl$fadd), UNUSED)
<BR><BR>[Called By]<UL><LI><a href="#[1f1]">&gt;&gt;</a>&nbsp;&nbsp;&nbsp;_fsub
</UL>

<P><STRONG><a name="[1ea]"></a>_fsub1</STRONG> (Thumb, 0 bytes, Stack size unknown bytes, faddsub_clz.o(x$fpl$fsub), UNUSED)
<BR><BR>[Called By]<UL><LI><a href="#[1e9]">&gt;&gt;</a>&nbsp;&nbsp;&nbsp;_fadd
</UL>

<P><STRONG><a name="[34]"></a>_printf_input_char</STRONG> (Thumb, 10 bytes, Stack size 0 bytes, _printf_char_common.o(.text))
<BR>[Address Reference Count : 1]<UL><LI> _printf_char_common.o(.text)
</UL>
<P><STRONG><a name="[35]"></a>_scanf_char_input</STRONG> (Thumb, 12 bytes, Stack size 0 bytes, scanf_char.o(.text))
<BR>[Address Reference Count : 1]<UL><LI> scanf_char.o(.text)
</UL><P>
<H3>
Undefined Global Symbols
</H3><HR></body></html>
