ARM Linker, 5.03 [Build 76] [MDK-ARM Standard]

==============================================================================

Section Cross References

    startup_stm32f10x_hd.o(STACK) refers (Special) to heapauxi.o(.text) for __use_two_region_memory
    startup_stm32f10x_hd.o(HEAP) refers (Special) to heapauxi.o(.text) for __use_two_region_memory
    startup_stm32f10x_hd.o(RESET) refers (Special) to heapauxi.o(.text) for __use_two_region_memory
    startup_stm32f10x_hd.o(RESET) refers to startup_stm32f10x_hd.o(STACK) for __initial_sp
    startup_stm32f10x_hd.o(RESET) refers to startup_stm32f10x_hd.o(.text) for Reset_Handler
    startup_stm32f10x_hd.o(RESET) refers to irq.o(.text) for IRQ_Desacth
    startup_stm32f10x_hd.o(.text) refers (Special) to heapauxi.o(.text) for __use_two_region_memory
    startup_stm32f10x_hd.o(.text) refers to system_init.o(.text) for SystemInit
    startup_stm32f10x_hd.o(.text) refers to __main.o(!!!main) for __main
    startup_stm32f10x_hd.o(.text) refers to startup_stm32f10x_hd.o(HEAP) for Heap_Mem
    startup_stm32f10x_hd.o(.text) refers to startup_stm32f10x_hd.o(STACK) for Stack_Mem
    main.o(.text) refers to my_init.o(.text) for My_Init
    main.o(.text) refers to my_view.o(.text) for Main_Background
    main.o(.text) refers to time_irq.o(.text) for TIMER_TS_Install
    main.o(.text) refers to my_function.o(.text) for Main_Event
    main.o(.text) refers to dht11.o(.text) for DHT11_Show_T_H
    main.o(.text) refers to colock.o(.text) for CLock_Manager
    led.o(.text) refers to systick.o(.text) for SysTick_Init
    led.o(.text) refers to tftlcd.o(.text) for Busy
    led.o(.text) refers to led.o(.data) for x
    buzzer.o(.text) refers to systick.o(.text) for SysTick_Init
    keyboard.o(.text) refers to calloc.o(.text) for calloc
    keyboard.o(.text) refers to rt_memcpy_w.o(.text) for __aeabi_memcpy4
    keyboard.o(.text) refers to tftlcd.o(.text) for LCD_ShowCharColor
    keyboard.o(.text) refers to keyboard.o(.data) for pKeyInit
    keyboard.o(.text) refers to keyboard.o(.constdata) for .constdata
    keyboard.o(.text) refers to font_show.o(.text) for LCD_ShowFont16Char
    keyboard.o(.text) refers to picture.o(.constdata) for gImage_hide
    keyboard.o(.text) refers to systick.o(.text) for delay_ms
    keyboard.o(.text) refers to aeabi_memset.o(.text) for __aeabi_memset
    keyboard.o(.text) refers to touch.o(.data) for Touch_iFlag
    keyboard.o(.text) refers to my_music.o(.data) for Keyboard_Music
    keyboard.o(.text) refers to my_music.o(.bss) for MusicName
    keyboard.o(.text) refers to my_music.o(.text) for ChangName
    my_view.o(.text) refers to strlen.o(.text) for strlen
    my_view.o(.text) refers to tftlcd.o(.text) for LCD_ShowPicture
    my_view.o(.text) refers to font_show.o(.text) for LCD_ShowFont16Char
    my_view.o(.text) refers to keyboard.o(.text) for LCD_ShowKeyBG
    my_view.o(.text) refers to my_music.o(.text) for Show_Music_Library
    my_view.o(.text) refers to colock.o(.text) for My_Show_Clock
    my_view.o(.text) refers to rrtc.o(.text) for itoa
    my_view.o(.text) refers to strcat.o(.text) for strcat
    my_view.o(.text) refers to picture.o(.constdata) for gImage_jishiben
    my_view.o(.text) refers to my_view.o(.data) for Main_iFlag
    my_view.o(.text) refers to keyboard.o(.data) for Cursor_x
    boot_test.o(.text) refers to tftlcd.o(.text) for LCD_DrawRectangle_color
    boot_test.o(.text) refers to systick.o(.text) for delay_ms
    boot_test.o(.text) refers to buzzer.o(.text) for Buzzer_Lien
    my_init.o(.text) refers to dht11.o(.text) for DHT11_Init
    my_init.o(.text) refers to usart1.o(.text) for USART1_Init
    my_init.o(.text) refers to rrtc.o(.text) for RTC_Init
    my_init.o(.text) refers to flash.o(.text) for EN25QXX_Init
    my_init.o(.text) refers to malloc.o(.text) for my_mem_init
    my_init.o(.text) refers to ff.o(.text) for f_mount
    my_init.o(.text) refers to font_show.o(.text) for FontUpdate
    my_init.o(.text) refers to fatfs_app.o(.text) for FATFS_Init
    my_init.o(.text) refers to mp3player.o(.text) for MP3_Init
    my_init.o(.text) refers to music.o(.text) for Music_Init
    my_init.o(.text) refers to my_music.o(.text) for My_Music_init
    my_init.o(.text) refers to keyboard.o(.text) for KeyBorad_Init
    my_init.o(.text) refers to my_function.o(.text) for My_Event_Init
    my_init.o(.text) refers to irq.o(.text) for IRQ_Init
    my_init.o(.text) refers to time_irq.o(.text) for TIME_Init
    my_init.o(.text) refers to systick.o(.text) for SysTick_Init
    my_init.o(.text) refers to led.o(.text) for LED_Init
    my_init.o(.text) refers to tftlcd.o(.text) for TFTLCD_Init
    my_init.o(.text) refers to buzzer.o(.text) for Buzzer_Init
    my_init.o(.text) refers to touch.o(.text) for TOUCH_Init
    my_init.o(.text) refers to boot_test.o(.text) for Boot_test
    my_init.o(.text) refers to fatfs_app.o(.bss) for fs
[...]
    LED_CountDown                            0x08000499   Thumb Code    40  led.o(.text)
    My_LED                                   0x080004c1   Thumb Code    60  led.o(.text)
    Buzzer_Init                              0x0800052d   Thumb Code    50  buzzer.o(.text)
    Buzzer_Open                              0x0800055f   Thumb Code    18  buzzer.o(.text)
    Buzzer_Close                             0x08000571   Thumb Code    18  buzzer.o(.text)
    Buzzer_Lien                              0x08000583   Thumb Code    46  buzzer.o(.text)
    Buzzer_Lien2                             0x080005b1   Thumb Code    64  buzzer.o(.text)
    KeyBorad_Init                            0x080005f9   Thumb Code   536  keyboard.o(.text)
    KeyBorad_PriKeyBorad                     0x08000811   Thumb Code   308  keyboard.o(.text)
    LCD_ShowKey                              0x08000945   Thumb Code    54  keyboard.o(.text)
    LCD_ShowKeyBG                            0x0800097b   Thumb Code  2518  keyboard.o(.text)
    Qingping                                 0x08001351   Thumb Code    48  keyboard.o(.text)
    Huanghang                                0x08001381   Thumb Code    80  keyboard.o(.text)
    Delect                                   0x080013d1   Thumb Code   108  keyboard.o(.text)
    KeyBoard_Touch                           0x0800143d   Thumb Code  2748  keyboard.o(.text)
    LED_Cursor                               0x08001ef9   Thumb Code    74  keyboard.o(.text)
    Iocn                                     0x08001f65   Thumb Code    80  my_view.o(.text)
    Main_Iocn                                0x08001fb5   Thumb Code   154  my_view.o(.text)
    Main_Background                          0x0800204f   Thumb Code   106  my_view.o(.text)
    jishiben_BackGround                      0x080020b9   Thumb Code    92  my_view.o(.text)
    temperature_BackGround                   0x08002115   Thumb Code    72  my_view.o(.text)
    music_BackGround                         0x0800215d   Thumb Code    92  my_view.o(.text)
    colock_BackGround                        0x080021b9   Thumb Code    92  my_view.o(.text)
    Show_NextNum                             0x08002215   Thumb Code   358  my_view.o(.text)
    Show_Delete                              0x0800237b   Thumb Code     2  my_view.o(.text)
    NandFlash                                0x08002401   Thumb Code   258  boot_test.o(.text)
    Delay_point                              0x08002503   Thumb Code    96  boot_test.o(.text)
    My_test                                  0x08002563   Thumb Code  1276  boot_test.o(.text)
    Boot_BackGraound                         0x08002a5f   Thumb Code    48  boot_test.o(.text)
    Boot_test                                0x08002a8f   Thumb Code    24  boot_test.o(.text)
    Other_Init                               0x08002ac9   Thumb Code    68  my_init.o(.text)
    MyIRQ_Init                               0x08002b0d   Thumb Code    20  my_init.o(.text)
    Basic_Init                               0x08002b21   Thumb Code    26  my_init.o(.text)
    My_Init                                  0x08002b3b   Thumb Code    20  my_init.o(.text)
    Event_Init                               0x08002b59   Thumb Code    60  my_function.o(.text)
    Event_Install                            0x08002b95   Thumb Code    76  my_function.o(.text)
    Event_Open                               0x08002be1   Thumb Code    26  my_function.o(.text)
    Event_Close                              0x08002bfb   Thumb Code    26  my_function.o(.text)
    Event_Destory                            0x08002c15   Thumb Code    26  my_function.o(.text)
    Event_Manager                            0x08002c2f   Thumb Code    48  my_function.o(.text)
    Exit                                     0x08002c5f   Thumb Code    18  my_function.o(.text)
    Eevent_Touch                             0x08002c71   Thumb Code   104  my_function.o(.text)
    Music_Rename                             0x08002cd9   Thumb Code   104  my_function.o(.text)
    colock_Event                             0x08002d41   Thumb Code    50  my_function.o(.text)
    temperature_Event                        0x08002d73   Thumb Code    62  my_function.o(.text)
    music_Event                              0x08002db1   Thumb Code    74  my_function.o(.text)
    Txt_Event                                0x08002dfb   Thumb Code    88  my_function.o(.text)
    My_Event_Init                            0x08002e53   Thumb Code  1166  my_function.o(.text)
    Main_Event                               0x080032e1   Thumb Code    28  my_function.o(.text)
    Colock_Init                              0x08003345   Thumb Code    98  colock.o(.text)
    Clock_Install                            0x080033a7   Thumb Code    92  colock.o(.text)
    Clock_Open                               0x08003403   Thumb Code    26  colock.o(.text)
    Clock_Close                              0x0800341d   Thumb Code    14  colock.o(.text)
    Clock_Destory                            0x0800342b   Thumb Code    14  colock.o(.text)
    CLock_Manager                            0x08003439   Thumb Code   164  colock.o(.text)
    Show_Clock                               0x080034dd   Thumb Code   434  colock.o(.text)
    My_Show_Clock                            0x0800368f   Thumb Code    66  colock.o(.text)
    Change_Clock_Background                  0x080036d1   Thumb Code   602  colock.o(.text)
    Clock_UpLine                             0x0800392b   Thumb Code    84  colock.o(.text)
    My_DeleteClock2                          0x0800397f   Thumb Code    52  colock.o(.text)
    Change_Clock                             0x080039b3   Thumb Code    54  colock.o(.text)
    Clock_Sound                              0x080039e9   Thumb Code    54  colock.o(.text)
    Add_Clock                                0x08003a1f   Thumb Code   138  colock.o(.text)
    My_ChangeClock                           0x08003aa9   Thumb Code    74  colock.o(.text)
    My_OpenClock                             0x08003af3   Thumb Code   130  colock.o(.text)
    My_DeleteClock                           0x08003b75   Thumb Code    84  colock.o(.text)
    My_OpenClock2                            0x08003bc9   Thumb Code   132  colock.o(.text)
    My_ChangeHour_Up                         0x08003c4d   Thumb Code   172  colock.o(.text)
    My_ChangeHour_Down                       0x08003cf9   Thumb Code    52  colock.o(.text)
    My_ChangeMin_Up                          0x08003d2d   Thumb Code    54  colock.o(.text)
    My_ChangeMin_Down                        0x08003d63   Thumb Code    52  colock.o(.text)
    My_ChangeRepeat_Daily                    0x08003d97   Thumb Code    60  colock.o(.text)
    My_ChangeRepeat_OnlyOne                  0x08003dd3   Thumb Code    60  colock.o(.text)
    My_ChangeRing_KC                         0x08003e0f   Thumb Code    64  colock.o(.text)
    My_ChangeRing_ZX                         0x08003e4f   Thumb Code    64  colock.o(.text)
    My_Cancel                                0x08003e8f   Thumb Code    40  colock.o(.text)
    My_Save                                  0x08003eb7   Thumb Code    84  colock.o(.text)
    kong                                     0x08003f1d   Thumb Code     2  my_music.o(.text)
    My_Music_Init                            0x08003f1f   Thumb Code   130  my_music.o(.text)
    Music_Install                            0x08003fa1   Thumb Code   140  my_music.o(.text)
    MUSIC_Open                               0x0800402d   Thumb Code    20  my_music.o(.text)
    MUSIC_Close                              0x08004041   Thumb Code    20  my_music.o(.text)
    MUSIC_Destory                            0x08004055   Thumb Code    20  my_music.o(.text)
    MUSIC_DownLoad                           0x08004069   Thumb Code    20  my_music.o(.text)
    MUSIC_Manager                            0x0800407d   Thumb Code    78  my_music.o(.text)
    Show_Music_Button                        0x080040cb   Thumb Code    76  my_music.o(.text)
    Show_Volume                              0x08004117   Thumb Code   262  my_music.o(.text)
    Strcat_Music                             0x0800421d   Thumb Code   110  my_music.o(.text)
    Show_MusicLine                           0x0800428b   Thumb Code   370  my_music.o(.text)
    Show_Music_Library                       0x080043fd   Thumb Code   364  my_music.o(.text)
    Music_Play                               0x08004569   Thumb Code   240  my_music.o(.text)
    Select_MusicLine                         0x08004659   Thumb Code   532  my_music.o(.text)
    Strcat_Music2                            0x0800486d   Thumb Code   188  my_music.o(.text)
    Show_MusicLine2                          0x08004929   Thumb Code   370  my_music.o(.text)
    Music_UpLine                             0x08004a9b   Thumb Code    94  my_music.o(.text)
    Music_SetTime                            0x08004af9   Thumb Code   102  my_music.o(.text)
    Music_Add                                0x08004b5f   Thumb Code   156  my_music.o(.text)
    Select_MusicLine2                        0x08004bfb   Thumb Code   354  my_music.o(.text)
    My_Music_init                            0x08004d5d   Thumb Code   214  my_music.o(.text)
    My_MusicAdd_Fun                          0x08004e33   Thumb Code   144  my_music.o(.text)
    Show_MusicAdd                            0x08004ec3   Thumb Code   190  my_music.o(.text)
    My_MusicAdd                              0x08004f81   Thumb Code    36  my_music.o(.text)
    Music_Delete                             0x08004fa5   Thumb Code   184  my_music.o(.text)
    Music_Last                               0x0800505d   Thumb Code   104  my_music.o(.text)
    Music_Next                               0x080050c5   Thumb Code   526  my_music.o(.text)
    Music_Volume                             0x080052d3   Thumb Code   146  my_music.o(.text)
    Show_RenameBackground                    0x08005365   Thumb Code    60  my_music.o(.text)
    Rename_Exit                              0x080053a1   Thumb Code    30  my_music.o(.text)
    ChangName                                0x080053bf   Thumb Code    56  my_music.o(.text)
    SystemInit                               0x08005435   Thumb Code   120  system_init.o(.text)
    SysTick_Init                             0x080054b5   Thumb Code    40  systick.o(.text)
    delay_us                                 0x080054dd   Thumb Code    70  systick.o(.text)
    delay_ms                                 0x08005523   Thumb Code    70  systick.o(.text)
    TFTLCD_GPIO_Init                         0x08005571   Thumb Code    98  tftlcd.o(.text)
    TFTLCD_FSMC_Init                         0x080055d3   Thumb Code   126  tftlcd.o(.text)
    LCD_WriteCmd                             0x08005651   Thumb Code     6  tftlcd.o(.text)
    LCD_WriteData                            0x08005657   Thumb Code     8  tftlcd.o(.text)
    LCD_WriteCmdData                         0x0800565f   Thumb Code    20  tftlcd.o(.text)
    LCD_RGBColor_Change                      0x08005673   Thumb Code    28  tftlcd.o(.text)
    LCD_WriteData_Color                      0x0800568f   Thumb Code     8  tftlcd.o(.text)
    LCD_ReadData                             0x08005697   Thumb Code     8  tftlcd.o(.text)
    LCD_Display_Dir                          0x0800569f   Thumb Code    96  tftlcd.o(.text)
    LCD_Set_Window                           0x080056ff   Thumb Code   192  tftlcd.o(.text)
    LCD_Clear                                0x080057bf   Thumb Code    68  tftlcd.o(.text)
    TFTLCD_Init                              0x08005803   Thumb Code   752  tftlcd.o(.text)
    LCD_Fill                                 0x08005af3   Thumb Code    92  tftlcd.o(.text)
    LCD_DrawPoint                            0x08005b4f   Thumb Code    28  tftlcd.o(.text)
    LCD_DrawFRONT_COLOR                      0x08005b6b   Thumb Code    28  tftlcd.o(.text)
    LCD_ReadPoint                            0x08005b87   Thumb Code    70  tftlcd.o(.text)
    LCD_DrawLine                             0x08005bcd   Thumb Code   176  tftlcd.o(.text)
    LCD_DrawLine_Color                       0x08005c7d   Thumb Code   172  tftlcd.o(.text)
    LCD_DrowSign                             0x08005d29   Thumb Code   132  tftlcd.o(.text)
    LCD_DrawRectangle                        0x08005dad   Thumb Code    60  tftlcd.o(.text)
    LCD_DrawRectangle_color                  0x08005de9   Thumb Code    74  tftlcd.o(.text)
    LCD_Draw_Circle                          0x08005e33   Thumb Code   152  tftlcd.o(.text)
    LCD_ShowPicture                          0x08005ecb   Thumb Code    92  tftlcd.o(.text)
    LCD_ShowCharColor                        0x08005f27   Thumb Code   272  tftlcd.o(.text)
    LCD_Pow                                  0x08006037   Thumb Code    22  tftlcd.o(.text)
    LCD_ShowNumColor                         0x0800604d   Thumb Code   150  tftlcd.o(.text)
    LCD_ShowFontHZ                           0x080060e3   Thumb Code   306  tftlcd.o(.text)
    LCD_ShowString                           0x08006215   Thumb Code    70  tftlcd.o(.text)
    Free                                     0x0800625b   Thumb Code    64  tftlcd.o(.text)
    Busy                                     0x0800629b   Thumb Code    66  tftlcd.o(.text)
    RCC_DeInit                               0x080062fd   Thumb Code    68  stm32f10x_rcc.o(.text)
    RCC_HSEConfig                            0x08006341   Thumb Code    70  stm32f10x_rcc.o(.text)
    RCC_GetFlagStatus                        0x08006387   Thumb Code    56  stm32f10x_rcc.o(.text)
    RCC_WaitForHSEStartUp                    0x080063bf   Thumb Code    56  stm32f10x_rcc.o(.text)
    RCC_AdjustHSICalibrationValue            0x080063f7   Thumb Code    20  stm32f10x_rcc.o(.text)
    RCC_HSICmd                               0x0800640b   Thumb Code     6  stm32f10x_rcc.o(.text)
    RCC_PLLConfig                            0x08006411   Thumb Code    24  stm32f10x_rcc.o(.text)
    RCC_PLLCmd                               0x08006429   Thumb Code     6  stm32f10x_rcc.o(.text)
    RCC_PREDIV1Config                        0x0800642f   Thumb Code    24  stm32f10x_rcc.o(.text)
    RCC_SYSCLKConfig                         0x08006447   Thumb Code    18  stm32f10x_rcc.o(.text)
    RCC_GetSYSCLKSource                      0x08006459   Thumb Code    10  stm32f10x_rcc.o(.text)
    RCC_HCLKConfig                           0x08006463   Thumb Code    18  stm32f10x_rcc.o(.text)
    RCC_PCLK1Config                          0x08006475   Thumb Code    18  stm32f10x_rcc.o(.text)
    RCC_PCLK2Config                          0x08006487   Thumb Code    20  stm32f10x_rcc.o(.text)
    RCC_ITConfig                             0x0800649b   Thumb Code    26  stm32f10x_rcc.o(.text)
    RCC_USBCLKConfig                         0x080064b5   Thumb Code     6  stm32f10x_rcc.o(.text)
    RCC_ADCCLKConfig                         0x080064bb   Thumb Code    18  stm32f10x_rcc.o(.text)
    RCC_LSEConfig                            0x080064cd   Thumb Code    44  stm32f10x_rcc.o(.text)
    RCC_LSICmd                               0x080064f9   Thumb Code     6  stm32f10x_rcc.o(.text)
    RCC_RTCCLKConfig                         0x080064ff   Thumb Code    12  stm32f10x_rcc.o(.text)
    RCC_RTCCLKCmd                            0x0800650b   Thumb Code     8  stm32f10x_rcc.o(.text)
    RCC_GetClocksFreq                        0x08006513   Thumb Code   190  stm32f10x_rcc.o(.text)
    RCC_AHBPeriphClockCmd                    0x080065d1   Thumb Code    26  stm32f10x_rcc.o(.text)
    RCC_APB2PeriphClockCmd                   0x080065eb   Thumb Code    26  stm32f10x_rcc.o(.text)
    RCC_APB1PeriphClockCmd                   0x08006605   Thumb Code    26  stm32f10x_rcc.o(.text)
    RCC_APB2PeriphResetCmd                   0x0800661f   Thumb Code    26  stm32f10x_rcc.o(.text)
    RCC_APB1PeriphResetCmd                   0x08006639   Thumb Code    26  stm32f10x_rcc.o(.text)
    RCC_BackupResetCmd                       0x08006653   Thumb Code     8  stm32f10x_rcc.o(.text)
    RCC_ClockSecuritySystemCmd               0x0800665b   Thumb Code     6  stm32f10x_rcc.o(.text)
    RCC_MCOConfig                            0x08006661   Thumb Code     6  stm32f10x_rcc.o(.text)
    RCC_ClearFlag                            0x08006667   Thumb Code    14  stm32f10x_rcc.o(.text)
    RCC_GetITStatus                          0x08006675   Thumb Code    20  stm32f10x_rcc.o(.text)
    RCC_ClearITPendingBit                    0x08006689   Thumb Code     6  stm32f10x_rcc.o(.text)
    GPIO_DeInit                              0x080066c1   Thumb Code   172  stm32f10x_gpio.o(.text)
    GPIO_AFIODeInit                          0x0800676d   Thumb Code    20  stm32f10x_gpio.o(.text)
    GPIO_Init                                0x08006781   Thumb Code   274  stm32f10x_gpio.o(.text)
    GPIO_StructInit                          0x08006893   Thumb Code    16  stm32f10x_gpio.o(.text)
    GPIO_ReadInputDataBit                    0x080068a3   Thumb Code    18  stm32f10x_gpio.o(.text)
    GPIO_ReadInputData                       0x080068b5   Thumb Code     8  stm32f10x_gpio.o(.text)
    GPIO_ReadOutputDataBit                   0x080068bd   Thumb Code    18  stm32f10x_gpio.o(.text)
    GPIO_ReadOutputData                      0x080068cf   Thumb Code     8  stm32f10x_gpio.o(.text)
    GPIO_SetBits                             0x080068d7   Thumb Code     4  stm32f10x_gpio.o(.text)
    GPIO_ResetBits                           0x080068db   Thumb Code     4  stm32f10x_gpio.o(.text)
    GPIO_WriteBit                            0x080068df   Thumb Code    10  stm32f10x_gpio.o(.text)
    GPIO_Write                               0x080068e9   Thumb Code     4  stm32f10x_gpio.o(.text)
    GPIO_PinLockConfig                       0x080068ed   Thumb Code    18  stm32f10x_gpio.o(.text)
    GPIO_EventOutputConfig                   0x080068ff   Thumb Code    26  stm32f10x_gpio.o(.text)
    GPIO_EventOutputCmd                      0x08006919   Thumb Code     6  stm32f10x_gpio.o(.text)
    GPIO_PinRemapConfig                      0x0800691f   Thumb Code   138  stm32f10x_gpio.o(.text)
    GPIO_EXTILineConfig                      0x080069a9   Thumb Code    66  stm32f10x_gpio.o(.text)
    GPIO_ETH_MediaInterfaceConfig            0x080069eb   Thumb Code     6  stm32f10x_gpio.o(.text)
    FSMC_NORSRAMDeInit                       0x08006a19   Thumb Code    56  stm32f10x_fsmc.o(.text)
    FSMC_NANDDeInit                          0x08006a51   Thumb Code    62  stm32f10x_fsmc.o(.text)
    FSMC_PCCARDDeInit                        0x08006a8f   Thumb Code    40  stm32f10x_fsmc.o(.text)
    FSMC_NORSRAMInit                         0x08006ab7   Thumb Code   224  stm32f10x_fsmc.o(.text)
    FSMC_NANDInit                            0x08006b97   Thumb Code   130  stm32f10x_fsmc.o(.text)
    FSMC_PCCARDInit                          0x08006c19   Thumb Code   124  stm32f10x_fsmc.o(.text)
    FSMC_NORSRAMStructInit                   0x08006c95   Thumb Code   114  stm32f10x_fsmc.o(.text)
    FSMC_NANDStructInit                      0x08006d07   Thumb Code    54  stm32f10x_fsmc.o(.text)
    FSMC_PCCARDStructInit                    0x08006d3d   Thumb Code    60  stm32f10x_fsmc.o(.text)
    FSMC_NORSRAMCmd                          0x08006d79   Thumb Code    46  stm32f10x_fsmc.o(.text)
    FSMC_NANDCmd                             0x08006da7   Thumb Code    86  stm32f10x_fsmc.o(.text)
    FSMC_PCCARDCmd                           0x08006dfd   Thumb Code    40  stm32f10x_fsmc.o(.text)
    FSMC_NANDECCCmd                          0x08006e25   Thumb Code   118  stm32f10x_fsmc.o(.text)
    FSMC_GetECC                              0x08006e9b   Thumb Code    22  stm32f10x_fsmc.o(.text)
    FSMC_ITConfig                            0x08006eb1   Thumb Code   128  stm32f10x_fsmc.o(.text)
    FSMC_GetFlagStatus                       0x08006f31   Thumb Code    48  stm32f10x_fsmc.o(.text)
    FSMC_ClearFlag                           0x08006f61   Thumb Code    62  stm32f10x_fsmc.o(.text)
    FSMC_GetITStatus                         0x08006f9f   Thumb Code    60  stm32f10x_fsmc.o(.text)
    FSMC_ClearITPendingBit                   0x08006fdb   Thumb Code    64  stm32f10x_fsmc.o(.text)
    KEY_Gpio_Init                            0x08007031   Thumb Code   104  irq.o(.text)
    KEY_Exti_Init                            0x08007099   Thumb Code    90  irq.o(.text)
    EXTI4_IRQHandler                         0x080070f3   Thumb Code     8  irq.o(.text)
    IRQ_Install                              0x080070fb   Thumb Code   134  irq.o(.text)
    EXTI3_IRQHandler                         0x08007181   Thumb Code     8  irq.o(.text)
    EXTI2_IRQHandler                         0x08007189   Thumb Code     8  irq.o(.text)
    EXTI0_IRQHandler                         0x08007191   Thumb Code     8  irq.o(.text)
    KEY_Irq_Init                             0x08007199   Thumb Code    52  irq.o(.text)
    IRQ_Init                                 0x080071cd   Thumb Code    30  irq.o(.text)
    IRQ_Unload                               0x080071eb   Thumb Code    74  irq.o(.text)
    IRQ_PriorityGroup                        0x08007235   Thumb Code   100  irq.o(.text)
    IRQ_Priority                             0x08007299   Thumb Code    28  irq.o(.text)
    IRQ_Desacth                              0x080072b5   Thumb Code   520  irq.o(.text)
    AT24CXX_Init                             0x080074cd   Thumb Code     8  24cxx.o(.text)
    AT24CXX_ReadOneByte                      0x080074d5   Thumb Code    88  24cxx.o(.text)
    AT24CXX_WriteOneByte                     0x0800752d   Thumb Code    80  24cxx.o(.text)
    AT24CXX_WriteLenByte                     0x0800757d   Thumb Code    42  24cxx.o(.text)
    AT24CXX_ReadLenByte                      0x080075a7   Thumb Code    44  24cxx.o(.text)
    AT24CXX_Check                            0x080075d3   Thumb Code    46  24cxx.o(.text)
    AT24CXX_Read                             0x08007601   Thumb Code    34  24cxx.o(.text)
    AT24CXX_Write                            0x08007623   Thumb Code    36  24cxx.o(.text)
    IIC_Init                                 0x08007649   Thumb Code    68  iic.o(.text)
    SDA_OUT                                  0x0800768d   Thumb Code    32  iic.o(.text)
    SDA_IN                                   0x080076ad   Thumb Code    26  iic.o(.text)
    IIC_Start                                0x080076c7   Thumb Code    50  iic.o(.text)
    IIC_Stop                                 0x080076f9   Thumb Code    50  iic.o(.text)
    IIC_Wait_Ack                             0x0800772b   Thumb Code    64  iic.o(.text)
    IIC_Ack                                  0x0800776b   Thumb Code    50  iic.o(.text)
    IIC_NAck                                 0x0800779d   Thumb Code    50  iic.o(.text)
    IIC_Send_Byte                            0x080077cf   Thumb Code    94  iic.o(.text)
    IIC_Read_Byte                            0x0800782d   Thumb Code    80  iic.o(.text)
    SPI1_ReadWriteByte                       0x08007891   Thumb Code    50  spi.o(.text)
    SPI1_Init                                0x080078c3   Thumb Code   128  spi.o(.text)
    SPI1_SetSpeed                            0x08007943   Thumb Code    36  spi.o(.text)
    SPI2_ReadWriteByte                       0x08007967   Thumb Code    50  spi.o(.text)
    SPI2_Init                                0x08007999   Thumb Code   130  spi.o(.text)
    SPI2_SetSpeed                            0x08007a1b   Thumb Code    36  spi.o(.text)
    SPI_I2S_DeInit                           0x08007a51   Thumb Code    76  stm32f10x_spi.o(.text)
    SPI_Init                                 0x08007a9d   Thumb Code    60  stm32f10x_spi.o(.text)
    I2S_Init                                 0x08007ad9   Thumb Code   226  stm32f10x_spi.o(.text)
    SPI_StructInit                           0x08007bbb   Thumb Code    24  stm32f10x_spi.o(.text)
    I2S_StructInit                           0x08007bd3   Thumb Code    20  stm32f10x_spi.o(.text)
    SPI_Cmd                                  0x08007be7   Thumb Code    24  stm32f10x_spi.o(.text)
    I2S_Cmd                                  0x08007bff   Thumb Code    24  stm32f10x_spi.o(.text)
    SPI_I2S_ITConfig                         0x08007c17   Thumb Code    32  stm32f10x_spi.o(.text)
    SPI_I2S_DMACmd                           0x08007c37   Thumb Code    18  stm32f10x_spi.o(.text)
    SPI_I2S_SendData                         0x08007c49   Thumb Code     4  stm32f10x_spi.o(.text)
    SPI_I2S_ReceiveData                      0x08007c4d   Thumb Code     6  stm32f10x_spi.o(.text)
    SPI_NSSInternalSoftwareConfig            0x08007c53   Thumb Code    30  stm32f10x_spi.o(.text)
    SPI_SSOutputCmd                          0x08007c71   Thumb Code    24  stm32f10x_spi.o(.text)
    SPI_DataSizeConfig                       0x08007c89   Thumb Code    18  stm32f10x_spi.o(.text)
    SPI_TransmitCRC                          0x08007c9b   Thumb Code    10  stm32f10x_spi.o(.text)
    SPI_CalculateCRC                         0x08007ca5   Thumb Code    24  stm32f10x_spi.o(.text)
    SPI_GetCRC                               0x08007cbd   Thumb Code    16  stm32f10x_spi.o(.text)
    SPI_GetCRCPolynomial                     0x08007ccd   Thumb Code     6  stm32f10x_spi.o(.text)
    SPI_BiDirectionalLineConfig              0x08007cd3   Thumb Code    28  stm32f10x_spi.o(.text)
    SPI_I2S_GetFlagStatus                    0x08007cef   Thumb Code    18  stm32f10x_spi.o(.text)
    SPI_I2S_ClearFlag                        0x08007d01   Thumb Code     6  stm32f10x_spi.o(.text)
    SPI_I2S_GetITStatus                      0x08007d07   Thumb Code    52  stm32f10x_spi.o(.text)
    SPI_I2S_ClearITPendingBit                0x08007d3b   Thumb Code    20  stm32f10x_spi.o(.text)
    TOUCH_ReadData                           0x08007d5d   Thumb Code   214  touch.o(.text)
    TOUCH_ReadXY                             0x08007e33   Thumb Code   158  touch.o(.text)
    TOUCH_ReadAdjust                         0x08007ed1   Thumb Code    98  touch.o(.text)
    TOUCH_Adjust                             0x08007f33   Thumb Code   424  touch.o(.text)
    TOUCH_Init                               0x080080db   Thumb Code    88  touch.o(.text)
    TOUCH_Scan                               0x08008133   Thumb Code   202  touch.o(.text)
    TIME_Init                                0x0800820d   Thumb Code    34  time_irq.o(.text)
    TIMEx_Install                            0x0800822f   Thumb Code   100  time_irq.o(.text)
    TIME_Unintall                            0x08008293   Thumb Code    26  time_irq.o(.text)
    TIME_Open                                0x080082ad   Thumb Code    16  time_irq.o(.text)
    TIME_Stop                                0x080082bd   Thumb Code    16  time_irq.o(.text)
    TIMER_TS_Init                            0x080082cd   Thumb Code    58  time_irq.o(.text)
    TIMER_TS_Install                         0x08008307   Thumb Code    58  time_irq.o(.text)
    TIMER_TS_Open                            0x08008341   Thumb Code    12  time_irq.o(.text)
    TIMER_TS_Close                           0x0800834d   Thumb Code    12  time_irq.o(.text)
    TIMER_TS_Destory                         0x08008359   Thumb Code    12  time_irq.o(.text)
    TIMER_TS_Manager                         0x08008365   Thumb Code   102  time_irq.o(.text)
    USART1_PutChar                           0x080083d5   Thumb Code    20  usart1.o(.text)
    USART1_PutStr                            0x080083e9   Thumb Code    22  usart1.o(.text)
    My_GetTime                               0x080083ff   Thumb Code   294  usart1.o(.text)
    Soft_Reset                               0x08008525   Thumb Code    42  usart1.o(.text)
    Write_Mem                                0x0800854f   Thumb Code   152  usart1.o(.text)
    Read_Mem                                 0x080085e7   Thumb Code   176  usart1.o(.text)
    USART1_GetChar                           0x08008697   Thumb Code    10  usart1.o(.text)
    USART1_pHandle                           0x080086a1   Thumb Code  1328  usart1.o(.text)
    USART1_Init                              0x08008bd1   Thumb Code   762  usart1.o(.text)
    USART1_GetStr                            0x08008ecb   Thumb Code    30  usart1.o(.text)
    itoa                                     0x08008eed   Thumb Code    66  rrtc.o(.text)
    RTC_Get_Week                             0x08008f2f   Thumb Code   116  rrtc.o(.text)
    Is_Leap_Year                             0x08008fa3   Thumb Code    50  rrtc.o(.text)
    RTC_Get                                  0x08008fd5   Thumb Code   240  rrtc.o(.text)
    RTC_ShowTime                             0x080090c5   Thumb Code   250  rrtc.o(.text)
    RTC_pHandle                              0x080091bf   Thumb Code     8  rrtc.o(.text)
    RTC_Set                                  0x080091c7   Thumb Code   190  rrtc.o(.text)
    RTC_Init                                 0x08009285   Thumb Code   300  rrtc.o(.text)
    RTC_Alarm_Set                            0x080093b1   Thumb Code   252  rrtc.o(.text)
    RTC_ITConfig                             0x080094c1   Thumb Code    26  stm32f10x_rtc.o(.text)
    RTC_EnterConfigMode                      0x080094db   Thumb Code    18  stm32f10x_rtc.o(.text)
    RTC_ExitConfigMode                       0x080094ed   Thumb Code    20  stm32f10x_rtc.o(.text)
    RTC_GetCounter                           0x08009501   Thumb Code    18  stm32f10x_rtc.o(.text)
    RTC_SetCounter                           0x08009513   Thumb Code    26  stm32f10x_rtc.o(.text)
    RTC_SetPrescaler                         0x0800952d   Thumb Code    28  stm32f10x_rtc.o(.text)
    RTC_SetAlarm                             0x08009549   Thumb Code    26  stm32f10x_rtc.o(.text)
    RTC_GetDivider                           0x08009563   Thumb Code    22  stm32f10x_rtc.o(.text)
    RTC_WaitForLastTask                      0x08009579   Thumb Code    16  stm32f10x_rtc.o(.text)
    RTC_WaitForSynchro                       0x08009589   Thumb Code    34  stm32f10x_rtc.o(.text)
    RTC_GetFlagStatus                        0x080095ab   Thumb Code    22  stm32f10x_rtc.o(.text)
    RTC_ClearFlag                            0x080095c1   Thumb Code    16  stm32f10x_rtc.o(.text)
    RTC_GetITStatus                          0x080095d1   Thumb Code    32  stm32f10x_rtc.o(.text)
    RTC_ClearITPendingBit                    0x080095f1   Thumb Code    16  stm32f10x_rtc.o(.text)
    DHT11_Init                               0x08009605   Thumb Code    52  dht11.o(.text)
    DHT11_SetMode                            0x08009639   Thumb Code    64  dht11.o(.text)
    DHT11_SetLever                           0x08009679   Thumb Code    58  dht11.o(.text)
    DHT11_ReadLever                          0x080096b3   Thumb Code    12  dht11.o(.text)
    DTH11_ReadBit                            0x080096bf   Thumb Code    70  dht11.o(.text)
    DTH11_ReadByte                           0x08009705   Thumb Code    30  dht11.o(.text)
    DHT11_Com_Agreement                      0x08009723   Thumb Code    84  dht11.o(.text)
    DHT11_ReadData                           0x08009777   Thumb Code    92  dht11.o(.text)
    DHT11_Show_T_H                           0x080097d3   Thumb Code   146  dht11.o(.text)
    DHT11_Show_LCD_T_H                       0x08009865   Thumb Code    40  dht11.o(.text)
    ff_convert                               0x08009939   Thumb Code   116  cc936.o(.text)
    ff_wtoupper                              0x080099ad   Thumb Code    84  cc936.o(.text)
    disk_status                              0x08009a11   Thumb Code    30  diskio.o(.text)
    disk_initialize                          0x08009a2f   Thumb Code    56  diskio.o(.text)
    disk_read                                0x08009a67   Thumb Code   124  diskio.o(.text)
    disk_write                               0x08009ae3   Thumb Code   120  diskio.o(.text)
    disk_ioctl                               0x08009b5b   Thumb Code   144  diskio.o(.text)
    get_fattime                              0x08009beb   Thumb Code     4  diskio.o(.text)
    ff_memalloc                              0x08009bef   Thumb Code    14  diskio.o(.text)
    ff_memfree                               0x08009bfd   Thumb Code    14  diskio.o(.text)
    FATFS_Init                               0x08009c11   Thumb Code   114  fatfs_app.o(.text)
    char_upper                               0x08009c83   Thumb Code    26  fatfs_app.o(.text)
    FATFS_ScanFilesType                      0x08009c9d   Thumb Code   172  fatfs_app.o(.text)
    FATFS_ScanFiles                          0x08009d49   Thumb Code   176  fatfs_app.o(.text)
    FATFS_GetFree                            0x08009df9   Thumb Code    74  fatfs_app.o(.text)
    clust2sect                               0x0800a013   Thumb Code    26  ff.o(.text)
    get_fat                                  0x0800a02d   Thumb Code   242  ff.o(.text)
    put_fat                                  0x0800a11f   Thumb Code   326  ff.o(.text)
    f_mount                                  0x0800b477   Thumb Code    86  ff.o(.text)
    f_open                                   0x0800b4cd   Thumb Code   402  ff.o(.text)
    f_read                                   0x0800b65f   Thumb Code   446  ff.o(.text)
    f_write                                  0x0800b81d   Thumb Code   488  ff.o(.text)
    f_sync                                   0x0800ba05   Thumb Code   174  ff.o(.text)
    f_close                                  0x0800bab3   Thumb Code    32  ff.o(.text)
    f_lseek                                  0x0800bad3   Thumb Code   680  ff.o(.text)
    f_opendir                                0x0800bd7b   Thumb Code   136  ff.o(.text)
    f_closedir                               0x0800be03   Thumb Code    22  ff.o(.text)
    f_readdir                                0x0800be19   Thumb Code   114  ff.o(.text)
    f_stat                                   0x0800be8b   Thumb Code    84  ff.o(.text)
    f_getfree                                0x0800bedf   Thumb Code   258  ff.o(.text)
    f_truncate                               0x0800bfe1   Thumb Code   184  ff.o(.text)
    f_unlink                                 0x0800c099   Thumb Code   190  ff.o(.text)
    f_mkdir                                  0x0800c157   Thumb Code   380  ff.o(.text)
    f_chmod                                  0x0800c2d3   Thumb Code   112  ff.o(.text)
    f_rename                                 0x0800c343   Thumb Code   290  ff.o(.text)
    f_utime                                  0x0800c465   Thumb Code   110  ff.o(.text)
    f_getlabel                               0x0800c4d3   Thumb Code   190  ff.o(.text)
    f_setlabel                               0x0800c591   Thumb Code   482  ff.o(.text)
    f_mkfs                                   0x0800c773   Thumb Code  1576  ff.o(.text)
    f_gets                                   0x0800cd9b   Thumb Code    82  ff.o(.text)
    f_putc                                   0x0800ce31   Thumb Code    64  ff.o(.text)
    f_puts                                   0x0800ce71   Thumb Code    74  ff.o(.text)
    f_printf                                 0x0800cebb   Thumb Code   674  ff.o(.text)
    EN25QXX_ReadID                           0x0800d15d   Thumb Code    66  flash.o(.text)
    EN25QXX_Init                             0x0800d19f   Thumb Code   154  flash.o(.text)
    EN25QXX_ReadSR                           0x0800d239   Thumb Code    38  flash.o(.text)
    EN25QXX_Write_SR                         0x0800d25f   Thumb Code    34  flash.o(.text)
    EN25QXX_Write_Enable                     0x0800d281   Thumb Code    26  flash.o(.text)
    EN25QXX_Write_Disable                    0x0800d29b   Thumb Code    26  flash.o(.text)
    EN25QXX_Read                             0x0800d2b5   Thumb Code    76  flash.o(.text)
    EN25QXX_Wait_Busy                        0x0800d301   Thumb Code    16  flash.o(.text)
    EN25QXX_Write_Page                       0x0800d311   Thumb Code    82  flash.o(.text)
    EN25QXX_Write_NoCheck                    0x0800d363   Thumb Code    70  flash.o(.text)
    EN25QXX_Erase_Sector                     0x0800d3a9   Thumb Code    64  flash.o(.text)
    EN25QXX_Write                            0x0800d3e9   Thumb Code   180  flash.o(.text)
    EN25QXX_Erase_Chip                       0x0800d49d   Thumb Code    38  flash.o(.text)
    EN25QXX_PowerDown                        0x0800d4c3   Thumb Code    32  flash.o(.text)
    EN25QXX_WAKEUP                           0x0800d4e3   Thumb Code    32  flash.o(.text)
    my_mem_cpy                               0x0800d521   Thumb Code    26  malloc.o(.text)
    my_mem_set                               0x0800d53b   Thumb Code    20  malloc.o(.text)
    my_mem_init                              0x0800d54f   Thumb Code    54  malloc.o(.text)
    my_mem_perused                           0x0800d585   Thumb Code    54  malloc.o(.text)
    my_mem_malloc                            0x0800d5bb   Thumb Code   154  malloc.o(.text)
    my_mem_free                              0x0800d655   Thumb Code    94  malloc.o(.text)
    myfree                                   0x0800d6b3   Thumb Code    32  malloc.o(.text)
    mymalloc                                 0x0800d6d3   Thumb Code    34  malloc.o(.text)
    myrealloc                                0x0800d6f5   Thumb Code    66  malloc.o(.text)
    MP3_EffectSetting                        0x0800d749   Thumb Code    54  mp3player.o(.text)
    MP3_BaseSetting                          0x0800d77f   Thumb Code    72  mp3player.o(.text)
    MP3_Init                                 0x0800d7c7   Thumb Code    52  mp3player.o(.text)
    MP3_AudioSetting                         0x0800d7fb   Thumb Code    26  mp3player.o(.text)
    MP3_ShowVolume                           0x0800d815   Thumb Code   146  mp3player.o(.text)
    MP3_PlaySong                             0x0800d8a7   Thumb Code   520  mp3player.o(.text)
    Music_Init                               0x0800db19   Thumb Code   110  music.o(.text)
    Music_Display                            0x0800db87   Thumb Code    46  music.o(.text)
    SD_SPI_ReadWriteByte                     0x0800dbdd   Thumb Code    12  sd.o(.text)
    SD_SPI_SpeedLow                          0x0800dbe9   Thumb Code    10  sd.o(.text)
    SD_SPI_SpeedHigh                         0x0800dbf3   Thumb Code    10  sd.o(.text)
    SD_SPI_Init                              0x0800dbfd   Thumb Code   114  sd.o(.text)
    SD_DisSelect                             0x0800dc6f   Thumb Code    18  sd.o(.text)
    SD_WaitReady                             0x0800dc81   Thumb Code    34  sd.o(.text)
    SD_Select                                0x0800dca3   Thumb Code    26  sd.o(.text)
    SD_GetResponse                           0x0800dcbd   Thumb Code    38  sd.o(.text)
    SD_RecvData                              0x0800dce3   Thumb Code    56  sd.o(.text)
    SD_SendBlock                             0x0800dd1b   Thumb Code    82  sd.o(.text)
    SD_SendCmd                               0x0800dd6d   Thumb Code   120  sd.o(.text)
    SD_GetCID                                0x0800dde5   Thumb Code    42  sd.o(.text)
    SD_GetCSD                                0x0800de0f   Thumb Code    42  sd.o(.text)
    SD_GetSectorCount                        0x0800de39   Thumb Code   118  sd.o(.text)
    SD_Init                                  0x0800deaf   Thumb Code   410  sd.o(.text)
    SD_ReadDisk                              0x0800e049   Thumb Code   112  sd.o(.text)
    SD_WriteDisk                             0x0800e0b9   Thumb Code   140  sd.o(.text)
    VS10XX_Config                            0x0800e149   Thumb Code    96  vs10xx.o(.text)
    VS10XX_WriteCmd                          0x0800e1a9   Thumb Code   110  vs10xx.o(.text)
    VS10XX_ReadData                          0x0800e217   Thumb Code   118  vs10xx.o(.text)
    VS10XX_HardwareReset                     0x0800e28d   Thumb Code    86  vs10xx.o(.text)
    VS10XX_SoftReset                         0x0800e2e3   Thumb Code   172  vs10xx.o(.text)
    VS10XX_RAM_Test                          0x0800e38f   Thumb Code   132  vs10xx.o(.text)
    VS10XX_SineTest                          0x0800e413   Thumb Code   198  vs10xx.o(.text)
    VS10XX_SendMusicData                     0x0800e4d9   Thumb Code    62  vs10xx.o(.text)
    FontUpdate                               0x0800e525   Thumb Code   378  font_show.o(.text)
    LCD_ShowFont12Char                       0x0800e69f   Thumb Code   362  font_show.o(.text)
    LCD_ShowFont16Char                       0x0800e809   Thumb Code   208  font_show.o(.text)
    calloc                                   0x0800e94d   Thumb Code    40  calloc.o(.text)
    __2sprintf                               0x0800e975   Thumb Code    34  noretval__2sprintf.o(.text)
    _printf_pre_padding                      0x0800e99d   Thumb Code    46  _printf_pad.o(.text)
    _printf_post_padding                     0x0800e9cb   Thumb Code    36  _printf_pad.o(.text)
    _printf_str                              0x0800e9ef   Thumb Code    82  _printf_str.o(.text)
    _printf_int_dec                          0x0800ea41   Thumb Code   102  _printf_dec.o(.text)
    _printf_int_hex                          0x0800eab9   Thumb Code    88  _printf_hex_int.o(.text)
    _printf_longlong_hex                     0x0800eab9   Thumb Code     0  _printf_hex_int.o(.text)
    __printf                                 0x0800eb15   Thumb Code   310  __printf_flags_wp.o(.text)
    __0sscanf                                0x0800ec51   Thumb Code    52  __0sscanf.o(.text)
    _scanf_int                               0x0800ec8d   Thumb Code   336  _scanf_int.o(.text)
    _scanf_string                            0x0800eddd   Thumb Code   218  _scanf_str.o(.text)
    strstr                                   0x0800eeb7   Thumb Code    36  strstr.o(.text)
    strcpy                                   0x0800eedb   Thumb Code    72  strcpy.o(.text)
    strlen                                   0x0800ef23   Thumb Code    62  strlen.o(.text)
    strcat                                   0x0800ef61   Thumb Code    24  strcat.o(.text)
    __aeabi_memcpy                           0x0800ef79   Thumb Code     0  rt_memcpy_v6.o(.text)
    __rt_memcpy                              0x0800ef79   Thumb Code   138  rt_memcpy_v6.o(.text)
    _memcpy_lastbytes                        0x0800efdf   Thumb Code     0  rt_memcpy_v6.o(.text)
    __aeabi_memcpy4                          0x0800f003   Thumb Code     0  rt_memcpy_w.o(.text)
    __aeabi_memcpy8                          0x0800f003   Thumb Code     0  rt_memcpy_w.o(.text)
    __rt_memcpy_w                            0x0800f003   Thumb Code   100  rt_memcpy_w.o(.text)
    _memcpy_lastbytes_aligned                0x0800f04b   Thumb Code     0  rt_memcpy_w.o(.text)
    __aeabi_memset                           0x0800f067   Thumb Code    16  aeabi_memset.o(.text)
    __aeabi_memclr4                          0x0800f077   Thumb Code     0  rt_memclr_w.o(.text)
    __aeabi_memclr8                          0x0800f077   Thumb Code     0  rt_memclr_w.o(.text)
    __rt_memclr_w                            0x0800f077   Thumb Code    78  rt_memclr_w.o(.text)
    _memset_w                                0x0800f07b   Thumb Code     0  rt_memclr_w.o(.text)
    strcmp                                   0x0800f0c5   Thumb Code   128  strcmpv7m.o(.text)
    __use_two_region_memory                  0x0800f145   Thumb Code     2  heapauxi.o(.text)
    __rt_heap_escrow                         0x0800f147   Thumb Code     2  heapauxi.o(.text)
    __rt_heap_expand                         0x0800f149   Thumb Code     2  heapauxi.o(.text)
    malloc                                   0x0800f14b   Thumb Code    94  h1_alloc.o(.text)
    _printf_int_common                       0x0800f1a9   Thumb Code   184  _printf_intcommon.o(.text)
    _printf_char_common                      0x0800f26b   Thumb Code    32  _printf_char_common.o(.text)
    _sputc                                   0x0800f291   Thumb Code    10  _sputc.o(.text)
    _printf_cs_common                        0x0800f29b   Thumb Code    20  _printf_char.o(.text)
    _printf_char                             0x0800f2af   Thumb Code    16  _printf_char.o(.text)
    _printf_string                           0x0800f2bf   Thumb Code     8  _printf_char.o(.text)
    _chval                                   0x0800f2c7   Thumb Code    28  _chval.o(.text)
    __vfscanf_char                           0x0800f2f1   Thumb Code    24  scanf_char.o(.text)
    _sgetc                                   0x0800f311   Thumb Code    30  _sgetc.o(.text)
    _sbackspace                              0x0800f32f   Thumb Code    34  _sgetc.o(.text)
    __aeabi_memclr                           0x0800f351   Thumb Code     0  rt_memclr.o(.text)
    __rt_memclr                              0x0800f351   Thumb Code    68  rt_memclr.o(.text)
    _memset                                  0x0800f355   Thumb Code     0  rt_memclr.o(.text)
    __rt_heap_descriptor                     0x0800f395   Thumb Code     8  rt_heap_descriptor_intlibspace.o(.text)
    __use_no_heap                            0x0800f39d   Thumb Code     2  hguard.o(.text)
    __heap$guard                             0x0800f39f   Thumb Code     2  hguard.o(.text)
    _terminate_user_alloc                    0x0800f3a1   Thumb Code     2  init_alloc.o(.text)
    _init_user_alloc                         0x0800f3a3   Thumb Code     2  init_alloc.o(.text)
    __Heap_Full                              0x0800f3a5   Thumb Code    34  init_alloc.o(.text)
    __Heap_Broken                            0x0800f3c7   Thumb Code     6  init_alloc.o(.text)
    _init_alloc                              0x0800f3cd   Thumb Code    94  init_alloc.o(.text)
    __Heap_Initialize                        0x0800f42b   Thumb Code    10  h1_init.o(.text)
    __Heap_DescSize                          0x0800f435   Thumb Code     4  h1_init.o(.text)
    free                                     0x0800f439   Thumb Code    78  h1_free.o(.text)
    isspace                                  0x0800f487   Thumb Code    18  isspace.o(.text)
    __vfscanf                                0x0800f499   Thumb Code   876  _scanf.o(.text)
    __user_libspace                          0x0800f809   Thumb Code     8  libspace.o(.text)
    __user_perproc_libspace                  0x0800f809   Thumb Code     0  libspace.o(.text)
    __user_perthread_libspace                0x0800f809   Thumb Code     0  libspace.o(.text)
    __user_setup_stackheap                   0x0800f811   Thumb Code    74  sys_stackheap_outer.o(.text)
    __rt_ctype_table                         0x0800f85d   Thumb Code    16  rt_ctype_table.o(.text)
    __Heap_ProvideMemory                     0x0800f86d   Thumb Code    52  h1_extend.o(.text)
    exit                                     0x0800f8a1   Thumb Code    12  exit.o(.text)
    __rt_SIGRTMEM                            0x0800f8ad   Thumb Code    14  defsig_rtmem_outer.o(.text)
    __I$use$semihosting                      0x0800f8bb   Thumb Code     0  use_no_semi.o(.text)
    __use_no_semihosting_swi                 0x0800f8bb   Thumb Code     2  use_no_semi.o(.text)
    __rt_locale                              0x0800f8bd   Thumb Code     8  rt_locale_intlibspace.o(.text)
    __semihosting_library_function           0x0800f8bd   Thumb Code     0  indicate_semi.o(.text)
    __sig_exit                               0x0800f8c5   Thumb Code    10  defsig_exit.o(.text)
    __rt_SIGRTMEM_inner                      0x0800f8d1   Thumb Code    22  defsig_rtmem_inner.o(.text)
    _sys_exit                                0x0800f921   Thumb Code     8  sys_exit.o(.text)
    __default_signal_display                 0x0800f92d   Thumb Code    50  defsig_general.o(.text)
    _ttywrch                                 0x0800f95f   Thumb Code    14  sys_wrch.o(.text)
    _is_digit                                0x0800f96d   Thumb Code    14  __printf_wp.o(i._is_digit)
    _get_lc_ctype                            0x0800f97d   Thumb Code    44  lc_ctype_c.o(locale$$code)
    __aeabi_fadd                             0x0800f9a9   Thumb Code     0  faddsub_clz.o(x$fpl$fadd)
    _fadd                                    0x0800f9a9   Thumb Code   196  faddsub_clz.o(x$fpl$fadd)
    __aeabi_fdiv                             0x0800fa6d   Thumb Code     0  fdiv.o(x$fpl$fdiv)
    _fdiv                                    0x0800fa6d   Thumb Code   384  fdiv.o(x$fpl$fdiv)
    __aeabi_f2iz                             0x0800fbf1   Thumb Code     0  ffix.o(x$fpl$ffix)
    _ffix                                    0x0800fbf1   Thumb Code    54  ffix.o(x$fpl$ffix)
    __aeabi_f2uiz                            0x0800fc29   Thumb Code     0  ffixu.o(x$fpl$ffixu)
    _ffixu                                   0x0800fc29   Thumb Code    62  ffixu.o(x$fpl$ffixu)
    __aeabi_i2f                              0x0800fc69   Thumb Code     0  fflt_clz.o(x$fpl$fflt)
    _fflt                                    0x0800fc69   Thumb Code    48  fflt_clz.o(x$fpl$fflt)
    __aeabi_ui2f                             0x0800fc99   Thumb Code     0  fflt_clz.o(x$fpl$ffltu)
    _ffltu                                   0x0800fc99   Thumb Code    38  fflt_clz.o(x$fpl$ffltu)
    __aeabi_fmul                             0x0800fcc1   Thumb Code     0  fmul.o(x$fpl$fmul)
    _fmul                                    0x0800fcc1   Thumb Code   258  fmul.o(x$fpl$fmul)
    __fpl_fnaninf                            0x0800fdc3   Thumb Code   140  fnaninf.o(x$fpl$fnaninf)
    __fpl_fretinf                            0x0800fe4f   Thumb Code    10  fretinf.o(x$fpl$fretinf)
    __aeabi_fsub                             0x0800fe59   Thumb Code     0  faddsub_clz.o(x$fpl$fsub)
    _fsub                                    0x0800fe59   Thumb Code   234  faddsub_clz.o(x$fpl$fsub)
    __I$use$fp                               0x0800ff42   Number         0  usenofp.o(x$fpl$usenofp)
    asc_1206                                 0x0800ffa7   Data        1140  ascii.o(.constdata)
    asc_1608                                 0x0801041b   Data        1520  ascii.o(.constdata)
    asc_2412                                 0x08010a0b   Data        3420  ascii.o(.constdata)
    CnChar24x24                              0x08011767   Data        2220  font.o(.constdata)
    FILE_TYPE_TBL                            0x0803d0d8   Data         112  fatfs_app.o(.constdata)
    memtblsize                               0x0803d184   Data           8  malloc.o(.constdata)
    memblksize                               0x0803d18c   Data           8  malloc.o(.constdata)
    memsize                                  0x0803d194   Data           8  malloc.o(.constdata)
    gImage_shizhong                          0x0803d19c   Data        8192  picture.o(.constdata)
    gImage_deng                              0x0803f19c   Data        8192  picture.o(.constdata)
    gImage_jishiben                          0x0804119c   Data        8192  picture.o(.constdata)
    gImage_music                             0x0804319c   Data        8192  picture.o(.constdata)
    gImage_wendu                             0x0804519c   Data        8192  picture.o(.constdata)
    gImage_save                              0x0804719c   Data        1152  picture.o(.constdata)
    gImage_back                              0x0804761c   Data         960  picture.o(.constdata)
    gImage_hide                              0x080479dc   Data        1152  picture.o(.constdata)
    gImage_add                               0x08047e5c   Data         960  picture.o(.constdata)
    gImage_ON                                0x0804821c   Data        2304  picture.o(.constdata)
    gImage_OFF                               0x08048b1c   Data        2304  picture.o(.constdata)
    gImage_next                              0x0804941c   Data        4608  picture.o(.constdata)
    gImage_last                              0x0804a61c   Data        4608  picture.o(.constdata)
    gImage_start                             0x0804b81c   Data        4608  picture.o(.constdata)
    gImage_stop                              0x0804ca1c   Data        4608  picture.o(.constdata)
    gImage_rise                              0x0804dc1c   Data        2304  picture.o(.constdata)
    gImage_down                              0x0804e51c   Data        2304  picture.o(.constdata)
    Region$$Table$$Base                      0x0804ee90   Number         0  anon$$obj.o(Region$$Table)
    Region$$Table$$Limit                     0x0804eeb0   Number         0  anon$$obj.o(Region$$Table)
    __ctype                                  0x0804eebd   Data           0  lc_ctype_c.o(locale$$data)
    x                                        0x20000000   Data           1  led.o(.data)
    LED_Flag                                 0x20000001   Data           1  led.o(.data)
    pKeyInit                                 0x20000004   Data           4  keyboard.o(.data)
    CAPSLK_iFlag                             0x20000008   Data           1  keyboard.o(.data)
    HIDE_FLAG                                0x20000009   Data           1  keyboard.o(.data)
    Cursor_x                                 0x2000000a   Data           2  keyboard.o(.data)
    Cursor_y                                 0x2000000c   Data           2  keyboard.o(.data)
    Cursor_Flag                              0x2000000e   Data           1  keyboard.o(.data)
    Main_iFlag                               0x2000000f   Data           1  my_view.o(.data)
    Wendu_Flag                               0x20000010   Data           1  my_function.o(.data)
    pMainEvents                              0x20000014   Data           4  my_function.o(.data)
    pTxt                                     0x20000018   Data           4  my_function.o(.data)
    pTemperature                             0x2000001c   Data           4  my_function.o(.data)
    pMusic                                   0x20000020   Data           4  my_function.o(.data)
    pMusicRename                             0x20000024   Data           4  my_function.o(.data)
    pColock                                  0x20000028   Data           4  my_function.o(.data)
    pChangeColock                            0x2000002c   Data           4  my_function.o(.data)
    Exit_Flag                                0x20000030   Data           1  my_function.o(.data)
    Clock_num                                0x20000031   Data           1  colock.o(.data)
    Clock_Sava                               0x20000032   Data           1  colock.o(.data)
    NameNum                                  0x20000034   Data           1  my_music.o(.data)
    Keyboard_Music                           0x20000035   Data           1  my_music.o(.data)
    Musicnum                                 0x20000036   Data           1  my_music.o(.data)
    Musicnum2                                0x20000037   Data           1  my_music.o(.data)
    MusicPlay                                0x20000038   Data           1  my_music.o(.data)
    MusicExit                                0x20000039   Data           1  my_music.o(.data)
    VolumeNum                                0x2000003c   Data           4  my_music.o(.data)
    Direction                                0x20000040   Data           1  game_snake.o(.data)
    Snake_x                                  0x20000041   Data           1  game_snake.o(.data)
    Snake_y                                  0x20000042   Data           1  game_snake.o(.data)
    DrawFlag                                 0x20000043   Data           1  game_snake.o(.data)
    FRONT_COLOR                              0x20000048   Data           2  tftlcd.o(.data)
    BACK_COLOR                               0x2000004a   Data           2  tftlcd.o(.data)
    tftlcd_data                              0x2000004c   Data           8  tftlcd.o(.data)
    Touch_iFlag                              0x20000068   Data           1  touch.o(.data)
    TouchData                                0x2000006a   Data           8  touch.o(.data)
    Time_Set                                 0x20000074   Data           8  usart1.o(.data)
    ch                                       0x2000007c   Data           1  usart1.o(.data)
    pStr                                     0x20000080   Data           4  usart1.o(.data)
    table_week                               0x20000084   Data          12  rrtc.o(.data)
    mon_table                                0x20000090   Data          12  rrtc.o(.data)
    calendar                                 0x2000009e   Data           8  rrtc.o(.data)
    FLASH_SECTOR_COUNT                       0x200000a6   Data           2  diskio.o(.data)
    file                                     0x200000a8   Data           4  fatfs_app.o(.data)
    ftemp                                    0x200000ac   Data           4  fatfs_app.o(.data)
    br                                       0x200000b0   Data           4  fatfs_app.o(.data)
    bw                                       0x200000b4   Data           4  fatfs_app.o(.data)
    fatbuf                                   0x200000b8   Data           4  fatfs_app.o(.data)
    EN25QXX_TYPE                             0x200000be   Data           2  flash.o(.data)
    malloc_cortol                            0x200000c0   Data          28  malloc.o(.data)
    MP3_Volume                               0x200000dc   Data           1  mp3player.o(.data)
    SD_Type                                  0x200000dd   Data           1  sd.o(.data)
    My_Colock                                0x200000e0   Data          36  colock.o(.bss)
    My_ColockSava                            0x20000104   Data          12  colock.o(.bss)
    My_Music                                 0x20000110   Data         760  my_music.o(.bss)
    My_Music2                                0x20000408   Data         760  my_music.o(.bss)
    MusicName                                0x20000700   Data          20  my_music.o(.bss)
    IRQ_Events                               0x20000714   Data         480  irq.o(.bss)
    SoftTime_Events                          0x20000904   Data          80  time_irq.o(.bss)
    CmdStr                                   0x20000954   Data          32  usart1.o(.bss)
    string                                   0x20000974   Data         200  usart1.o(.bss)
    T_H_acbuf                                0x20000a3c   Data          20  dht11.o(.bss)
    Tem                                      0x20000a50   Data          20  dht11.o(.bss)
    My_Tem                                   0x20000a64   Data          10  dht11.o(.bss)
    My_Hum                                   0x20000a6e   Data          10  dht11.o(.bss)
    DHT11_tem                                0x20000a78   Data          10  dht11.o(.bss)
    DHT11_hum                                0x20000a82   Data          10  dht11.o(.bss)
    fs                                       0x20000b8c   Data          12  fatfs_app.o(.bss)
    fileinfo                                 0x20000b98   Data          32  fatfs_app.o(.bss)
    dir                                      0x20000bb8   Data          36  fatfs_app.o(.bss)
    EN25QXX_BUFFER                           0x20000be8   Data        4096  flash.o(.bss)
    mem1base                                 0x20001c00   Data       40960  malloc.o(.bss)
    mem1mapbase                              0x2000bc00   Data        2560  malloc.o(.bss)
    __libspace_start                         0x2000c600   Data          96  libspace.o(.bss)
    __temporary_stack_top$libspace           0x2000c660   Data           0  libspace.o(.bss)
    mem2base                                 0x68000000   Data       983040  malloc.o(.ARM.__AT_0x68000000)
    mem2mapbase                              0x680f0000   Data       61440  malloc.o(.ARM.__AT_0x680F0000)



==============================================================================

Memory Map of the image

  Image Entry point : 0x080001fd

  Load Region LR_1 (Base: 0x08000000, Size: 0x0004f0a0, Max: 0xffffffff, ABSOLUTE)

    Execution Region ER_RO (Base: 0x08000000, Size: 0x0004efc0, Max: 0xffffffff, ABSOLUTE)

    Base Addr    Size         Type   Attr      Idx    E Section Name        Object

    0x08000000   0x00000130   Data   RO            3    RESET               startup_stm32f10x_hd.o
    0x08000130   0x00000008   Code   RO         1332  * !!!main             c_w.l(__main.o)
    0x08000138   0x00000034   Code   RO         1656    !!!scatter          c_w.l(__scatter.o)
    0x0800016c   0x0000001a   Code   RO         1658    !!handler_copy      c_w.l(__scatter_copy.o)
    0x08000186   0x00000002   PAD
    0x08000188   0x0000001c   Code   RO         1660    !!handler_zi        c_w.l(__scatter_zi.o)
    0x080001a4   0x00000000   Code   RO         1305    .ARM.Collect$$_printf_percent$$00000000  c_w.l(_printf_percent.o)
    0x080001a4   0x00000006   Code   RO         1304    .ARM.Collect$$_printf_percent$$00000009  c_w.l(_printf_d.o)
    0x080001aa   0x00000006   Code   RO         1303    .ARM.Collect$$_printf_percent$$0000000C  c_w.l(_printf_x.o)
    0x080001b0   0x00000006   Code   RO         1302    .ARM.Collect$$_printf_percent$$00000014  c_w.l(_printf_s.o)
    0x080001b6   0x00000004   Code   RO         1425    .ARM.Collect$$_printf_percent$$00000017  c_w.l(_printf_percent_end.o)
    0x080001ba   0x00000002   Code   RO         1571    .ARM.Collect$$libinit$$00000000  c_w.l(libinit.o)
    0x080001bc   0x00000000   Code   RO         1496    .ARM.Collect$$libinit$$00000002  c_w.l(libinit2.o)
    0x080001bc   0x00000008   Code   RO         1497    .ARM.Collect$$libinit$$00000003  c_w.l(libinit2.o)
    0x080001c4   0x00000000   Code   RO         1499    .ARM.Collect$$libinit$$00000008  c_w.l(libinit2.o)
    0x080001c4   0x00000000   Code   RO         1501    .ARM.Collect$$libinit$$0000000A  c_w.l(libinit2.o)
    0x080001c4   0x00000000   Code   RO         1503    .ARM.Collect$$libinit$$0000000C  c_w.l(libinit2.o)
    0x080001c4   0x00000006   Code   RO         1504    .ARM.Collect$$libinit$$0000000D  c_w.l(libinit2.o)
    0x080001ca   0x00000000   Code   RO         1506    .ARM.Collect$$libinit$$0000000F  c_w.l(libinit2.o)
    0x080001ca   0x0000000c   Code   RO         1507    .ARM.Collect$$libinit$$00000010  c_w.l(libinit2.o)
    0x080001d6   0x00000000   Code   RO         1508    .ARM.Collect$$libinit$$00000011  c_w.l(libinit2.o)
    0x080001d6   0x00000000   Code   RO         1510    .ARM.Collect$$libinit$$00000013  c_w.l(libinit2.o)
    0x080001d6   0x00000000   Code   RO         1512    .ARM.Collect$$libinit$$00000015  c_w.l(libinit2.o)
    0x080001d6   0x00000000   Code   RO         1514    .ARM.Collect$$libinit$$00000017  c_w.l(libinit2.o)
    0x080001d6   0x00000000   Code   RO         1516    .ARM.Collect$$libinit$$00000019  c_w.l(libinit2.o)
    0x080001d6   0x00000000   Code   RO         1518    .ARM.Collect$$libinit$$0000001B  c_w.l(libinit2.o)
    0x080001d6   0x00000000   Code   RO         1520    .ARM.Collect$$libinit$$0000001D  c_w.l(libinit2.o)
    0x080001d6   0x00000000   Code   RO         1522    .ARM.Collect$$libinit$$0000001F  c_w.l(libinit2.o)
    0x080001d6   0x00000000   Code   RO         1524    .ARM.Collect$$libinit$$00000021  c_w.l(libinit2.o)
    0x080001d6   0x00000000   Code   RO         1526    .ARM.Collect$$libinit$$00000023  c_w.l(libinit2.o)
    0x080001d6   0x00000000   Code   RO         1530    .ARM.Collect$$libinit$$0000002A  c_w.l(libinit2.o)
    0x080001d6   0x00000000   Code   RO         1532    .ARM.Collect$$libinit$$0000002C  c_w.l(libinit2.o)
    0x080001d6   0x00000000   Code   RO         1534    .ARM.Collect$$libinit$$0000002E  c_w.l(libinit2.o)
    0x080001d6   0x00000000   Code   RO         1536    .ARM.Collect$$libinit$$00000030  c_w.l(libinit2.o)
    0x080001d6   0x00000002   Code   RO         1537    .ARM.Collect$$libinit$$00000031  c_w.l(libinit2.o)
    0x080001d8   0x00000002   Code   RO         1637    .ARM.Collect$$libshutdown$$00000000  c_w.l(libshutdown.o)
    0x080001da   0x00000000   Code   RO         1618    .ARM.Collect$$libshutdown$$00000003  c_w.l(libshutdown2.o)
    0x080001da   0x00000000   Code   RO         1621    .ARM.Collect$$libshutdown$$00000006  c_w.l(libshutdown2.o)
    0x080001da   0x00000000   Code   RO         1624    .ARM.Collect$$libshutdown$$00000009  c_w.l(libshutdown2.o)
    0x080001da   0x00000000   Code   RO         1626    .ARM.Collect$$libshutdown$$0000000B  c_w.l(libshutdown2.o)
    0x080001da   0x00000000   Code   RO         1629    .ARM.Collect$$libshutdown$$0000000E  c_w.l(libshutdown2.o)
    0x080001da   0x00000002   Code   RO         1630    .ARM.Collect$$libshutdown$$0000000F  c_w.l(libshutdown2.o)
    0x080001dc   0x00000000   Code   RO         1360    .ARM.Collect$$rtentry$$00000000  c_w.l(rtentry.o)
    0x080001dc   0x00000000   Code   RO         1442    .ARM.Collect$$rtentry$$00000002  c_w.l(rtentry2.o)
    0x080001dc   0x00000006   Code   RO         1454    .ARM.Collect$$rtentry$$00000004  c_w.l(rtentry4.o)
    0x080001e2   0x00000000   Code   RO         1444    .ARM.Collect$$rtentry$$00000009  c_w.l(rtentry2.o)
    0x080001e2   0x00000004   Code   RO         1445    .ARM.Collect$$rtentry$$0000000A  c_w.l(rtentry2.o)
    0x080001e6   0x00000000   Code   RO         1447    .ARM.Collect$$rtentry$$0000000C  c_w.l(rtentry2.o)
    0x080001e6   0x00000008   Code   RO         1448    .ARM.Collect$$rtentry$$0000000D  c_w.l(rtentry2.o)
    0x080001ee   0x00000002   Code   RO         1577    .ARM.Collect$$rtexit$$00000000  c_w.l(rtexit.o)
    0x080001f0   0x00000000   Code   RO         1602    .ARM.Collect$$rtexit$$00000002  c_w.l(rtexit2.o)
    0x080001f0   0x00000004   Code   RO         1603    .ARM.Collect$$rtexit$$00000003  c_w.l(rtexit2.o)
    0x080001f4   0x00000006   Code   RO         1604    .ARM.Collect$$rtexit$$00000004  c_w.l(rtexit2.o)
    0x080001fa   0x00000002   PAD
    0x080001fc   0x00000000   Code   RO         1549    .emb_text           c_w.l(maybetermalloc1.o)
    0x080001fc   0x00000040   Code   RO            4  * .text               startup_stm32f10x_hd.o
    0x0800023c   0x00000040   Code   RO           12    .text               main.o
    0x0800027c   0x000002b0   Code   RO          193    .text               led.o
    0x0800052c   0x000000cc   Code   RO          216    .text               buzzer.o
    0x080005f8   0x0000196c   Code   RO          236    .text               keyboard.o
    0x08001f64   0x0000049c   Code   RO          278    .text               my_view.o
    0x08002400   0x000006c8   Code   RO          328    .text               boot_test.o
    0x08002ac8   0x00000090   Code   RO          348    .text               my_init.o
    0x08002b58   0x000007ec   Code   RO          368    .text               my_function.o
    0x08003344   0x00000bd8   Code   RO          394    .text               colock.o
    0x08003f1c   0x00001518   Code   RO          425    .text               my_music.o
    0x08005434   0x00000080   Code   RO          465    .text               system_init.o
    0x080054b4   0x000000bc   Code   RO          511    .text               systick.o
    0x08005570   0x00000d8c   Code   RO          557    .text               tftlcd.o
    0x080062fc   0x000003c4   Code   RO          583    .text               stm32f10x_rcc.o
    0x080066c0   0x00000358   Code   RO          605    .text               stm32f10x_gpio.o
    0x08006a18   0x00000618   Code   RO          625    .text               stm32f10x_fsmc.o
    0x08007030   0x0000049c   Code   RO          645    .text               irq.o
    0x080074cc   0x0000017a   Code   RO          671    .text               24cxx.o
    0x08007646   0x00000002   PAD
    0x08007648   0x00000248   Code   RO          697    .text               iic.o
    0x08007890   0x000001c0   Code   RO          717    .text               spi.o
    0x08007a50   0x0000030c   Code   RO          743    .text               stm32f10x_spi.o
    0x08007d5c   0x000004b0   Code   RO          763    .text               touch.o
    0x0800820c   0x000001c8   Code   RO          790    .text               time_irq.o
    0x080083d4   0x00000b18   Code   RO          816    .text               usart1.o
    0x08008eec   0x000005d4   Code   RO          852    .text               rrtc.o
    0x080094c0   0x00000144   Code   RO          878    .text               stm32f10x_rtc.o
    0x08009604   0x00000334   Code   RO          901    .text               dht11.o
    0x08009938   0x000000d8   Code   RO          942    .text               cc936.o
    0x08009a10   0x00000200   Code   RO          958    .text               diskio.o
    0x08009c10   0x0000024c   Code   RO          988    .text               fatfs_app.o
    0x08009e5c   0x00003300   Code   RO         1015    .text               ff.o
    0x0800d15c   0x000003c4   Code   RO         1036    .text               flash.o
    0x0800d520   0x00000228   Code   RO         1063    .text               malloc.o
    0x0800d748   0x000003d0   Code   RO         1093    .text               mp3player.o
    0x0800db18   0x000000c4   Code   RO         1126    .text               music.o
    0x0800dbdc   0x0000056c   Code   RO         1146    .text               sd.o
    0x0800e148   0x000003dc   Code   RO         1195    .text               vs10xx.o
    0x0800e524   0x00000428   Code   RO         1215    .text               font_show.o
    0x0800e94c   0x00000028   Code   RO         1247    .text               c_w.l(calloc.o)
    0x0800e974   0x00000028   Code   RO         1251    .text               c_w.l(noretval__2sprintf.o)
    0x0800e99c   0x00000052   Code   RO         1255    .text               c_w.l(_printf_pad.o)
    0x0800e9ee   0x00000052   Code   RO         1257    .text               c_w.l(_printf_str.o)
    0x0800ea40   0x00000078   Code   RO         1259    .text               c_w.l(_printf_dec.o)
    0x0800eab8   0x0000005c   Code   RO         1264    .text               c_w.l(_printf_hex_int.o)
    0x0800eb14   0x0000013c   Code   RO         1294    .text               c_w.l(__printf_flags_wp.o)
    0x0800ec50   0x0000003c   Code   RO         1306    .text               c_w.l(__0sscanf.o)
    0x0800ec8c   0x00000150   Code   RO         1308    .text               c_w.l(_scanf_int.o)
    0x0800eddc   0x000000da   Code   RO         1310    .text               c_w.l(_scanf_str.o)
    0x0800eeb6   0x00000024   Code   RO         1312    .text               c_w.l(strstr.o)
    0x0800eeda   0x00000048   Code   RO         1314    .text               c_w.l(strcpy.o)
    0x0800ef22   0x0000003e   Code   RO         1316    .text               c_w.l(strlen.o)
    0x0800ef60   0x00000018   Code   RO         1318    .text               c_w.l(strcat.o)
    0x0800ef78   0x0000008a   Code   RO         1320    .text               c_w.l(rt_memcpy_v6.o)
    0x0800f002   0x00000064   Code   RO         1322    .text               c_w.l(rt_memcpy_w.o)
    0x0800f066   0x00000010   Code   RO         1324    .text               c_w.l(aeabi_memset.o)
    0x0800f076   0x0000004e   Code   RO         1326    .text               c_w.l(rt_memclr_w.o)
    0x0800f0c4   0x00000080   Code   RO         1328    .text               c_w.l(strcmpv7m.o)
    0x0800f144   0x00000006   Code   RO         1330    .text               c_w.l(heapauxi.o)
    0x0800f14a   0x0000005e   Code   RO         1363    .text               c_w.l(h1_alloc.o)
    0x0800f1a8   0x000000b8   Code   RO         1417    .text               c_w.l(_printf_intcommon.o)
    0x0800f260   0x00000030   Code   RO         1419    .text               c_w.l(_printf_char_common.o)
    0x0800f290   0x0000000a   Code   RO         1421    .text               c_w.l(_sputc.o)
    0x0800f29a   0x0000002c   Code   RO         1423    .text               c_w.l(_printf_char.o)
    0x0800f2c6   0x0000001c   Code   RO         1426    .text               c_w.l(_chval.o)
    0x0800f2e2   0x00000002   PAD
    0x0800f2e4   0x0000002c   Code   RO         1428    .text               c_w.l(scanf_char.o)
    0x0800f310   0x00000040   Code   RO         1430    .text               c_w.l(_sgetc.o)
    0x0800f350   0x00000044   Code   RO         1432    .text               c_w.l(rt_memclr.o)
    0x0800f394   0x00000008   Code   RO         1459    .text               c_w.l(rt_heap_descriptor_intlibspace.o)
    0x0800f39c   0x00000004   Code   RO         1461    .text               c_w.l(hguard.o)
    0x0800f3a0   0x0000008a   Code   RO         1463    .text               c_w.l(init_alloc.o)
    0x0800f42a   0x0000000e   Code   RO         1469    .text               c_w.l(h1_init.o)
    0x0800f438   0x0000004e   Code   RO         1471    .text               c_w.l(h1_free.o)
    0x0800f486   0x00000012   Code   RO         1487    .text               c_w.l(isspace.o)
    0x0800f498   0x00000370   Code   RO         1491    .text               c_w.l(_scanf.o)
    0x0800f808   0x00000008   Code   RO         1540    .text               c_w.l(libspace.o)
    0x0800f810   0x0000004a   Code   RO         1543    .text               c_w.l(sys_stackheap_outer.o)
    0x0800f85a   0x00000002   PAD
    0x0800f85c   0x00000010   Code   RO         1545    .text               c_w.l(rt_ctype_table.o)
    0x0800f86c   0x00000034   Code   RO         1551    .text               c_w.l(h1_extend.o)
    0x0800f8a0   0x0000000c   Code   RO         1555    .text               c_w.l(exit.o)
    0x0800f8ac   0x0000000e   Code   RO         1557    .text               c_w.l(defsig_rtmem_outer.o)
    0x0800f8ba   0x00000002   Code   RO         1574    .text               c_w.l(use_no_semi.o)
    0x0800f8bc   0x00000000   Code   RO         1576    .text               c_w.l(indicate_semi.o)
    0x0800f8bc   0x00000008   Code   RO         1584    .text               c_w.l(rt_locale_intlibspace.o)
    0x0800f8c4   0x0000000a   Code   RO         1591    .text               c_w.l(defsig_exit.o)
    0x0800f8ce   0x00000002   PAD
    0x0800f8d0   0x00000050   Code   RO         1593    .text               c_w.l(defsig_rtmem_inner.o)
    0x0800f920   0x0000000c   Code   RO         1599    .text               c_w.l(sys_exit.o)
    0x0800f92c   0x00000032   Code   RO         1614    .text               c_w.l(defsig_general.o)
    0x0800f95e   0x0000000e   Code   RO         1631    .text               c_w.l(sys_wrch.o)
    0x0800f96c   0x0000000e   Code   RO         1292    i._is_digit         c_w.l(__printf_wp.o)
    0x0800f97a   0x00000002   PAD
    0x0800f97c   0x0000002c   Code   RO         1589    locale$$code        c_w.l(lc_ctype_c.o)
    0x0800f9a8   0x000000c4   Code   RO         1334    x$fpl$fadd          fz_ws.l(faddsub_clz.o)
    0x0800fa6c   0x00000184   Code   RO         1341    x$fpl$fdiv          fz_ws.l(fdiv.o)
    0x0800fbf0   0x00000036   Code   RO         1344    x$fpl$ffix          fz_ws.l(ffix.o)
    0x0800fc26   0x00000002   PAD
    0x0800fc28   0x0000003e   Code   RO         1348    x$fpl$ffixu         fz_ws.l(ffixu.o)
    0x0800fc66   0x00000002   PAD
    0x0800fc68   0x00000030   Code   RO         1353    x$fpl$fflt          fz_ws.l(fflt_clz.o)
    0x0800fc98   0x00000026   Code   RO         1352    x$fpl$ffltu         fz_ws.l(fflt_clz.o)
    0x0800fcbe   0x00000002   PAD
    0x0800fcc0   0x00000102   Code   RO         1358    x$fpl$fmul          fz_ws.l(fmul.o)
    0x0800fdc2   0x0000008c   Code   RO         1434    x$fpl$fnaninf       fz_ws.l(fnaninf.o)
    0x0800fe4e   0x0000000a   Code   RO         1436    x$fpl$fretinf       fz_ws.l(fretinf.o)
    0x0800fe58   0x000000ea   Code   RO         1336    x$fpl$fsub          fz_ws.l(faddsub_clz.o)
    0x0800ff42   0x00000000   Code   RO         1438    x$fpl$usenofp       fz_ws.l(usenofp.o)
    0x0800ff42   0x00000002   PAD
    0x0800ff44   0x00000051   Data   RO          237    .constdata          keyboard.o
    0x0800ff95   0x00000003   PAD
    0x0800ff98   0x0000000f   Data   RO          427    .constdata          my_music.o
    0x0800ffa7   0x000017c0   Data   RO          531    .constdata          ascii.o
    0x08011767   0x000008ac   Data   RO          543    .constdata          font.o
    0x08012013   0x00000001   PAD
    0x08012014   0x00000004   Data   RO          818    .constdata          usart1.o
    0x08012018   0x0002b0c0   Data   RO          943    .constdata          cc936.o
    0x0803d0d8   0x00000070   Data   RO          990    .constdata          fatfs_app.o
    0x0803d148   0x0000003a   Data   RO         1017    .constdata          ff.o
    0x0803d182   0x00000002   PAD
    0x0803d184   0x00000018   Data   RO         1067    .constdata          malloc.o
    0x0803d19c   0x00011c80   Data   RO         1233    .constdata          picture.o
    0x0804ee1c   0x00000028   Data   RO         1265    .constdata          c_w.l(_printf_hex_int.o)
    0x0804ee44   0x00000011   Data   RO         1295    .constdata          c_w.l(__printf_flags_wp.o)
    0x0804ee55   0x00000038   Data   RO          991    .conststring        fatfs_app.o
    0x0804ee8d   0x00000003   PAD
    0x0804ee90   0x00000020   Data   RO         1654    Region$$Table       anon$$obj.o
    0x0804eeb0   0x00000110   Data   RO         1588    locale$$data        c_w.l(lc_ctype_c.o)


    Execution Region ER_RW (Base: 0x20000000, Size: 0x000000e0, Max: 0xffffffff, ABSOLUTE)

    Base Addr    Size         Type   Attr      Idx    E Section Name        Object

    0x20000000   0x00000002   Data   RW          194    .data               led.o
    0x20000002   0x00000002   PAD
    0x20000004   0x0000000b   Data   RW          238    .data               keyboard.o
    0x2000000f   0x00000001   Data   RW          279    .data               my_view.o
    0x20000010   0x00000021   Data   RW          369    .data               my_function.o
    0x20000031   0x00000002   Data   RW          396    .data               colock.o
    0x20000033   0x00000001   PAD
    0x20000034   0x0000000c   Data   RW          428    .data               my_music.o
    0x20000040   0x00000004   Data   RW          486    .data               game_snake.o
    0x20000044   0x00000004   Data   RW          512    .data               systick.o
    0x20000048   0x0000000c   Data   RW          558    .data               tftlcd.o
    0x20000054   0x00000014   Data   RW          584    .data               stm32f10x_rcc.o
    0x20000068   0x0000000a   Data   RW          765    .data               touch.o
    0x20000072   0x00000002   PAD
    0x20000074   0x00000010   Data   RW          819    .data               usart1.o
    0x20000084   0x00000022   Data   RW          853    .data               rrtc.o
    0x200000a6   0x00000002   Data   RW          959    .data               diskio.o
    0x200000a8   0x00000014   Data   RW          992    .data               fatfs_app.o
    0x200000bc   0x00000002   Data   RW         1018    .data               ff.o
    0x200000be   0x00000002   Data   RW         1038    .data               flash.o
    0x200000c0   0x0000001c   Data   RW         1068    .data               malloc.o
    0x200000dc   0x00000001   Data   RW         1094    .data               mp3player.o
    0x200000dd   0x00000001   Data   RW         1147    .data               sd.o


    Execution Region ER_ZI (Base: 0x200000e0, Size: 0x0000ef80, Max: 0xffffffff, ABSOLUTE)

    Base Addr    Size         Type   Attr      Idx    E Section Name        Object

    0x200000e0   0x00000030   Zero   RW          395    .bss                colock.o
    0x20000110   0x00000604   Zero   RW          426    .bss                my_music.o
    0x20000714   0x000001e0   Zero   RW          646    .bss                irq.o
    0x200008f4   0x00000010   Zero   RW          764    .bss                touch.o
    0x20000904   0x00000050   Zero   RW          791    .bss                time_irq.o
    0x20000954   0x000000e8   Zero   RW          817    .bss                usart1.o
    0x20000a3c   0x00000050   Zero   RW          902    .bss                dht11.o
    0x20000a8c   0x00000150   Zero   RW          989    .bss                fatfs_app.o
    0x20000bdc   0x0000000c   Zero   RW         1016    .bss                ff.o
    0x20000be8   0x00001000   Zero   RW         1037    .bss                flash.o
    0x20001be8   0x00000018   PAD
    0x20001c00   0x0000aa00   Zero   RW         1066    .bss                malloc.o
    0x2000c600   0x00000060   Zero   RW         1541    .bss                c_w.l(libspace.o)
    0x2000c660   0x00001500   Zero   RW            2    HEAP                startup_stm32f10x_hd.o
    0x2000db60   0x00001500   Zero   RW            1    STACK               startup_stm32f10x_hd.o



  Load Region LR$$.ARM.__AT_0x68000000 (Base: 0x68000000, Size: 0x00000000, Max: 0x000f0000, ABSOLUTE)

    Execution Region ER$$.ARM.__AT_0x68000000 (Base: 0x68000000, Size: 0x000f0000, Max: 0x000f0000, ABSOLUTE, UNINIT)

    Base Addr    Size         Type   Attr      Idx    E Section Name        Object

    0x68000000   0x000f0000   Zero   RW         1064    .ARM.__AT_0x68000000  malloc.o



  Load Region LR$$.ARM.__AT_0x680F0000 (Base: 0x680f0000, Size: 0x00000000, Max: 0x0000f000, ABSOLUTE)

    Execution Region ER$$.ARM.__AT_0x680F0000 (Base: 0x680f0000, Size: 0x0000f000, Max: 0x0000f000, ABSOLUTE, UNINIT)

    Base Addr    Size         Type   Attr      Idx    E Section Name        Object

    0x680f0000   0x0000f000   Zero   RW         1065    .ARM.__AT_0x680F0000  malloc.o


==============================================================================

Image component sizes


      Code (inc. data)   RO Data    RW Data    ZI Data      Debug   Object Name

       378          0          0          0          0       2638   24cxx.o
         0          0       6080          0          0        681   ascii.o
      1736        476          0          0          0       1759   boot_test.o
       204          8          0          0          0       1016   buzzer.o
       216         16     176320          0          0       1765   cc936.o
      3032        252          0          2         48       7060   colock.o
       820        172          0          0         80       3718   dht11.o
       512          6          0          2          0       4222   diskio.o
       588         26        168         20        336       3818   fatfs_app.o
     13056        138         58          2         12      34630   ff.o
       964         30          0          2       4096       4386   flash.o
         0          0       2220          0          0        906   font.o
      1064        116          0          0          0       2719   font_show.o
         0          0          0          4          0        357   game_snake.o
       584         20          0          0          0       2139   iic.o
      1180        108          0          0        480       3627   irq.o
      6508        198         81         11          0       8038   keyboard.o
       688         58          0          2          0       2098   led.o
        64         14          0          0          0     240650   main.o
       552         18         24         28    1088000       4655   malloc.o
       976        106          0          1          0       3164   mp3player.o
       196         40          0          0          0       1183   music.o
      2028        284          0         33          0       5578   my_function.o
       144         10          0          0          0        887   my_init.o
      5400        680         15         12       1540      10409   my_music.o
      1180        132          0          1          0       3570   my_view.o
         0          0      72832          0          0       1409   picture.o
      1492         80          0         34          0       4785   rrtc.o
      1388         26          0          1          0       5728   sd.o
       448         18          0          0          0       8572   spi.o
        64         26        304          0      10752        800   startup_stm32f10x_hd.o
      1560         54          0          0          0       5327   stm32f10x_fsmc.o
       856         40          0          0          0       5629   stm32f10x_gpio.o
       964         50          0         20          0       9158   stm32f10x_rcc.o
       324          4          0          0          0       2666   stm32f10x_rtc.o
       780         14          0          0          0       6506   stm32f10x_spi.o
       128          8          0          0          0        489   system_init.o
       188          8          0          4          0       1065   systick.o
      3468         62          0         12          0      12150   tftlcd.o
       456         10          0          0         80       3332   time_irq.o
      1200         44          0         10         16       4322   touch.o
      2840        896          4         16        232      27640   usart1.o
       988         14          0          0          0       3179   vs10xx.o

    ----------------------------------------------------------------------
     59216       4262     258147        224    1105696     458430   Object Totals
         0          0         32          0          0          0   (incl. Generated)
         2          0          9          7         24          0   (incl. Padding)

    ----------------------------------------------------------------------

      Code (inc. data)   RO Data    RW Data    ZI Data      Debug   Library Member Name

        60          8          0          0          0         84   __0sscanf.o
         8          0          0          0          0         68   __main.o
       316          6         17          0          0         92   __printf_flags_wp.o
        14          0          0          0          0         68   __printf_wp.o
        52          8          0          0          0          0   __scatter.o
        26          0          0          0          0          0   __scatter_copy.o
        28          0          0          0          0          0   __scatter_zi.o
        28          0          0          0          0         68   _chval.o
        44          0          0          0          0        108   _printf_char.o
        48          6          0          0          0         96   _printf_char_common.o
         6          0          0          0          0          0   _printf_d.o
       120         18          0          0          0         92   _printf_dec.o
        92          4         40          0          0         88   _printf_hex_int.o
       184          0          0          0          0         88   _printf_intcommon.o
        82          0          0          0          0        108   _printf_pad.o
         0          0          0          0          0          0   _printf_percent.o
         4          0          0          0          0          0   _printf_percent_end.o
         6          0          0          0          0          0   _printf_s.o
        82          0          0          0          0         80   _printf_str.o
         6          0          0          0          0          0   _printf_x.o
       880          4          0          0          0        100   _scanf.o
       336          0          0          0          0         96   _scanf_int.o
       218          0          0          0          0         96   _scanf_str.o
        64          0          0          0          0         84   _sgetc.o
        10          0          0          0          0         68   _sputc.o
        16          0          0          0          0         68   aeabi_memset.o
        40          0          0          0          0         80   calloc.o
        10          0          0          0          0         68   defsig_exit.o
        50          0          0          0          0         88   defsig_general.o
        80         58          0          0          0         76   defsig_rtmem_inner.o
        14          0          0          0          0         80   defsig_rtmem_outer.o
        12          0          0          0          0         72   exit.o
        94          0          0          0          0         80   h1_alloc.o
        52          0          0          0          0         68   h1_extend.o
        78          0          0          0          0         80   h1_free.o
        14          0          0          0          0         84   h1_init.o
         6          0          0          0          0        152   heapauxi.o
         4          0          0          0          0        136   hguard.o
         0          0          0          0          0          0   indicate_semi.o
       138          0          0          0          0        168   init_alloc.o
        18          0          0          0          0         76   isspace.o
        44         10        272          0          0         76   lc_ctype_c.o
         2          0          0          0          0          0   libinit.o
        28          0          0          0          0          0   libinit2.o
         2          0          0          0          0          0   libshutdown.o
         2          0          0          0          0          0   libshutdown2.o
         8          4          0          0         96         68   libspace.o
         0          0          0          0          0          0   maybetermalloc1.o
        40          6          0          0          0         84   noretval__2sprintf.o
        16          4          0          0          0         76   rt_ctype_table.o
         8          4          0          0          0         68   rt_heap_descriptor_intlibspace.o
         8          4          0          0          0         68   rt_locale_intlibspace.o
        68          0          0          0          0         68   rt_memclr.o
        78          0          0          0          0         80   rt_memclr_w.o
       138          0          0          0          0         68   rt_memcpy_v6.o
       100          0          0          0          0         80   rt_memcpy_w.o
         0          0          0          0          0          0   rtentry.o
        12          0          0          0          0          0   rtentry2.o
         6          0          0          0          0          0   rtentry4.o
         2          0          0          0          0          0   rtexit.o
        10          0          0          0          0          0   rtexit2.o
        44          8          0          0          0         84   scanf_char.o
        24          0          0          0          0         68   strcat.o
       128          0          0          0          0         68   strcmpv7m.o
        72          0          0          0          0         80   strcpy.o
        62          0          0          0          0         76   strlen.o
        36          0          0          0          0         80   strstr.o
        12          4          0          0          0         68   sys_exit.o
        74          0          0          0          0         80   sys_stackheap_outer.o
        14          0          0          0          0         76   sys_wrch.o
         2          0          0          0          0         68   use_no_semi.o
       430          8          0          0          0        168   faddsub_clz.o
       388         76          0          0          0         96   fdiv.o
        54          4          0          0          0         84   ffix.o
        62          4          0          0          0         84   ffixu.o
        86          0          0          0          0        136   fflt_clz.o
       258          4          0          0          0         84   fmul.o
       140          4          0          0          0         84   fnaninf.o
        10          0          0          0          0         68   fretinf.o
         0          0          0          0          0          0   usenofp.o

    ----------------------------------------------------------------------
      5828        256        329          0         96       5148   Library Totals
        20          0          0          0          0          0   (incl. Padding)

    ----------------------------------------------------------------------

      Code (inc. data)   RO Data    RW Data    ZI Data      Debug   Library Name

      4380        156        329          0         96       4344   c_w.l
      1428        100          0          0          0        804   fz_ws.l

    ----------------------------------------------------------------------
      5828        256        329          0         96       5148   Library Totals

    ----------------------------------------------------------------------

==============================================================================


      Code (inc. data)   RO Data    RW Data    ZI Data      Debug   

     65044       4518     258476        224    1105792     456922   Grand Totals
     65044       4518     258476        224    1105792     456922   ELF Image Totals
     65044       4518     258476        224          0          0   ROM Totals

==============================================================================

    Total RO  Size (Code + RO Data)               323520 ( 315.94kB)
    Total RW  Size (RW Data + ZI Data)           1106016 (1080.09kB)
    Total ROM Size (Code + RO Data + RW Data)     323744 ( 316.16kB)

==============================================================================

